#
# There is insufficient memory for the Java Runtime Environment to continue.
# Native memory allocation (malloc) failed to allocate 1525080 bytes. Error detail: Chunk::new
# Possible reasons:
#   The system is out of physical RAM or swap space
#   This process is running with CompressedOops enabled, and the Java Heap may be blocking the growth of the native heap
# Possible solutions:
#   Reduce memory load on the system
#   Increase physical memory or swap space
#   Check if swap backing store is full
#   Decrease Java heap size (-Xmx/-Xms)
#   Decrease number of Java threads
#   Decrease Java thread stack sizes (-Xss)
#   Set larger code cache with -XX:ReservedCodeCacheSize=
#   JVM is running with Unscaled Compressed Oops mode in which the Java heap is
#     placed in the first 4GB address space. The Java Heap base address is the
#     maximum limit for the native heap growth. Please use -XX:HeapBaseMinAddress
#     to set the Java Heap base and to place the Java Heap above 4GB virtual address.
# This output file may be truncated or incomplete.
#
#  Out of Memory Error (arena.cpp:186), pid=19296, tid=10648
#
# JRE version: OpenJDK Runtime Environment (25.0.1+8) (build 25.0.1+8-27)
# Java VM: OpenJDK 64-Bit Server VM (25.0.1+8-27, mixed mode, sharing, tiered, compressed oops, compressed class ptrs, g1 gc, windows-amd64)
# No core dump will be written. Minidumps are not enabled by default on client versions of Windows
#

---------------  S U M M A R Y ------------

Command Line: -javaagent:D:\clg project\IntelliJ IDEA\IntelliJ IDEA Community Edition 2025.2\lib\idea_rt.jar=58873 -Dfile.encoding=UTF-8 -Dsun.stdout.encoding=UTF-8 -Dsun.stderr.encoding=UTF-8 startup.backend.StartupTicketingServiceApplication

Host: 12th Gen Intel(R) Core(TM) i5-1235U, 12 cores, 7G,  Windows 11 , 64 bit Build 26100 (10.0.26100.8115)
Time: Wed Apr  8 17:47:59 2026 India Standard Time elapsed time: 109.190450 seconds (0d 0h 1m 49s)

---------------  T H R E A D  ---------------

Current thread (0x0000017fadf31410):  JavaThread "C2 CompilerThread0" daemon [_thread_in_native, id=10648, stack(0x00000063fc600000,0x00000063fc700000) (1024K)]


Current CompileTask:
C2:109191 10134       4       org.springframework.boot.devtools.filewatch.FileSnapshot::<init> (68 bytes)

Stack: [0x00000063fc600000,0x00000063fc700000]
Native frames: (J=compiled Java code, j=interpreted, Vv=VM code, C=native code)
V  [jvm.dll+0x7a6b59]  (no source info available)
V  [jvm.dll+0x77290d]  (no source info available)
V  [jvm.dll+0x966153]  (no source info available)
V  [jvm.dll+0x968751]  (no source info available)
V  [jvm.dll+0x968e53]  (no source info available)
V  [jvm.dll+0x2fc756]  (no source info available)
V  [jvm.dll+0x111b26]  (no source info available)
V  [jvm.dll+0x111e4e]  (no source info available)
V  [jvm.dll+0x1a0a22]  (no source info available)
V  [jvm.dll+0x3b53c2]  (no source info available)
V  [jvm.dll+0x7ac4ef]  (no source info available)
V  [jvm.dll+0x2c0ac7]  (no source info available)
V  [jvm.dll+0x2bfa8f]  (no source info available)
V  [jvm.dll+0x237b60]  (no source info available)
V  [jvm.dll+0x2cfb56]  (no source info available)
V  [jvm.dll+0x2cddd5]  (no source info available)
V  [jvm.dll+0x48e6d1]  (no source info available)
V  [jvm.dll+0x906a0d]  (no source info available)
V  [jvm.dll+0x7a5135]  (no source info available)
C  [ucrtbase.dll+0x37b0]  (no source info available)
C  [KERNEL32.DLL+0x2e8d7]  (no source info available)
C  [ntdll.dll+0x8c3fc]  (no source info available)

Lock stack of current Java thread (top to bottom):


---------------  P R O C E S S  ---------------

Threads class SMR info:
_java_thread_list=0x0000017fae936530, length=37, elements={
0x0000017fadf142f0, 0x0000017fadf14d50, 0x0000017fadf18100, 0x0000017fadf1a080,
0x0000017fadf28090, 0x0000017fadf2ad80, 0x0000017fadf31410, 0x0000017fadf42e10,
0x0000017fae343130, 0x0000017fae5bbfb0, 0x0000017fae5bc770, 0x0000017fb365f850,
0x0000017fb365e0e0, 0x0000017fb5d96440, 0x0000017fb5d97bb0, 0x0000017fb5d96c10,
0x0000017fb3487140, 0x0000017fb3483a90, 0x0000017fb34880e0, 0x0000017fb5d95c70,
0x0000017fb5d9b260, 0x0000017fb36607f0, 0x0000017fb4a4fd90, 0x0000017fb4a53c10,
0x0000017fb4a524a0, 0x0000017fb4a53440, 0x0000017fb4a52c70, 0x0000017fb4a51500,
0x0000017fb4a51cd0, 0x0000017fb4a543e0, 0x0000017fb4a50d30, 0x0000017fb4a55b50,
0x0000017fb5054fc0, 0x0000017fb5053850, 0x0000017fb5054020, 0x0000017fb50576d0,
0x0000017fb5059610
}

Java Threads: ( => current thread )
  0x0000017fadf142f0 JavaThread "Reference Handler"          daemon [_thread_blocked, id=34960, stack(0x00000063fc000000,0x00000063fc100000) (1024K)]
  0x0000017fadf14d50 JavaThread "Finalizer"                  daemon [_thread_blocked, id=35528, stack(0x00000063fc100000,0x00000063fc200000) (1024K)]
  0x0000017fadf18100 JavaThread "Signal Dispatcher"          daemon [_thread_blocked, id=13424, stack(0x00000063fc200000,0x00000063fc300000) (1024K)]
  0x0000017fadf1a080 JavaThread "Attach Listener"            daemon [_thread_blocked, id=22004, stack(0x00000063fc300000,0x00000063fc400000) (1024K)]
  0x0000017fadf28090 JavaThread "Service Thread"             daemon [_thread_blocked, id=29624, stack(0x00000063fc400000,0x00000063fc500000) (1024K)]
  0x0000017fadf2ad80 JavaThread "Monitor Deflation Thread"   daemon [_thread_blocked, id=33424, stack(0x00000063fc500000,0x00000063fc600000) (1024K)]
=>0x0000017fadf31410 JavaThread "C2 CompilerThread0"         daemon [_thread_in_native, id=10648, stack(0x00000063fc600000,0x00000063fc700000) (1024K)]
  0x0000017fadf42e10 JavaThread "C1 CompilerThread0"         daemon [_thread_blocked, id=33900, stack(0x00000063fc700000,0x00000063fc800000) (1024K)]
  0x0000017fae343130 JavaThread "Common-Cleaner"             daemon [_thread_blocked, id=30668, stack(0x00000063fc800000,0x00000063fc900000) (1024K)]
  0x0000017fae5bbfb0 JavaThread "Monitor Ctrl-Break"         daemon [_thread_in_native, id=33524, stack(0x00000063fc900000,0x00000063fca00000) (1024K)]
  0x0000017fae5bc770 JavaThread "Notification Thread"        daemon [_thread_blocked, id=23784, stack(0x00000063fca00000,0x00000063fcb00000) (1024K)]
  0x0000017fb365f850 JavaThread "Catalina-utility-1"                [_thread_blocked, id=26004, stack(0x00000063fd200000,0x00000063fd300000) (1024K)]
  0x0000017fb365e0e0 JavaThread "Catalina-utility-2"                [_thread_blocked, id=16928, stack(0x00000063fd900000,0x00000063fda00000) (1024K)]
  0x0000017fb5d96440 JavaThread "container-0"                       [_thread_blocked, id=34548, stack(0x00000063fda00000,0x00000063fdb00000) (1024K)]
  0x0000017fb5d97bb0 JavaThread "mysql-cj-abandoned-connection-cleanup" daemon [_thread_blocked, id=33976, stack(0x00000063fdb00000,0x00000063fdc00000) (1024K)]
  0x0000017fb5d96c10 JavaThread "HikariPool-1:housekeeper"   daemon [_thread_blocked, id=29756, stack(0x00000063fdd00000,0x00000063fde00000) (1024K)]
  0x0000017fb3487140 JavaThread "File Watcher"               daemon [_thread_blocked, id=20496, stack(0x00000063fde00000,0x00000063fdf00000) (1024K)]
  0x0000017fb3483a90 JavaThread "spectator-gauge-polling-0"  daemon [_thread_blocked, id=18220, stack(0x00000063fe200000,0x00000063fe300000) (1024K)]
  0x0000017fb34880e0 JavaThread "AsyncResolver-bootstrap-%d" daemon [_thread_blocked, id=28312, stack(0x00000063fe300000,0x00000063fe400000) (1024K)]
  0x0000017fb5d95c70 JavaThread "DiscoveryClient-%d"         daemon [_thread_blocked, id=32536, stack(0x00000063fdf00000,0x00000063fe000000) (1024K)]
  0x0000017fb5d9b260 JavaThread "DiscoveryClient-%d"         daemon [_thread_blocked, id=27912, stack(0x00000063fe000000,0x00000063fe100000) (1024K)]
  0x0000017fb36607f0 JavaThread "DiscoveryClient-InstanceInfoReplicator-%d" daemon [_thread_blocked, id=24592, stack(0x00000063fe400000,0x00000063fe500000) (1024K)]
  0x0000017fb4a4fd90 JavaThread "http-nio-8083-exec-1"       daemon [_thread_blocked, id=20872, stack(0x00000063fe500000,0x00000063fe600000) (1024K)]
  0x0000017fb4a53c10 JavaThread "http-nio-8083-exec-2"       daemon [_thread_blocked, id=32852, stack(0x00000063fe600000,0x00000063fe700000) (1024K)]
  0x0000017fb4a524a0 JavaThread "http-nio-8083-exec-3"       daemon [_thread_blocked, id=26780, stack(0x00000063fe700000,0x00000063fe800000) (1024K)]
  0x0000017fb4a53440 JavaThread "http-nio-8083-exec-4"       daemon [_thread_blocked, id=23836, stack(0x00000063fe800000,0x00000063fe900000) (1024K)]
  0x0000017fb4a52c70 JavaThread "http-nio-8083-exec-5"       daemon [_thread_blocked, id=28896, stack(0x00000063fe900000,0x00000063fea00000) (1024K)]
  0x0000017fb4a51500 JavaThread "http-nio-8083-exec-6"       daemon [_thread_blocked, id=14328, stack(0x00000063fea00000,0x00000063feb00000) (1024K)]
  0x0000017fb4a51cd0 JavaThread "http-nio-8083-exec-7"       daemon [_thread_blocked, id=25740, stack(0x00000063feb00000,0x00000063fec00000) (1024K)]
  0x0000017fb4a543e0 JavaThread "http-nio-8083-exec-8"       daemon [_thread_blocked, id=10436, stack(0x00000063fec00000,0x00000063fed00000) (1024K)]
  0x0000017fb4a50d30 JavaThread "http-nio-8083-exec-9"       daemon [_thread_blocked, id=35644, stack(0x00000063fed00000,0x00000063fee00000) (1024K)]
  0x0000017fb4a55b50 JavaThread "http-nio-8083-exec-10"      daemon [_thread_blocked, id=19208, stack(0x00000063fee00000,0x00000063fef00000) (1024K)]
  0x0000017fb5054fc0 JavaThread "http-nio-8083-Poller"       daemon [_thread_in_native, id=34588, stack(0x00000063fef00000,0x00000063ff000000) (1024K)]
  0x0000017fb5053850 JavaThread "http-nio-8083-Acceptor"     daemon [_thread_in_native, id=34084, stack(0x00000063ff000000,0x00000063ff100000) (1024K)]
  0x0000017fb5054020 JavaThread "DestroyJavaVM"                     [_thread_blocked, id=25184, stack(0x00000063fb800000,0x00000063fb900000) (1024K)]
  0x0000017fb50576d0 JavaThread "DiscoveryClient-CacheRefreshExecutor-%d" daemon [_thread_blocked, id=8520, stack(0x00000063ff100000,0x00000063ff200000) (1024K)]
  0x0000017fb5059610 JavaThread "DiscoveryClient-HeartbeatExecutor-%d" daemon [_thread_blocked, id=34864, stack(0x00000063ff200000,0x00000063ff300000) (1024K)]
Total: 37

Other Threads:
  0x0000017fadeff870 VMThread "VM Thread"                           [id=30952, stack(0x00000063fbf00000,0x00000063fc000000) (1024K)]
  0x0000017fadef1e30 WatcherThread "VM Periodic Task Thread"        [id=6540, stack(0x00000063fbe00000,0x00000063fbf00000) (1024K)]
  0x0000017f910196b0 WorkerThread "GC Thread#0"                     [id=10092, stack(0x00000063fb900000,0x00000063fba00000) (1024K)]
  0x0000017fb38387c0 WorkerThread "GC Thread#1"                     [id=29812, stack(0x00000063fcd00000,0x00000063fce00000) (1024K)]
  0x0000017fb3838bf0 WorkerThread "GC Thread#2"                     [id=2472, stack(0x00000063fce00000,0x00000063fcf00000) (1024K)]
  0x0000017fb3839020 WorkerThread "GC Thread#3"                     [id=26436, stack(0x00000063fcf00000,0x00000063fd000000) (1024K)]
  0x0000017fb3839450 WorkerThread "GC Thread#4"                     [id=13116, stack(0x00000063fd000000,0x00000063fd100000) (1024K)]
  0x0000017fb3857670 WorkerThread "GC Thread#5"                     [id=31056, stack(0x00000063fd100000,0x00000063fd200000) (1024K)]
  0x0000017fb3528ab0 WorkerThread "GC Thread#6"                     [id=28596, stack(0x00000063fd300000,0x00000063fd400000) (1024K)]
  0x0000017fb35263e0 WorkerThread "GC Thread#7"                     [id=26568, stack(0x00000063fd400000,0x00000063fd500000) (1024K)]
  0x0000017fb35297a0 WorkerThread "GC Thread#8"                     [id=33528, stack(0x00000063fd500000,0x00000063fd600000) (1024K)]
  0x0000017fb3528f00 WorkerThread "GC Thread#9"                     [id=27996, stack(0x00000063fd600000,0x00000063fd700000) (1024K)]
  0x0000017f91031820 ConcurrentGCThread "G1 Main Marker"            [id=35052, stack(0x00000063fba00000,0x00000063fbb00000) (1024K)]
  0x0000017f910350c0 WorkerThread "G1 Conc#0"                       [id=10068, stack(0x00000063fbb00000,0x00000063fbc00000) (1024K)]
  0x0000017fb352ba20 WorkerThread "G1 Conc#1"                       [id=29376, stack(0x00000063fd700000,0x00000063fd800000) (1024K)]
  0x0000017fb3527dc0 WorkerThread "G1 Conc#2"                       [id=8492, stack(0x00000063fd800000,0x00000063fd900000) (1024K)]
  0x0000017f9106e7f0 ConcurrentGCThread "G1 Refine#0"               [id=32212, stack(0x00000063fbc00000,0x00000063fbd00000) (1024K)]
  0x0000017faddc5400 ConcurrentGCThread "G1 Service"                [id=34256, stack(0x00000063fbd00000,0x00000063fbe00000) (1024K)]
Total: 18

Threads with active compile tasks:
C2 CompilerThread0  109363 10134       4       org.springframework.boot.devtools.filewatch.FileSnapshot::<init> (68 bytes)
Total: 1

VM state: not at safepoint (normal execution)

VM Mutex/Monitor currently owned by a thread: None

Heap address: 0x0000000085200000, size: 1966 MB, Compressed Oops mode: 32-bit

CDS archive(s) mapped at: [0x000000003b000000-0x000000003bdd0000-0x000000003bdd0000), size 14483456, SharedBaseAddress: 0x000000003b000000, ArchiveRelocationMode: 1.
Compressed class space mapped at: 0x000000003c000000-0x000000007c000000, reserved size: 1073741824
UseCompressedClassPointers 1, UseCompactObjectHeaders 0
Narrow klass pointer bits 32, Max shift 3
Narrow klass base: 0x000000003b000000, Narrow klass shift: 0
Encoding Range: [0x000000003b000000 - 0x000000013b000000), (4294967296 bytes)
Klass Range:    [0x000000003b010000 - 0x000000007c000000), (1090453504 bytes)
Klass ID Range:  [65536 - 1090519033) (1090453497)
Protection zone: [0x000000003b000000 - 0x000000003b010000), (65536 bytes)

GC Precious Log:
 CardTable entry size: 512
 Card Set container configuration: InlinePtr #cards 5 size 8 Array Of Cards #cards 10 size 36 Howl #buckets 4 coarsen threshold 1843 Howl Bitmap #cards 512 size 80 coarsen threshold 460 Card regions per heap region 1 cards per card region 2048
 CPUs: 12 total, 12 available
 Memory: 7863M
 Large Page Support: Disabled
 NUMA Support: Disabled
 Compressed Oops: Enabled (32-bit)
 Heap Region Size: 1M
 Heap Min Capacity: 8M
 Heap Initial Capacity: 124M
 Heap Max Capacity: 1966M
 Pre-touch: Disabled
 Parallel Workers: 10
 Concurrent Workers: 3
 Concurrent Refinement Workers: 10
 Periodic GC: Disabled

Heap:
 garbage-first heap   total reserved 2013184K, committed 91136K, used 66243K [0x0000000085200000, 0x0000000100000000)
  region size 1024K, 15 young (15360K), 3 survivors (3072K)

Heap Regions: E=young(eden), S=young(survivor), O=old, HS=humongous(starts), HC=humongous(continues), CS=collection set, F=free, TAMS=top-at-mark-start, PB=parsable bottom
|   0|0x0000000085200000, 0x0000000085300000, 0x0000000085300000|100%|HS|  |TAMS 0x0000000085200000| PB 0x0000000085200000| Complete |  0
|   1|0x0000000085300000, 0x0000000085400000, 0x0000000085400000|100%|HS|  |TAMS 0x0000000085300000| PB 0x0000000085300000| Complete |  0
|   2|0x0000000085400000, 0x0000000085500000, 0x0000000085500000|100%|HS|  |TAMS 0x0000000085400000| PB 0x0000000085400000| Complete |  0
|   3|0x0000000085500000, 0x0000000085600000, 0x0000000085600000|100%| O|  |TAMS 0x0000000085500000| PB 0x0000000085500000| Untracked |  0
|   4|0x0000000085600000, 0x0000000085700000, 0x0000000085700000|100%| O|  |TAMS 0x0000000085600000| PB 0x0000000085600000| Untracked |  0
|   5|0x0000000085700000, 0x0000000085800000, 0x0000000085800000|100%| O|  |TAMS 0x0000000085700000| PB 0x0000000085700000| Untracked |  0
|   6|0x0000000085800000, 0x0000000085900000, 0x0000000085900000|100%| O|  |TAMS 0x0000000085800000| PB 0x0000000085800000| Untracked |  0
|   7|0x0000000085900000, 0x0000000085a00000, 0x0000000085a00000|100%| O|  |TAMS 0x0000000085900000| PB 0x0000000085900000| Untracked |  0
|   8|0x0000000085a00000, 0x0000000085b00000, 0x0000000085b00000|100%| O|Cm|TAMS 0x0000000085a00000| PB 0x0000000085a00000| Complete |  0
|   9|0x0000000085b00000, 0x0000000085c00000, 0x0000000085c00000|100%| O|  |TAMS 0x0000000085b00000| PB 0x0000000085b00000| Untracked |  0
|  10|0x0000000085c00000, 0x0000000085d00000, 0x0000000085d00000|100%| O|  |TAMS 0x0000000085c00000| PB 0x0000000085c00000| Untracked |  0
|  11|0x0000000085d00000, 0x0000000085e00000, 0x0000000085e00000|100%| O|  |TAMS 0x0000000085d00000| PB 0x0000000085d00000| Untracked |  0
|  12|0x0000000085e00000, 0x0000000085f00000, 0x0000000085f00000|100%| O|  |TAMS 0x0000000085e00000| PB 0x0000000085e00000| Untracked |  0
|  13|0x0000000085f00000, 0x0000000086000000, 0x0000000086000000|100%| O|  |TAMS 0x0000000085f00000| PB 0x0000000085f00000| Untracked |  0
|  14|0x0000000086000000, 0x0000000086100000, 0x0000000086100000|100%| O|  |TAMS 0x0000000086000000| PB 0x0000000086000000| Untracked |  0
|  15|0x0000000086100000, 0x0000000086200000, 0x0000000086200000|100%| O|  |TAMS 0x0000000086100000| PB 0x0000000086100000| Untracked |  0
|  16|0x0000000086200000, 0x0000000086300000, 0x0000000086300000|100%| O|  |TAMS 0x0000000086200000| PB 0x0000000086200000| Untracked |  0
|  17|0x0000000086300000, 0x0000000086400000, 0x0000000086400000|100%| O|  |TAMS 0x0000000086300000| PB 0x0000000086300000| Untracked |  0
|  18|0x0000000086400000, 0x0000000086500000, 0x0000000086500000|100%| O|  |TAMS 0x0000000086400000| PB 0x0000000086400000| Untracked |  0
|  19|0x0000000086500000, 0x0000000086600000, 0x0000000086600000|100%| O|  |TAMS 0x0000000086500000| PB 0x0000000086500000| Untracked |  0
|  20|0x0000000086600000, 0x0000000086700000, 0x0000000086700000|100%| O|  |TAMS 0x0000000086600000| PB 0x0000000086600000| Untracked |  0
|  21|0x0000000086700000, 0x0000000086800000, 0x0000000086800000|100%| O|  |TAMS 0x0000000086700000| PB 0x0000000086700000| Untracked |  0
|  22|0x0000000086800000, 0x0000000086900000, 0x0000000086900000|100%| O|  |TAMS 0x0000000086800000| PB 0x0000000086800000| Untracked |  0
|  23|0x0000000086900000, 0x0000000086a00000, 0x0000000086a00000|100%| O|  |TAMS 0x0000000086900000| PB 0x0000000086900000| Untracked |  0
|  24|0x0000000086a00000, 0x0000000086b00000, 0x0000000086b00000|100%| O|  |TAMS 0x0000000086a00000| PB 0x0000000086a00000| Untracked |  0
|  25|0x0000000086b00000, 0x0000000086c00000, 0x0000000086c00000|100%| O|  |TAMS 0x0000000086b00000| PB 0x0000000086b00000| Untracked |  0
|  26|0x0000000086c00000, 0x0000000086d00000, 0x0000000086d00000|100%| O|  |TAMS 0x0000000086c00000| PB 0x0000000086c00000| Untracked |  0
|  27|0x0000000086d00000, 0x0000000086e00000, 0x0000000086e00000|100%| O|  |TAMS 0x0000000086d00000| PB 0x0000000086d00000| Untracked |  0
|  28|0x0000000086e00000, 0x0000000086f00000, 0x0000000086f00000|100%| O|  |TAMS 0x0000000086e00000| PB 0x0000000086e00000| Untracked |  0
|  29|0x0000000086f00000, 0x0000000087000000, 0x0000000087000000|100%| O|  |TAMS 0x0000000086f00000| PB 0x0000000086f00000| Untracked |  0
|  30|0x0000000087000000, 0x0000000087100000, 0x0000000087100000|100%| O|  |TAMS 0x0000000087000000| PB 0x0000000087000000| Untracked |  0
|  31|0x0000000087100000, 0x0000000087200000, 0x0000000087200000|100%| O|  |TAMS 0x0000000087100000| PB 0x0000000087100000| Untracked |  0
|  32|0x0000000087200000, 0x0000000087300000, 0x0000000087300000|100%| O|  |TAMS 0x0000000087200000| PB 0x0000000087200000| Untracked |  0
|  33|0x0000000087300000, 0x0000000087400000, 0x0000000087400000|100%| O|  |TAMS 0x0000000087300000| PB 0x0000000087300000| Untracked |  0
|  34|0x0000000087400000, 0x0000000087500000, 0x0000000087500000|100%| O|  |TAMS 0x0000000087400000| PB 0x0000000087400000| Untracked |  0
|  35|0x0000000087500000, 0x0000000087600000, 0x0000000087600000|100%| O|  |TAMS 0x0000000087500000| PB 0x0000000087500000| Untracked |  0
|  36|0x0000000087600000, 0x0000000087600000, 0x0000000087700000|  0%| F|  |TAMS 0x0000000087600000| PB 0x0000000087600000| Untracked |  0
|  37|0x0000000087700000, 0x0000000087800000, 0x0000000087800000|100%| O|  |TAMS 0x0000000087700000| PB 0x0000000087700000| Untracked |  0
|  38|0x0000000087800000, 0x0000000087900000, 0x0000000087900000|100%| O|  |TAMS 0x0000000087800000| PB 0x0000000087800000| Untracked |  0
|  39|0x0000000087900000, 0x0000000087a00000, 0x0000000087a00000|100%| O|  |TAMS 0x0000000087900000| PB 0x0000000087900000| Untracked |  0
|  40|0x0000000087a00000, 0x0000000087b00000, 0x0000000087b00000|100%| O|  |TAMS 0x0000000087a00000| PB 0x0000000087a00000| Untracked |  0
|  41|0x0000000087b00000, 0x0000000087c00000, 0x0000000087c00000|100%| O|  |TAMS 0x0000000087b00000| PB 0x0000000087b00000| Untracked |  0
|  42|0x0000000087c00000, 0x0000000087d00000, 0x0000000087d00000|100%| O|  |TAMS 0x0000000087c00000| PB 0x0000000087c00000| Untracked |  0
|  43|0x0000000087d00000, 0x0000000087e00000, 0x0000000087e00000|100%| O|  |TAMS 0x0000000087d00000| PB 0x0000000087d00000| Untracked |  0
|  44|0x0000000087e00000, 0x0000000087f00000, 0x0000000087f00000|100%| O|  |TAMS 0x0000000087e00000| PB 0x0000000087e00000| Untracked |  0
|  45|0x0000000087f00000, 0x0000000088000000, 0x0000000088000000|100%| O|  |TAMS 0x0000000087f00000| PB 0x0000000087f00000| Untracked |  0
|  46|0x0000000088000000, 0x0000000088000000, 0x0000000088100000|  0%| F|  |TAMS 0x0000000088000000| PB 0x0000000088000000| Untracked |  0
|  47|0x0000000088100000, 0x0000000088200000, 0x0000000088200000|100%| O|  |TAMS 0x0000000088100000| PB 0x0000000088100000| Untracked |  0
|  48|0x0000000088200000, 0x0000000088200000, 0x0000000088300000|  0%| F|  |TAMS 0x0000000088200000| PB 0x0000000088200000| Untracked |  0
|  49|0x0000000088300000, 0x0000000088300000, 0x0000000088400000|  0%| F|  |TAMS 0x0000000088300000| PB 0x0000000088300000| Untracked |  0
|  50|0x0000000088400000, 0x0000000088500000, 0x0000000088500000|100%| O|  |TAMS 0x0000000088400000| PB 0x0000000088400000| Untracked |  0
|  51|0x0000000088500000, 0x0000000088600000, 0x0000000088600000|100%| O|  |TAMS 0x0000000088500000| PB 0x0000000088500000| Untracked |  0
|  52|0x0000000088600000, 0x0000000088600000, 0x0000000088700000|  0%| F|  |TAMS 0x0000000088600000| PB 0x0000000088600000| Untracked |  0
|  53|0x0000000088700000, 0x0000000088785310, 0x0000000088800000| 52%| O|  |TAMS 0x0000000088700000| PB 0x0000000088700000| Untracked |  0
|  54|0x0000000088800000, 0x0000000088800000, 0x0000000088900000|  0%| F|  |TAMS 0x0000000088800000| PB 0x0000000088800000| Untracked |  0
|  55|0x0000000088900000, 0x0000000088900000, 0x0000000088a00000|  0%| F|  |TAMS 0x0000000088900000| PB 0x0000000088900000| Untracked |  0
|  56|0x0000000088a00000, 0x0000000088a2bc48, 0x0000000088b00000| 17%| S|CS|TAMS 0x0000000088a00000| PB 0x0000000088a00000| Complete |  0
|  57|0x0000000088b00000, 0x0000000088c00000, 0x0000000088c00000|100%| S|CS|TAMS 0x0000000088b00000| PB 0x0000000088b00000| Complete |  0
|  58|0x0000000088c00000, 0x0000000088d00000, 0x0000000088d00000|100%| S|CS|TAMS 0x0000000088c00000| PB 0x0000000088c00000| Complete |  0
|  59|0x0000000088d00000, 0x0000000088d00000, 0x0000000088e00000|  0%| F|  |TAMS 0x0000000088d00000| PB 0x0000000088d00000| Untracked |  0
|  60|0x0000000088e00000, 0x0000000088e00000, 0x0000000088f00000|  0%| F|  |TAMS 0x0000000088e00000| PB 0x0000000088e00000| Untracked |  0
|  61|0x0000000088f00000, 0x0000000088f00000, 0x0000000089000000|  0%| F|  |TAMS 0x0000000088f00000| PB 0x0000000088f00000| Untracked |  0
|  62|0x0000000089000000, 0x0000000089000000, 0x0000000089100000|  0%| F|  |TAMS 0x0000000089000000| PB 0x0000000089000000| Untracked |  0
|  63|0x0000000089100000, 0x0000000089100000, 0x0000000089200000|  0%| F|  |TAMS 0x0000000089100000| PB 0x0000000089100000| Untracked |  0
|  64|0x0000000089200000, 0x0000000089200000, 0x0000000089300000|  0%| F|  |TAMS 0x0000000089200000| PB 0x0000000089200000| Untracked |  0
|  65|0x0000000089300000, 0x0000000089300000, 0x0000000089400000|  0%| F|  |TAMS 0x0000000089300000| PB 0x0000000089300000| Untracked |  0
|  66|0x0000000089400000, 0x0000000089400000, 0x0000000089500000|  0%| F|  |TAMS 0x0000000089400000| PB 0x0000000089400000| Untracked |  0
|  67|0x0000000089500000, 0x0000000089500000, 0x0000000089600000|  0%| F|  |TAMS 0x0000000089500000| PB 0x0000000089500000| Untracked |  0
|  68|0x0000000089600000, 0x0000000089600000, 0x0000000089700000|  0%| F|  |TAMS 0x0000000089600000| PB 0x0000000089600000| Untracked |  0
|  69|0x0000000089700000, 0x0000000089700000, 0x0000000089800000|  0%| F|  |TAMS 0x0000000089700000| PB 0x0000000089700000| Untracked |  0
|  70|0x0000000089800000, 0x0000000089800000, 0x0000000089900000|  0%| F|  |TAMS 0x0000000089800000| PB 0x0000000089800000| Untracked |  0
|  71|0x0000000089900000, 0x0000000089900000, 0x0000000089a00000|  0%| F|  |TAMS 0x0000000089900000| PB 0x0000000089900000| Untracked |  0
|  72|0x0000000089a00000, 0x0000000089a00000, 0x0000000089b00000|  0%| F|  |TAMS 0x0000000089a00000| PB 0x0000000089a00000| Untracked |  0
|  73|0x0000000089b00000, 0x0000000089bffaa8, 0x0000000089c00000| 99%| E|  |TAMS 0x0000000089b00000| PB 0x0000000089b00000| Complete |  0
|  74|0x0000000089c00000, 0x0000000089d00000, 0x0000000089d00000|100%| E|CS|TAMS 0x0000000089c00000| PB 0x0000000089c00000| Complete |  0
|  75|0x0000000089d00000, 0x0000000089e00000, 0x0000000089e00000|100%| E|CS|TAMS 0x0000000089d00000| PB 0x0000000089d00000| Complete |  1
|  76|0x0000000089e00000, 0x0000000089f00000, 0x0000000089f00000|100%| E|CS|TAMS 0x0000000089e00000| PB 0x0000000089e00000| Complete |  0
|  77|0x0000000089f00000, 0x000000008a000000, 0x000000008a000000|100%| E|CS|TAMS 0x0000000089f00000| PB 0x0000000089f00000| Complete |  0
| 108|0x000000008be00000, 0x000000008bf00000, 0x000000008bf00000|100%| E|CS|TAMS 0x000000008be00000| PB 0x000000008be00000| Complete |  0
| 109|0x000000008bf00000, 0x000000008c000000, 0x000000008c000000|100%| E|CS|TAMS 0x000000008bf00000| PB 0x000000008bf00000| Complete |  0
| 110|0x000000008c000000, 0x000000008c100000, 0x000000008c100000|100%| E|CS|TAMS 0x000000008c000000| PB 0x000000008c000000| Complete |  0
| 111|0x000000008c100000, 0x000000008c200000, 0x000000008c200000|100%| E|CS|TAMS 0x000000008c100000| PB 0x000000008c100000| Complete |  0
| 112|0x000000008c200000, 0x000000008c300000, 0x000000008c300000|100%| E|  |TAMS 0x000000008c200000| PB 0x000000008c200000| Complete |  0
| 123|0x000000008cd00000, 0x000000008ce00000, 0x000000008ce00000|100%| E|CS|TAMS 0x000000008cd00000| PB 0x000000008cd00000| Complete |  0
|1961|0x00000000ffb00000, 0x00000000ffc00000, 0x00000000ffc00000|100%| O|  |TAMS 0x00000000ffb00000| PB 0x00000000ffb00000| Untracked |  0
|1962|0x00000000ffc00000, 0x00000000ffd00000, 0x00000000ffd00000|100%| O|Cm|TAMS 0x00000000ffc00000| PB 0x00000000ffc00000| Complete |  0
|1963|0x00000000ffd00000, 0x00000000ffe00000, 0x00000000ffe00000|100%| O|  |TAMS 0x00000000ffd00000| PB 0x00000000ffd00000| Untracked |  0
|1964|0x00000000ffe00000, 0x00000000fff00000, 0x00000000fff00000|100%| O|  |TAMS 0x00000000ffe00000| PB 0x00000000ffe00000| Untracked |  0
|1965|0x00000000fff00000, 0x0000000100000000, 0x0000000100000000|100%| E|CS|TAMS 0x00000000fff00000| PB 0x00000000fff00000| Complete |  0

Card table byte_map: [0x0000017fa9280000,0x0000017fa9660000] _byte_map_base: 0x0000017fa8e57000

Marking Bits: (CMBitMap*) 0x0000017f91019e40
 Bits: [0x0000017fa9660000, 0x0000017fab518000)

Polling page: 0x0000017f8ef40000

Metaspace:
Metaspace        used 90516K, committed 91200K, reserved 1179648K
 class space     used 9949K, committed 10240K, reserved 1048576K

Usage:
  Non-class:     78.68 MB used.
      Class:      9.72 MB used.
       Both:     88.40 MB used.

Virtual space:
  Non-class space:      128.00 MB reserved,      79.06 MB ( 62%) committed,  2 nodes.
      Class space:        1.00 GB reserved,      10.00 MB ( <1%) committed,  1 nodes.
             Both:        1.12 GB reserved,      89.06 MB (  8%) committed. 

Chunk freelists:
   Non-Class:  864.00 KB
       Class:  5.89 MB
        Both:  6.73 MB

MaxMetaspaceSize: unlimited
CompressedClassSpaceSize: 1.00 GB
Initial GC threshold: 21.00 MB
Current GC threshold: 137.44 MB
CDS: on
 - commit_granule_bytes: 65536.
 - commit_granule_words: 8192.
 - virtual_space_node_default_size: 8388608.
 - enlarge_chunks_in_place: 1.
UseCompressedClassPointers 1, UseCompactObjectHeaders 0
Narrow klass pointer bits 32, Max shift 3
Narrow klass base: 0x000000003b000000, Narrow klass shift: 0
Encoding Range: [0x000000003b000000 - 0x000000013b000000), (4294967296 bytes)
Klass Range:    [0x000000003b010000 - 0x000000007c000000), (1090453504 bytes)
Klass ID Range:  [65536 - 1090519033) (1090453497)
Protection zone: [0x000000003b000000 - 0x000000003b010000), (65536 bytes)


Internal statistics:

num_allocs_failed_limit: 11.
num_arena_births: 1002.
num_arena_deaths: 0.
num_vsnodes_births: 3.
num_vsnodes_deaths: 0.
num_space_committed: 1425.
num_space_uncommitted: 0.
num_chunks_returned_to_freelist: 11.
num_chunks_taken_from_freelist: 4159.
num_chunk_merges: 11.
num_chunk_splits: 3018.
num_chunks_enlarged: 2463.
num_inconsistent_stats: 0.

CodeHeap 'non-profiled nmethods': size=120064Kb used=3791Kb max_used=3910Kb free=116272Kb
 bounds [0x0000017fa12f0000, 0x0000017fa16d0000, 0x0000017fa8830000]
CodeHeap 'profiled nmethods': size=120000Kb used=13059Kb max_used=13059Kb free=106940Kb
 bounds [0x0000017f99830000, 0x0000017f9a500000, 0x0000017fa0d60000]
CodeHeap 'non-nmethods': size=5696Kb used=1694Kb max_used=1785Kb free=4001Kb
 bounds [0x0000017fa0d60000, 0x0000017fa0fd0000, 0x0000017fa12f0000]
CodeCache: size=245760Kb, used=18544Kb, max_used=18754Kb, free=227213Kb
 total_blobs=9386, nmethods=8582, adapters=704, full_count=0
Compilation: enabled, stopped_count=0, restarted_count=0

Compilation events (20 events):
Event: 94.445 Thread 0x0000017fadf42e10 nmethod 10124 0x0000017f9a4ecb08 code [0x0000017f9a4ecc00, 0x0000017f9a4ecd50]
Event: 94.445 Thread 0x0000017fadf42e10 10125   !   3       java.util.concurrent.ScheduledThreadPoolExecutor$DelayedWorkQueue::take (203 bytes)
Event: 94.455 Thread 0x0000017fadf42e10 nmethod 10125 0x0000017f9a4ece08 code [0x0000017f9a4ecf00, 0x0000017f9a4ee928]
Event: 94.455 Thread 0x0000017fadf42e10 10126       3       java.util.concurrent.Executors$RunnableAdapter::call (14 bytes)
Event: 94.455 Thread 0x0000017fadf42e10 nmethod 10126 0x0000017f9a4ee988 code [0x0000017f9a4eea80, 0x0000017f9a4eec60]
Event: 94.455 Thread 0x0000017fadf42e10 10127       3       java.util.concurrent.ScheduledThreadPoolExecutor$ScheduledFutureTask::run (57 bytes)
Event: 94.457 Thread 0x0000017fadf42e10 nmethod 10127 0x0000017f9a4eec88 code [0x0000017f9a4eed80, 0x0000017f9a4ef1f0]
Event: 94.793 Thread 0x0000017fadf42e10 10128       3       java.util.concurrent.ScheduledThreadPoolExecutor$DelayedWorkQueue::siftDown (119 bytes)
Event: 94.795 Thread 0x0000017fadf42e10 nmethod 10128 0x0000017f9a4ef208 code [0x0000017f9a4ef300, 0x0000017f9a4f0148]
Event: 96.794 Thread 0x0000017fadf31410 10129       4       jdk.internal.misc.Unsafe::weakCompareAndSetInt (11 bytes)
Event: 96.796 Thread 0x0000017fadf31410 nmethod 10129 0x0000017fa162ba08 code [0x0000017fa162bb00, 0x0000017fa162bb88]
Event: 104.457 Thread 0x0000017fadf42e10 10130       3       java.lang.Double::valueOf (9 bytes)
Event: 104.459 Thread 0x0000017fadf42e10 nmethod 10130 0x0000017f9a4f0188 code [0x0000017f9a4f0280, 0x0000017f9a4f04e0]
Event: 104.459 Thread 0x0000017fadf42e10 10131       3       java.lang.Double::<init> (10 bytes)
Event: 104.459 Thread 0x0000017fadf42e10 nmethod 10131 0x0000017f9a4f0508 code [0x0000017f9a4f0600, 0x0000017f9a4f07c8]
Event: 104.459 Thread 0x0000017fadf42e10 10132       3       java.util.concurrent.ScheduledThreadPoolExecutor::triggerTime (12 bytes)
Event: 104.459 Thread 0x0000017fadf42e10 nmethod 10132 0x0000017f9a4f0808 code [0x0000017f9a4f0900, 0x0000017f9a4f0af0]
Event: 107.078 Thread 0x0000017fadf42e10 10133       3       java.util.Date::<init> (8 bytes)
Event: 107.082 Thread 0x0000017fadf42e10 nmethod 10133 0x0000017f9a4f0b08 code [0x0000017f9a4f0c00, 0x0000017f9a4f0df8]
Event: 107.088 Thread 0x0000017fadf31410 10134       4       org.springframework.boot.devtools.filewatch.FileSnapshot::<init> (68 bytes)

GC Heap Usage History (20 events):
Event: 14.270 {heap Before GC invocations=9 (full 0):
 garbage-first heap   total reserved 2013184K, committed 86016K, used 71396K [0x0000000085200000, 0x0000000100000000)
  region size 1024K, 41 young (41984K), 6 survivors (6144K)
}
Event: 14.277 {heap After GC invocations=10 (full 0):
 garbage-first heap   total reserved 2013184K, committed 86016K, used 37436K [0x0000000085200000, 0x0000000100000000)
  region size 1024K, 3 young (3072K), 3 survivors (3072K)
}
Event: 18.495 {heap Before GC invocations=10 (full 0):
 garbage-first heap   total reserved 2013184K, committed 86016K, used 73276K [0x0000000085200000, 0x0000000100000000)
  region size 1024K, 38 young (38912K), 3 survivors (3072K)
}
Event: 18.503 {heap After GC invocations=11 (full 0):
 garbage-first heap   total reserved 2013184K, committed 86016K, used 40560K [0x0000000085200000, 0x0000000100000000)
  region size 1024K, 5 young (5120K), 5 survivors (5120K)
}
Event: 19.440 {heap Before GC invocations=11 (full 0):
 garbage-first heap   total reserved 2013184K, committed 86016K, used 61040K [0x0000000085200000, 0x0000000100000000)
  region size 1024K, 26 young (26624K), 5 survivors (5120K)
}
Event: 19.446 {heap After GC invocations=12 (full 0):
 garbage-first heap   total reserved 2013184K, committed 86016K, used 42365K [0x0000000085200000, 0x0000000100000000)
  region size 1024K, 2 young (2048K), 2 survivors (2048K)
}
Event: 21.260 {heap Before GC invocations=13 (full 0):
 garbage-first heap   total reserved 2013184K, committed 86016K, used 74109K [0x0000000085200000, 0x0000000100000000)
  region size 1024K, 34 young (34816K), 2 survivors (2048K)
}
Event: 21.265 {heap After GC invocations=14 (full 0):
 garbage-first heap   total reserved 2013184K, committed 86016K, used 43663K [0x0000000085200000, 0x0000000100000000)
  region size 1024K, 3 young (3072K), 3 survivors (3072K)
}
Event: 22.064 {heap Before GC invocations=14 (full 0):
 garbage-first heap   total reserved 2013184K, committed 86016K, used 76431K [0x0000000085200000, 0x0000000100000000)
  region size 1024K, 35 young (35840K), 3 survivors (3072K)
}
Event: 22.070 {heap After GC invocations=15 (full 0):
 garbage-first heap   total reserved 2013184K, committed 86016K, used 45959K [0x0000000085200000, 0x0000000100000000)
  region size 1024K, 5 young (5120K), 5 survivors (5120K)
}
Event: 22.788 {heap Before GC invocations=15 (full 0):
 garbage-first heap   total reserved 2013184K, committed 86016K, used 76679K [0x0000000085200000, 0x0000000100000000)
  region size 1024K, 35 young (35840K), 5 survivors (5120K)
}
Event: 22.794 {heap After GC invocations=16 (full 0):
 garbage-first heap   total reserved 2013184K, committed 86016K, used 47783K [0x0000000085200000, 0x0000000100000000)
  region size 1024K, 3 young (3072K), 3 survivors (3072K)
}
Event: 23.409 {heap Before GC invocations=17 (full 0):
 garbage-first heap   total reserved 2013184K, committed 86016K, used 77479K [0x0000000085200000, 0x0000000100000000)
  region size 1024K, 32 young (32768K), 3 survivors (3072K)
}
Event: 23.414 {heap After GC invocations=18 (full 0):
 garbage-first heap   total reserved 2013184K, committed 86016K, used 49229K [0x0000000085200000, 0x0000000100000000)
  region size 1024K, 4 young (4096K), 4 survivors (4096K)
}
Event: 23.994 {heap Before GC invocations=18 (full 0):
 garbage-first heap   total reserved 2013184K, committed 86016K, used 78925K [0x0000000085200000, 0x0000000100000000)
  region size 1024K, 33 young (33792K), 4 survivors (4096K)
}
Event: 24.000 {heap After GC invocations=19 (full 0):
 garbage-first heap   total reserved 2013184K, committed 87040K, used 50652K [0x0000000085200000, 0x0000000100000000)
  region size 1024K, 4 young (4096K), 4 survivors (4096K)
}
Event: 24.737 {heap Before GC invocations=19 (full 0):
 garbage-first heap   total reserved 2013184K, committed 87040K, used 79324K [0x0000000085200000, 0x0000000100000000)
  region size 1024K, 33 young (33792K), 4 survivors (4096K)
}
Event: 24.744 {heap After GC invocations=20 (full 0):
 garbage-first heap   total reserved 2013184K, committed 88064K, used 53622K [0x0000000085200000, 0x0000000100000000)
  region size 1024K, 5 young (5120K), 5 survivors (5120K)
}
Event: 55.742 {heap Before GC invocations=21 (full 0):
 garbage-first heap   total reserved 2013184K, committed 91136K, used 80246K [0x0000000085200000, 0x0000000100000000)
  region size 1024K, 31 young (31744K), 5 survivors (5120K)
}
Event: 55.762 {heap After GC invocations=22 (full 0):
 garbage-first heap   total reserved 2013184K, committed 91136K, used 56003K [0x0000000085200000, 0x0000000100000000)
  region size 1024K, 3 young (3072K), 3 survivors (3072K)
}

Metaspace Usage History (20 events):
Event: 14.270 {metaspace Before GC invocations=9 (full 0):
 Metaspace       used 42556K, committed 43008K, reserved 1114112K
  class space    used 4558K, committed 4736K, reserved 1048576K
}
Event: 14.277 {metaspace After GC invocations=10 (full 0):
 Metaspace       used 42556K, committed 43008K, reserved 1114112K
  class space    used 4558K, committed 4736K, reserved 1048576K
}
Event: 18.495 {metaspace Before GC invocations=10 (full 0):
 Metaspace       used 54986K, committed 55424K, reserved 1114112K
  class space    used 5840K, committed 6016K, reserved 1048576K
}
Event: 18.503 {metaspace After GC invocations=11 (full 0):
 Metaspace       used 54986K, committed 55424K, reserved 1114112K
  class space    used 5840K, committed 6016K, reserved 1048576K
}
Event: 19.440 {metaspace Before GC invocations=11 (full 0):
 Metaspace       used 59872K, committed 60288K, reserved 1114112K
  class space    used 6263K, committed 6464K, reserved 1048576K
}
Event: 19.446 {metaspace After GC invocations=12 (full 0):
 Metaspace       used 59872K, committed 60288K, reserved 1114112K
  class space    used 6263K, committed 6464K, reserved 1048576K
}
Event: 21.260 {metaspace Before GC invocations=13 (full 0):
 Metaspace       used 69540K, committed 70016K, reserved 1114112K
  class space    used 7399K, committed 7616K, reserved 1048576K
}
Event: 21.265 {metaspace After GC invocations=14 (full 0):
 Metaspace       used 69540K, committed 70016K, reserved 1114112K
  class space    used 7399K, committed 7616K, reserved 1048576K
}
Event: 22.064 {metaspace Before GC invocations=14 (full 0):
 Metaspace       used 74152K, committed 74752K, reserved 1179648K
  class space    used 7912K, committed 8192K, reserved 1048576K
}
Event: 22.070 {metaspace After GC invocations=15 (full 0):
 Metaspace       used 74152K, committed 74752K, reserved 1179648K
  class space    used 7912K, committed 8192K, reserved 1048576K
}
Event: 22.788 {metaspace Before GC invocations=15 (full 0):
 Metaspace       used 76309K, committed 76928K, reserved 1179648K
  class space    used 8152K, committed 8448K, reserved 1048576K
}
Event: 22.794 {metaspace After GC invocations=16 (full 0):
 Metaspace       used 76309K, committed 76928K, reserved 1179648K
  class space    used 8152K, committed 8448K, reserved 1048576K
}
Event: 23.409 {metaspace Before GC invocations=17 (full 0):
 Metaspace       used 77789K, committed 78400K, reserved 1179648K
  class space    used 8380K, committed 8640K, reserved 1048576K
}
Event: 23.414 {metaspace After GC invocations=18 (full 0):
 Metaspace       used 77789K, committed 78400K, reserved 1179648K
  class space    used 8380K, committed 8640K, reserved 1048576K
}
Event: 23.994 {metaspace Before GC invocations=18 (full 0):
 Metaspace       used 80530K, committed 81152K, reserved 1179648K
  class space    used 8781K, committed 9024K, reserved 1048576K
}
Event: 24.000 {metaspace After GC invocations=19 (full 0):
 Metaspace       used 80530K, committed 81152K, reserved 1179648K
  class space    used 8781K, committed 9024K, reserved 1048576K
}
Event: 24.737 {metaspace Before GC invocations=19 (full 0):
 Metaspace       used 83617K, committed 84288K, reserved 1179648K
  class space    used 9154K, committed 9408K, reserved 1048576K
}
Event: 24.744 {metaspace After GC invocations=20 (full 0):
 Metaspace       used 83617K, committed 84288K, reserved 1179648K
  class space    used 9154K, committed 9408K, reserved 1048576K
}
Event: 55.742 {metaspace Before GC invocations=21 (full 0):
 Metaspace       used 88676K, committed 89408K, reserved 1179648K
  class space    used 9743K, committed 10048K, reserved 1048576K
}
Event: 55.762 {metaspace After GC invocations=22 (full 0):
 Metaspace       used 88676K, committed 89408K, reserved 1179648K
  class space    used 9743K, committed 10048K, reserved 1048576K
}

Dll operation events (12 events):
Event: 0.121 Loaded shared library C:\Users\rushi\.jdks\openjdk-25.0.1\bin\java.dll
Event: 0.564 Loaded shared library C:\Users\rushi\.jdks\openjdk-25.0.1\bin\zip.dll
Event: 0.572 Loaded shared library C:\Users\rushi\.jdks\openjdk-25.0.1\bin\instrument.dll
Event: 0.583 Loaded shared library C:\Users\rushi\.jdks\openjdk-25.0.1\bin\net.dll
Event: 0.588 Loaded shared library C:\Users\rushi\.jdks\openjdk-25.0.1\bin\nio.dll
Event: 0.592 Loaded shared library C:\Users\rushi\.jdks\openjdk-25.0.1\bin\zip.dll
Event: 3.116 Loaded shared library C:\Users\rushi\.jdks\openjdk-25.0.1\bin\extnet.dll
Event: 3.182 Loaded shared library C:\Users\rushi\.jdks\openjdk-25.0.1\bin\jimage.dll
Event: 4.277 Loaded shared library C:\Users\rushi\.jdks\openjdk-25.0.1\bin\management.dll
Event: 4.282 Loaded shared library C:\Users\rushi\.jdks\openjdk-25.0.1\bin\management_ext.dll
Event: 7.354 Loaded shared library C:\Users\rushi\.jdks\openjdk-25.0.1\bin\sunmscapi.dll
Event: 24.863 Loaded shared library C:\Users\rushi\.jdks\openjdk-25.0.1\bin\verify.dll

Deoptimization events (20 events):
Event: 56.032 Thread 0x0000017fb50576d0 Uncommon trap: trap_request=0xffffffde fr.pc=0x0000017fa13e4b5c relative=0x000000000000175c
Event: 56.032 Thread 0x0000017fb50576d0 Uncommon trap: reason=class_check action=maybe_recompile pc=0x0000017fa13e4b5c method=java.util.zip.InflaterInputStream.read([BII)I @ 78 c2
Event: 56.032 Thread 0x0000017fb50576d0 DEOPT PACKING pc=0x0000017fa13e4b5c sp=0x00000063ff1fe320
Event: 56.032 Thread 0x0000017fb50576d0 DEOPT UNPACKING pc=0x0000017fa0e7af82 sp=0x00000063ff1fe380 mode 2
Event: 56.034 Thread 0x0000017fb50576d0 Uncommon trap: trap_request=0xffffffde fr.pc=0x0000017fa13e4b5c relative=0x000000000000175c
Event: 56.034 Thread 0x0000017fb50576d0 Uncommon trap: reason=class_check action=maybe_recompile pc=0x0000017fa13e4b5c method=java.util.zip.InflaterInputStream.read([BII)I @ 78 c2
Event: 56.034 Thread 0x0000017fb50576d0 DEOPT PACKING pc=0x0000017fa13e4b5c sp=0x00000063ff1fd030
Event: 56.034 Thread 0x0000017fb50576d0 DEOPT UNPACKING pc=0x0000017fa0e7af82 sp=0x00000063ff1fd090 mode 2
Event: 77.901 Thread 0x0000017fb4a524a0 Uncommon trap: trap_request=0xffffff45 fr.pc=0x0000017fa14caa64 relative=0x00000000000000e4
Event: 77.901 Thread 0x0000017fb4a524a0 Uncommon trap: reason=unstable_if action=reinterpret pc=0x0000017fa14caa64 method=java.lang.StringLatin1.indexOfNonWhitespace([B)I @ 19 c2
Event: 77.902 Thread 0x0000017fb4a524a0 DEOPT PACKING pc=0x0000017fa14caa64 sp=0x00000063fe7fd6e0
Event: 77.902 Thread 0x0000017fb4a524a0 DEOPT UNPACKING pc=0x0000017fa0e7af82 sp=0x00000063fe7fd540 mode 2
Event: 77.906 Thread 0x0000017fb4a524a0 Uncommon trap: trap_request=0xffffff45 fr.pc=0x0000017fa1590f68 relative=0x00000000000000e8
Event: 77.906 Thread 0x0000017fb4a524a0 Uncommon trap: reason=unstable_if action=reinterpret pc=0x0000017fa1590f68 method=java.lang.StringLatin1.indexOfNonWhitespace([B)I @ 19 c2
Event: 77.906 Thread 0x0000017fb4a524a0 DEOPT PACKING pc=0x0000017fa1590f68 sp=0x00000063fe7fd680
Event: 77.906 Thread 0x0000017fb4a524a0 DEOPT UNPACKING pc=0x0000017fa0e7af82 sp=0x00000063fe7fd540 mode 2
Event: 77.917 Thread 0x0000017fb4a524a0 Uncommon trap: trap_request=0xffffff45 fr.pc=0x0000017fa14869fc relative=0x000000000000037c
Event: 77.917 Thread 0x0000017fb4a524a0 Uncommon trap: reason=unstable_if action=reinterpret pc=0x0000017fa14869fc method=org.springframework.util.AntPathMatcher.skipSegment(Ljava/lang/String;ILjava/lang/String;)I @ 60 c2
Event: 77.917 Thread 0x0000017fb4a524a0 DEOPT PACKING pc=0x0000017fa14869fc sp=0x00000063fe7fc540
Event: 77.917 Thread 0x0000017fb4a524a0 DEOPT UNPACKING pc=0x0000017fa0e7af82 sp=0x00000063fe7fc4c8 mode 2

Classes loaded (20 events):
Event: 75.308 Loading class java/util/concurrent/Semaphore$Sync done
Event: 75.310 Loading class java/util/concurrent/Semaphore$NonfairSync done
Event: 75.323 Loading class sun/nio/ch/SocketAdaptor
Event: 75.419 Loading class sun/nio/ch/SocketAdaptor done
Event: 75.421 Loading class sun/nio/ch/SocketChannelImpl$DefaultOptionsHolder
Event: 75.432 Loading class sun/nio/ch/SocketChannelImpl$DefaultOptionsHolder done
Event: 75.468 Loading class sun/nio/ch/SelectionKeyImpl
Event: 75.489 Loading class java/nio/channels/spi/AbstractSelectionKey
Event: 75.492 Loading class java/nio/channels/SelectionKey
Event: 75.503 Loading class java/nio/channels/SelectionKey done
Event: 75.503 Loading class java/nio/channels/spi/AbstractSelectionKey done
Event: 75.503 Loading class sun/nio/ch/SelectionKeyImpl done
Event: 75.517 Loading class java/lang/invoke/ConstantBootstraps
Event: 75.543 Loading class java/lang/invoke/ConstantBootstraps done
Event: 77.181 Loading class java/security/SecurityPermission
Event: 77.183 Loading class java/security/SecurityPermission done
Event: 78.226 Loading class com/sun/crypto/provider/HmacCore$HmacSHA256
Event: 78.227 Loading class com/sun/crypto/provider/HmacCore$HmacSHA256 done
Event: 78.397 Loading class sun/nio/cs/ISO_8859_1$Encoder
Event: 78.398 Loading class sun/nio/cs/ISO_8859_1$Encoder done

Classes unloaded (0 events):
No events

Classes redefined (0 events):
No events

Internal exceptions (20 events):
Event: 24.315 Thread 0x0000017fb340d350 Exception <a 'java/lang/IncompatibleClassChangeError'{0x00000000894575b8}: Found class java.lang.Object, but interface was expected> (0x00000000894575b8) 
thrown [s\open\src\hotspot\share\interpreter\linkResolver.cpp, line 871]
Event: 24.318 Thread 0x0000017fb340d350 Exception <a 'java/lang/NoSuchMethodError'{0x0000000089482a00}: 'java.lang.Object java.lang.invoke.DirectMethodHandle$Holder.invokeStaticInit(java.lang.Object, int)'> (0x0000000089482a00) 
thrown [s\open\src\hotspot\share\interpreter\linkResolver.cpp, line 804]
Event: 24.340 Thread 0x0000017fb340d350 Exception <a 'java/lang/NoSuchMethodError'{0x000000008935dc60}: 'java.lang.Object java.lang.invoke.DirectMethodHandle$Holder.invokeVirtual(java.lang.Object, java.lang.Object, java.lang.Object, java.lang.Object, java.lang.Object, java.lang.Object, java.lang.Object)'> (0x000000008935dc60) 
thrown [s\open\src\hotspot\share\interpreter\linkResolver.cpp, line 804]
Event: 24.380 Thread 0x0000017fb340d350 Exception <a 'java/lang/NoSuchMethodError'{0x00000000892561f8}: 'double java.lang.invoke.DirectMethodHandle$Holder.invokeVirtual(java.lang.Object, java.lang.Object)'> (0x00000000892561f8) 
thrown [s\open\src\hotspot\share\interpreter\linkResolver.cpp, line 804]
Event: 24.600 Thread 0x0000017fb340d350 Exception <a 'java/lang/NoSuchMethodError'{0x0000000088948ff0}: 'java.lang.Object java.lang.invoke.DirectMethodHandle$Holder.invokeStatic(java.lang.Object, java.lang.Object, java.lang.Object, java.lang.Object, int, java.lang.Object, java.lang.Object)'> (0x0000000088948ff0) 
thrown [s\open\src\hotspot\share\interpreter\linkResolver.cpp, line 804]
Event: 24.693 Thread 0x0000017fb340d350 Exception <a 'java/lang/NoSuchMethodError'{0x00000000888b4b90}: 'int java.lang.invoke.DirectMethodHandle$Holder.invokeStatic(java.lang.Object, int, int, int, int)'> (0x00000000888b4b90) 
thrown [s\open\src\hotspot\share\interpreter\linkResolver.cpp, line 804]
Event: 25.622 Thread 0x0000017fb340d350 Exception <a 'java/lang/NoSuchMethodError'{0x0000000089d1df40}: 'java.lang.Object java.lang.invoke.DirectMethodHandle$Holder.invokeStatic(java.lang.Object, int, int)'> (0x0000000089d1df40) 
thrown [s\open\src\hotspot\share\interpreter\linkResolver.cpp, line 804]
Event: 25.700 Thread 0x0000017fb340d350 Exception <a 'java/lang/NoSuchMethodError'{0x0000000089c6bbe8}: 'java.lang.Object java.lang.invoke.DelegatingMethodHandle$Holder.reinvoke_L(java.lang.Object, int, int, long, java.lang.Object, long, long, long)'> (0x0000000089c6bbe8) 
thrown [s\open\src\hotspot\share\interpreter\linkResolver.cpp, line 804]
Event: 25.702 Thread 0x0000017fb340d350 Exception <a 'java/lang/NoSuchMethodError'{0x0000000089cafb88}: 'java.lang.Object java.lang.invoke.DelegatingMethodHandle$Holder.reinvoke_L(java.lang.Object, java.lang.Object, java.lang.Object, java.lang.Object, java.lang.Object, java.lang.Object, java.lang.Object, java.lang.Object, java.lang.Object, java.lang.Object, java.lang.Object, java.lang.Object, java.lang.Object, java.lang.Object, int, java.lang.Object, java.lang.Object, java.lang.Object, java.lang.Object, java.lang.Object, java.lang.Object, java.l
Event: 25.705 Thread 0x0000017fb340d350 Exception <a 'java/lang/NoSuchMethodError'{0x0000000089b28fd8}: 'java.lang.Object java.lang.invoke.DirectMethodHandle$Holder.invokeStatic(java.lang.Object, java.lang.Object, java.lang.Object, java.lang.Object, java.lang.Object, java.lang.Object, java.lang.Object, java.lang.Object, java.lang.Object, java.lang.Object, java.lang.Object, java.lang.Object, java.lang.Object)'> (0x0000000089b28fd8) 
thrown [s\open\src\hotspot\share\interpreter\linkResolver.cpp, line 804]
Event: 25.707 Thread 0x0000017fb340d350 Exception <a 'java/lang/NoSuchMethodError'{0x0000000089b54020}: 'java.lang.Object java.lang.invoke.DirectMethodHandle$Holder.invokeStatic(java.lang.Object, java.lang.Object, java.lang.Object, java.lang.Object, java.lang.Object, java.lang.Object, java.lang.Object, java.lang.Object, java.lang.Object, java.lang.Object, java.lang.Object, java.lang.Object, java.lang.Object, java.lang.Object)'> (0x0000000089b54020) 
thrown [s\open\src\hotspot\share\interpreter\linkResolver.cpp, line 804]
Event: 25.709 Thread 0x0000017fb340d350 Exception <a 'java/lang/NoSuchMethodError'{0x0000000089b794e8}: 'java.lang.Object java.lang.invoke.DelegatingMethodHandle$Holder.reinvoke_L(java.lang.Object, java.lang.Object, java.lang.Object, java.lang.Object, java.lang.Object, java.lang.Object, java.lang.Object, java.lang.Object, java.lang.Object, java.lang.Object, java.lang.Object, java.lang.Object, java.lang.Object, java.lang.Object, java.lang.Object, java.lang.Object, java.lang.Object, java.lang.Object, java.lang.Object, java.lang.Object, java.lang.O
Event: 25.799 Thread 0x0000017fb36607f0 Exception <a 'java/lang/NoSuchMethodError'{0x0000000089699000}: 'long java.lang.invoke.DelegatingMethodHandle$Holder.reinvoke_L(java.lang.Object, java.lang.Object)'> (0x0000000089699000) 
thrown [s\open\src\hotspot\share\interpreter\linkResolver.cpp, line 804]
Event: 25.839 Thread 0x0000017fb340d350 Exception <a 'java/lang/IncompatibleClassChangeError'{0x000000008952b358}: Found class java.lang.Object, but interface was expected> (0x000000008952b358) 
thrown [s\open\src\hotspot\share\interpreter\linkResolver.cpp, line 871]
Event: 75.188 Thread 0x0000017fb5053850 Exception <a 'java/lang/NoSuchMethodError'{0x000000008c2fa4f8}: 'java.lang.Object java.lang.invoke.DirectMethodHandle$Holder.invokeStatic(java.lang.Object, java.lang.Object, java.lang.Object, int, int)'> (0x000000008c2fa4f8) 
thrown [s\open\src\hotspot\share\interpreter\linkResolver.cpp, line 804]
Event: 75.206 Thread 0x0000017fb5053850 Exception <a 'java/lang/NoSuchMethodError'{0x000000008c2fe688}: 'java.lang.Object java.lang.invoke.DirectMethodHandle$Holder.invokeStaticInit(java.lang.Object, java.lang.Object, java.lang.Object, int, int)'> (0x000000008c2fe688) 
thrown [s\open\src\hotspot\share\interpreter\linkResolver.cpp, line 804]
Event: 76.561 Thread 0x0000017fb4a4fd90 Exception <a 'java/lang/NoSuchMethodError'{0x000000008c02b698}: 'java.lang.Object java.lang.invoke.DirectMethodHandle$Holder.invokeSpecial(java.lang.Object, java.lang.Object, java.lang.Object, java.lang.Object, java.lang.Object, long)'> (0x000000008c02b698) 
thrown [s\open\src\hotspot\share\interpreter\linkResolver.cpp, line 804]
Event: 76.573 Thread 0x0000017fb4a4fd90 Exception <a 'java/lang/NoSuchMethodError'{0x000000008c034188}: 'java.lang.Object java.lang.invoke.DirectMethodHandle$Holder.invokeSpecial(java.lang.Object, java.lang.Object, java.lang.Object, java.lang.Object, java.lang.Object, java.lang.Object, long)'> (0x000000008c034188) 
thrown [s\open\src\hotspot\share\interpreter\linkResolver.cpp, line 804]
Event: 76.582 Thread 0x0000017fb4a4fd90 Exception <a 'java/lang/NoSuchMethodError'{0x000000008c03c4e0}: 'java.lang.Object java.lang.invoke.DelegatingMethodHandle$Holder.reinvoke_L(java.lang.Object, java.lang.Object, java.lang.Object, java.lang.Object, java.lang.Object, long)'> (0x000000008c03c4e0) 
thrown [s\open\src\hotspot\share\interpreter\linkResolver.cpp, line 804]
Event: 76.607 Thread 0x0000017fb4a4fd90 Exception <a 'java/lang/NoSuchMethodError'{0x000000008c04ca38}: 'java.lang.Object java.lang.invoke.Invokers$Holder.linkToTargetMethod(java.lang.Object, java.lang.Object, java.lang.Object, long, java.lang.Object)'> (0x000000008c04ca38) 
thrown [s\open\src\hotspot\share\interpreter\linkResolver.cpp, line 804]

VM Operations (20 events):
Event: 24.780 Executing safepoint VM operation: G1PauseRemark
Event: 24.785 Executing safepoint VM operation: G1PauseRemark done
Event: 24.800 Executing safepoint VM operation: G1PauseCleanup
Event: 24.800 Executing safepoint VM operation: G1PauseCleanup done
Event: 24.885 Executing non-safepoint VM operation: HandshakeAllThreads (Deoptimize)
Event: 24.886 Executing non-safepoint VM operation: HandshakeAllThreads (Deoptimize) done
Event: 25.012 Executing non-safepoint VM operation: HandshakeAllThreads (Deoptimize)
Event: 25.012 Executing non-safepoint VM operation: HandshakeAllThreads (Deoptimize) done
Event: 25.719 Executing non-safepoint VM operation: HandshakeAllThreads (Deoptimize)
Event: 25.719 Executing non-safepoint VM operation: HandshakeAllThreads (Deoptimize) done
Event: 55.742 Executing safepoint VM operation: G1CollectForAllocation (G1 Evacuation Pause)
Event: 55.763 Executing safepoint VM operation: G1CollectForAllocation (G1 Evacuation Pause) done
Event: 60.287 Executing non-safepoint VM operation: HandshakeAllThreads (HandshakeForDeflation)
Event: 60.287 Executing non-safepoint VM operation: HandshakeAllThreads (HandshakeForDeflation) done
Event: 60.287 Executing non-safepoint VM operation: RendezvousGCThreads
Event: 60.287 Executing non-safepoint VM operation: RendezvousGCThreads done
Event: 76.968 Executing non-safepoint VM operation: HandshakeAllThreads (Deoptimize)
Event: 76.969 Executing non-safepoint VM operation: HandshakeAllThreads (Deoptimize) done
Event: 77.055 Executing non-safepoint VM operation: HandshakeAllThreads (Deoptimize)
Event: 77.056 Executing non-safepoint VM operation: HandshakeAllThreads (Deoptimize) done

Memory protections (0 events):
No events

Nmethod flushes (20 events):
Event: 24.784 Thread 0x0000017fadeff870 flushing  nmethod 0x0000017f99a2e788
Event: 24.784 Thread 0x0000017fadeff870 flushing  nmethod 0x0000017f99a2fb08
Event: 24.784 Thread 0x0000017fadeff870 flushing  nmethod 0x0000017f99a30208
Event: 24.784 Thread 0x0000017fadeff870 flushing  nmethod 0x0000017f99a61388
Event: 24.784 Thread 0x0000017fadeff870 flushing  nmethod 0x0000017f99a67008
Event: 24.784 Thread 0x0000017fadeff870 flushing  nmethod 0x0000017f99b0b008
Event: 24.784 Thread 0x0000017fadeff870 flushing  nmethod 0x0000017f99b48508
Event: 24.784 Thread 0x0000017fadeff870 flushing  nmethod 0x0000017f99bc9e08
Event: 24.784 Thread 0x0000017fadeff870 flushing  nmethod 0x0000017f99bca988
Event: 24.784 Thread 0x0000017fadeff870 flushing  nmethod 0x0000017f99bcb788
Event: 24.784 Thread 0x0000017fadeff870 flushing  nmethod 0x0000017f99cd6508
Event: 24.784 Thread 0x0000017fadeff870 flushing  nmethod 0x0000017f99d2f688
Event: 24.784 Thread 0x0000017fadeff870 flushing  nmethod 0x0000017f99d32088
Event: 24.784 Thread 0x0000017fadeff870 flushing  nmethod 0x0000017f99d33d08
Event: 24.784 Thread 0x0000017fadeff870 flushing  nmethod 0x0000017f99fb9108
Event: 24.784 Thread 0x0000017fadeff870 flushing  nmethod 0x0000017f99fbb088
Event: 24.784 Thread 0x0000017fadeff870 flushing  nmethod 0x0000017f9a149688
Event: 24.784 Thread 0x0000017fadeff870 flushing  nmethod 0x0000017f9a14af08
Event: 24.784 Thread 0x0000017fadeff870 flushing  nmethod 0x0000017f9a30ee08
Event: 24.784 Thread 0x0000017fadeff870 flushing  nmethod 0x0000017f9a365008

Events (20 events):
Event: 25.763 Thread 0x0000017fb340d350 Thread added: 0x0000017fb4a53440
Event: 25.763 Thread 0x0000017fb340d350 Thread added: 0x0000017fb4a52c70
Event: 25.763 Thread 0x0000017fb340d350 Thread added: 0x0000017fb4a51500
Event: 25.763 Thread 0x0000017fb340d350 Thread added: 0x0000017fb4a51cd0
Event: 25.763 Thread 0x0000017fb340d350 Thread added: 0x0000017fb4a543e0
Event: 25.763 Thread 0x0000017fb340d350 Thread added: 0x0000017fb4a50d30
Event: 25.763 Thread 0x0000017fb340d350 Thread added: 0x0000017fb4a55b50
Event: 25.787 Thread 0x0000017fb340d350 Thread added: 0x0000017fb5054fc0
Event: 25.789 Thread 0x0000017fb340d350 Thread added: 0x0000017fb5053850
Event: 25.807 Thread 0x0000017fadf31410 Thread added: 0x0000017fb3c6de70
Event: 26.130 Thread 0x0000017fb3c6de70 Thread exited: 0x0000017fb3c6de70
Event: 26.521 Thread 0x0000017fadf42e10 Thread added: 0x0000017fb3c6de70
Event: 26.547 Thread 0x0000017fb340d350 Thread exited: 0x0000017fb340d350
Event: 26.566 Thread 0x0000017fb3423970 Thread exited: 0x0000017fb3423970
Event: 26.569 Thread 0x0000017f90fc23a0 Thread exited: 0x0000017f90fc23a0
Event: 26.569 Thread 0x0000017fb5054020 Thread added: 0x0000017fb5054020
Event: 26.733 Thread 0x0000017fb3c6de70 Thread exited: 0x0000017fb3c6de70
Event: 55.741 Thread 0x0000017fb5d95c70 Thread added: 0x0000017fb50576d0
Event: 55.741 Thread 0x0000017fb5d9b260 Thread added: 0x0000017fb5059610
Event: 85.807 Thread 0x0000017fb3482af0 Thread exited: 0x0000017fb3482af0


Dynamic libraries:
0x00007ff62df50000 - 0x00007ff62df5e000 	C:\Users\rushi\.jdks\openjdk-25.0.1\bin\java.exe
0x00007ff80ab40000 - 0x00007ff80ada7000 	C:\WINDOWS\SYSTEM32\ntdll.dll
0x00007ff8092b0000 - 0x00007ff809379000 	C:\WINDOWS\System32\KERNEL32.DLL
0x00007ff8079c0000 - 0x00007ff807db4000 	C:\WINDOWS\System32\KERNELBASE.dll
0x00007ff8076c0000 - 0x00007ff80780b000 	C:\WINDOWS\System32\ucrtbase.dll
0x00007fffe4570000 - 0x00007fffe4587000 	C:\Users\rushi\.jdks\openjdk-25.0.1\bin\jli.dll
0x00007fffeac90000 - 0x00007fffeacae000 	C:\Users\rushi\.jdks\openjdk-25.0.1\bin\VCRUNTIME140.dll
0x00007ff808fc0000 - 0x00007ff809185000 	C:\WINDOWS\System32\USER32.dll
0x00007fffe3f20000 - 0x00007fffe41b3000 	C:\WINDOWS\WinSxS\amd64_microsoft.windows.common-controls_6595b64144ccf1df_6.0.26100.8115_none_3e075c82e3354f9c\COMCTL32.dll
0x00007ff807990000 - 0x00007ff8079b7000 	C:\WINDOWS\System32\win32u.dll
0x00007ff809e40000 - 0x00007ff809ee9000 	C:\WINDOWS\System32\msvcrt.dll
0x00007ff80aa20000 - 0x00007ff80aa4b000 	C:\WINDOWS\System32\GDI32.dll
0x00007ff807dc0000 - 0x00007ff807eea000 	C:\WINDOWS\System32\gdi32full.dll
0x00007ff807580000 - 0x00007ff807623000 	C:\WINDOWS\System32\msvcp_win.dll
0x00007ff80a550000 - 0x00007ff80a582000 	C:\WINDOWS\System32\IMM32.DLL
0x00007fffead70000 - 0x00007fffead7c000 	C:\Users\rushi\.jdks\openjdk-25.0.1\bin\vcruntime140_1.dll
0x00007fffd2ce0000 - 0x00007fffd2d6d000 	C:\Users\rushi\.jdks\openjdk-25.0.1\bin\msvcp140.dll
0x00007fff65840000 - 0x00007fff6669f000 	C:\Users\rushi\.jdks\openjdk-25.0.1\bin\server\jvm.dll
0x00007ff809ba0000 - 0x00007ff809c56000 	C:\WINDOWS\System32\ADVAPI32.dll
0x00007ff809380000 - 0x00007ff809427000 	C:\WINDOWS\System32\sechost.dll
0x00007ff80a840000 - 0x00007ff80a958000 	C:\WINDOWS\System32\RPCRT4.dll
0x00007ff808f20000 - 0x00007ff808fa0000 	C:\WINDOWS\System32\WS2_32.dll
0x00007ff807270000 - 0x00007ff8072ce000 	C:\WINDOWS\SYSTEM32\POWRPROF.dll
0x00007ffffba90000 - 0x00007ffffbac6000 	C:\WINDOWS\SYSTEM32\WINMM.dll
0x00007ffff4af0000 - 0x00007ffff4afb000 	C:\WINDOWS\SYSTEM32\VERSION.dll
0x00007ff807250000 - 0x00007ff807264000 	C:\WINDOWS\SYSTEM32\UMPDC.dll
0x00007ff8061a0000 - 0x00007ff8061bb000 	C:\WINDOWS\SYSTEM32\kernel.appcore.dll
0x00007fffead10000 - 0x00007fffead1a000 	C:\Users\rushi\.jdks\openjdk-25.0.1\bin\jimage.dll
0x00007ff8052f0000 - 0x00007ff805532000 	C:\WINDOWS\SYSTEM32\DBGHELP.DLL
0x00007ff809fd0000 - 0x00007ff80a352000 	C:\WINDOWS\System32\combase.dll
0x00007ff809c60000 - 0x00007ff809d37000 	C:\WINDOWS\System32\OLEAUT32.dll
0x00007fffe1810000 - 0x00007fffe184b000 	C:\WINDOWS\SYSTEM32\dbgcore.DLL
0x00007ff8074d0000 - 0x00007ff807575000 	C:\WINDOWS\System32\bcryptPrimitives.dll
0x00007fffeac10000 - 0x00007fffeac20000 	C:\Users\rushi\.jdks\openjdk-25.0.1\bin\instrument.dll
0x00007fffe44f0000 - 0x00007fffe450f000 	C:\Users\rushi\.jdks\openjdk-25.0.1\bin\java.dll
0x00007ff80a620000 - 0x00007ff80a7b7000 	C:\WINDOWS\System32\ole32.dll
0x00007ff809430000 - 0x00007ff809b96000 	C:\WINDOWS\System32\SHELL32.dll
0x00007ff807ef0000 - 0x00007ff80805a000 	C:\WINDOWS\System32\wintypes.dll
0x00007ff808060000 - 0x00007ff8088c5000 	C:\WINDOWS\System32\windows.storage.dll
0x00007ff8091b0000 - 0x00007ff8092a7000 	C:\WINDOWS\System32\SHCORE.dll
0x00007ff809f50000 - 0x00007ff809fb6000 	C:\WINDOWS\System32\shlwapi.dll
0x00007ff807330000 - 0x00007ff807359000 	C:\WINDOWS\SYSTEM32\profapi.dll
0x00007fffdfd40000 - 0x00007fffdfd57000 	C:\Users\rushi\.jdks\openjdk-25.0.1\bin\zip.dll
0x00007fffe44a0000 - 0x00007fffe44b2000 	C:\Users\rushi\.jdks\openjdk-25.0.1\bin\net.dll
0x00007ff806710000 - 0x00007ff80677c000 	C:\WINDOWS\system32\mswsock.dll
0x00007fffe32e0000 - 0x00007fffe32f6000 	C:\Users\rushi\.jdks\openjdk-25.0.1\bin\nio.dll
0x00007fffea250000 - 0x00007fffea259000 	C:\Users\rushi\.jdks\openjdk-25.0.1\bin\extnet.dll
0x00007fffe4620000 - 0x00007fffe462a000 	C:\Users\rushi\.jdks\openjdk-25.0.1\bin\management.dll
0x00007fffe45c0000 - 0x00007fffe45cc000 	C:\Users\rushi\.jdks\openjdk-25.0.1\bin\management_ext.dll
0x00007ff808fb0000 - 0x00007ff808fb8000 	C:\WINDOWS\System32\PSAPI.DLL
0x00007ff805b40000 - 0x00007ff805b72000 	C:\WINDOWS\SYSTEM32\IPHLPAPI.DLL
0x00007ff809fc0000 - 0x00007ff809fca000 	C:\WINDOWS\System32\NSI.dll
0x00007ff805bf0000 - 0x00007ff805d22000 	C:\WINDOWS\SYSTEM32\DNSAPI.dll
0x00007ff8006c0000 - 0x00007ff8006cb000 	C:\Windows\System32\rasadhlp.dll
0x00007ff801eb0000 - 0x00007ff801f36000 	C:\WINDOWS\System32\fwpuclnt.dll
0x00007fffea2c0000 - 0x00007fffea2ce000 	C:\Users\rushi\.jdks\openjdk-25.0.1\bin\sunmscapi.dll
0x00007ff807810000 - 0x00007ff807987000 	C:\WINDOWS\System32\CRYPT32.dll
0x00007ff806c10000 - 0x00007ff806c40000 	C:\WINDOWS\SYSTEM32\ncrypt.dll
0x00007ff806bc0000 - 0x00007ff806bff000 	C:\WINDOWS\SYSTEM32\NTASN1.dll
0x00007ff8069f0000 - 0x00007ff806a0b000 	C:\WINDOWS\SYSTEM32\CRYPTSP.dll
0x00007ff806100000 - 0x00007ff806139000 	C:\WINDOWS\system32\rsaenh.dll
0x00007ff8067c0000 - 0x00007ff8067f3000 	C:\WINDOWS\SYSTEM32\USERENV.dll
0x00007ff807300000 - 0x00007ff80732a000 	C:\WINDOWS\SYSTEM32\bcrypt.dll
0x00007ff806a10000 - 0x00007ff806a1c000 	C:\WINDOWS\SYSTEM32\CRYPTBASE.dll
0x00007fffe45e0000 - 0x00007fffe45f0000 	C:\Users\rushi\.jdks\openjdk-25.0.1\bin\verify.dll
0x00007fffd9900000 - 0x00007fffd9908000 	C:\WINDOWS\system32\wshunix.dll

JVMTI agents:
D:\clg project\IntelliJ IDEA\IntelliJ IDEA Community Edition 2025.2\lib\idea_rt.jar path:C:\Users\rushi\.jdks\openjdk-25.0.1\bin\instrument.dll, loaded, initialized, instrumentlib options:58873

dbghelp: loaded successfully - version: 4.0.5 - missing functions: none
symbol engine: initialized successfully - sym options: 0x614 - pdb path: .;C:\Users\rushi\.jdks\openjdk-25.0.1\bin;C:\WINDOWS\SYSTEM32;C:\WINDOWS\WinSxS\amd64_microsoft.windows.common-controls_6595b64144ccf1df_6.0.26100.8115_none_3e075c82e3354f9c;C:\Users\rushi\.jdks\openjdk-25.0.1\bin\server

VM Arguments:
jvm_args: -javaagent:D:\clg project\IntelliJ IDEA\IntelliJ IDEA Community Edition 2025.2\lib\idea_rt.jar=58873 -Dfile.encoding=UTF-8 -Dsun.stdout.encoding=UTF-8 -Dsun.stderr.encoding=UTF-8 
java_command: startup.backend.StartupTicketingServiceApplication
java_class_path (initial): D:\StartAhb\CRM_Project\Backup\ticketing_service\StartUP_CRM_Ticketing_Service\target\classes;C:\Users\rushi\.m2\repository\org\springframework\boot\spring-boot-starter-mail\3.5.10\spring-boot-starter-mail-3.5.10.jar;C:\Users\rushi\.m2\repository\org\springframework\boot\spring-boot-starter\3.5.10\spring-boot-starter-3.5.10.jar;C:\Users\rushi\.m2\repository\org\springframework\boot\spring-boot-starter-logging\3.5.10\spring-boot-starter-logging-3.5.10.jar;C:\Users\rushi\.m2\repository\ch\qos\logback\logback-classic\1.5.25\logback-classic-1.5.25.jar;C:\Users\rushi\.m2\repository\ch\qos\logback\logback-core\1.5.25\logback-core-1.5.25.jar;C:\Users\rushi\.m2\repository\org\apache\logging\log4j\log4j-to-slf4j\2.24.3\log4j-to-slf4j-2.24.3.jar;C:\Users\rushi\.m2\repository\org\apache\logging\log4j\log4j-api\2.24.3\log4j-api-2.24.3.jar;C:\Users\rushi\.m2\repository\org\slf4j\jul-to-slf4j\2.0.17\jul-to-slf4j-2.0.17.jar;C:\Users\rushi\.m2\repository\jakarta\annotation\jakarta.annotation-api\2.1.1\jakarta.annotation-api-2.1.1.jar;C:\Users\rushi\.m2\repository\org\yaml\snakeyaml\2.4\snakeyaml-2.4.jar;C:\Users\rushi\.m2\repository\org\springframework\spring-context-support\6.2.15\spring-context-support-6.2.15.jar;C:\Users\rushi\.m2\repository\org\springframework\spring-beans\6.2.15\spring-beans-6.2.15.jar;C:\Users\rushi\.m2\repository\org\springframework\spring-context\6.2.15\spring-context-6.2.15.jar;C:\Users\rushi\.m2\repository\org\eclipse\angus\jakarta.mail\2.0.5\jakarta.mail-2.0.5.jar;C:\Users\rushi\.m2\repository\jakarta\activation\jakarta.activation-api\2.1.4\jakarta.activation-api-2.1.4.jar;C:\Users\rushi\.m2\repository\org\eclipse\angus\angus-activation\2.0.3\angus-activation-2.0.3.jar;C:\Users\rushi\.m2\repository\org\springframework\boot\spring-boot-starter-actuator\3.5.10\spring-boot-starter-actuator-3.5.10.jar;C:\Users\rushi\.m2\repository\org\springframework\boot\spring-boot-actuator-autoconfigure\3.5.10\spring-boot-actuator-autoconfigure-3.5.10.jar;C:\Users\rushi\.m2\repository\org\springframework\boot\spring-boot-actuator\3.5.10\spring-boot-actuator-3.5.10.jar;C:\Users\rushi\.m2\repository\com\fasterxml\jackson\datatype\jackson-datatype-jsr310\2.19.4\jackson-datatype-jsr310-2.19.4.jar;C:\Users\rushi\.m2\repository\io\micrometer\micrometer-observation\1.15.8\micrometer-observation-1.15.8.jar;C:\Users\rushi\.m2\repository\io\micrometer\micrometer-commons\1.15.8\micrometer-commons-1.15.8.jar;C:\Users\rushi\.m2\repository\io\micrometer\micrometer-jakarta9\1.15.8\micrometer-jakarta9-1.15.8.jar;C:\Users\rushi\.m2\repository\io\micrometer\micrometer-core\1.15.8\micrometer-core-1.15.8.jar;C:\Users\rushi\.m2\repository\org\hdrhistogram\HdrHistogram\2.2.2\HdrHistogram-2.2.2.jar;C:\Users\rushi\.m2\repository\org\latencyutils\LatencyUtils\2.0.3\LatencyUtils-2.0.3.jar;C:\Users\rushi\.m2\repository\org\springframework\boot\spring-boot-starter-data-jpa\3.5.10\spring-boot-starter-data-jpa-3.5.10.jar;C:\Users\rushi\.m2\repository\org\springframework\boot\spring-boot-starter-jdbc\3.5.10\spring-boot-starter-jdbc-3.5.10.jar;C:\Users\rushi\.m2\repository\com\zaxxer\HikariCP\6.3.3\HikariCP-6.3.3.jar;C:\Users\rushi\.m2\repository\org\springframework\spring-jdbc\6.2.15\spring-jdbc-6.2.15.jar;C:\Users\rushi\.m2\repository\org\hibernate\orm\hibernate-core\6.6.41.Final\hibernate-core-6.6.41.Final.jar;C:\Users\rushi\.m2\repository\jakarta\persistence\jakarta.persistence-api\3.1.0\jakarta.persistence-api-3.1.0.jar;C:\Users\rushi\.m2\repository\jakarta\transaction\jakarta.transaction-api\2.0.1\jakarta.transaction-api-2.0.1.jar;C:\Users\rushi\.m2\repository\org\jboss\logging\jboss-logging\3.6.1.Final\jboss-logging-3.6.1.Final.jar;C:\Users\rushi\.m2\repository\org\hibernate\common\hibernate-commons-annotations\7.0.3.Final\hibernate-commons-annotations-7.0.3.Final.jar;C:\Users\rushi\.m2\repository\io\smallrye\jandex\3.2.0\jandex-3.2.0.jar;C:\Users\rushi\.m2\repository\com\fasterxml\classmate\1.7.3\classmate-1.7.3.jar;C:\Users\rushi\.m2\repository\net\bytebuddy\byte-buddy\1.17.8\byte-buddy-1.17.8.jar;C:\Users\rushi\.m2\repository\org\glassfish\jaxb\jaxb-runtime\4.0.6\jaxb-runtime-4.0.6.jar;C:\Users\rushi\.m2\repository\org\glassfish\jaxb\jaxb-core\4.0.6\jaxb-core-4.0.6.jar;C:\Users\rushi\.m2\repository\org\glassfish\jaxb\txw2\4.0.6\txw2-4.0.6.jar;C:\Users\rushi\.m2\repository\com\sun\istack\istack-commons-runtime\4.1.2\istack-commons-runtime-4.1.2.jar;C:\Users\rushi\.m2\repository\jakarta\inject\jakarta.inject-api\2.0.1\jakarta.inject-api-2.0.1.jar;C:\Users\rushi\.m2\repository\org\antlr\antlr4-runtime\4.13.0\antlr4-runtime-4.13.0.jar;C:\Users\rushi\.m2\repository\org\springframework\data\spring-data-jpa\3.5.8\spring-data-jpa-3.5.8.jar;C:\Users\rushi\.m2\repository\org\springframework\data\spring-data-commons\3.5.8\spring-data-commons-3.5.8.jar;C:\Users\rushi\.m2\repository\org\springframework\spring-orm\6.2.15\spring-orm-6.2.15.jar;C:\Users\rushi\.m2\repository\org\springframework\spring-tx\6.2.15\spring-tx-6.2.15.jar;C:\Users\rushi\.m2\repository\org\slf4j\slf4j-api\2.0.17\slf4j-api-2.0.17.jar;C:\Users\rushi\.m2\repository\org\springframework\spring-aspects\6.2.15\spring-aspects-6.2.15.jar;C:\Users\rushi\.m2\repository\org\aspectj\aspectjweaver\1.9.25.1\aspectjweaver-1.9.25.1.jar;C:\Users\rushi\.m2\repository\org\springframework\boot\spring-boot-starter-security\3.5.10\spring-boot-starter-security-3.5.10.jar;C:\Users\rushi\.m2\repository\org\springframework\spring-aop\6.2.15\spring-aop-6.2.15.jar;C:\Users\rushi\.m2\repository\org\springframework\security\spring-security-config\6.5.7\spring-security-config-6.5.7.jar;C:\Users\rushi\.m2\repository\org\springframework\security\spring-security-web\6.5.7\spring-security-web-6.5.7.jar;C:\Users\rushi\.m2\repository\org\springframework\spring-expression\6.2.15\spring-expression-6.2.15.jar;C:\Users\rushi\.m2\repository\io\jsonwebtoken\jjwt-api\0.11.5\jjwt-api-0.11.5.jar;C:\Users\rushi\.m2\repository\io\jsonwebtoken\jjwt-impl\0.11.5\jjwt-impl-0.11.5.jar;C:\Users\rushi\.m2\repository\io\jsonwebtoken\jjwt-jackson\0.11.5\jjwt-jackson-0.11.5.jar;C:\Users\rushi\.m2\repository\com\fasterxml\jackson\core\jackson-databind\2.19.4\jackson-databind-2.19.4.jar;C:\Users\rushi\.m2\repository\com\fasterxml\jackson\core\jackson-annotations\2.19.4\jackson-annotations-2.19.4.jar;C:\Users\rushi\.m2\repository\com\fasterxml\jackson\core\jackson-core\2.19.4\jackson-core-2.19.4.jar;C:\Users\rushi\.m2\repository\javax\annotation\javax.annotation-api\1.3.2\javax.annotation-api-1.3.2.jar;C:\Users\rushi\.m2\repository\org\springframework\boot\spring-boot-starter-validation\3.5.10\spring-boot-starter-validation-3.5.10.jar;C:\Users\rushi\.m2\repository\org\apache\tomcat\embed\tomcat-embed-el\10.1.50\tomcat-embed-el-10.1.50.jar;C:\Users\rushi\.m2\repository\org\hibernate\validator\hibernate-validator\8.0.3.Final\hibernate-validator-8.0.3.Final.jar;C:\Users\rushi\.m2\repository\jakarta\validation\jakarta.validation-api\3.0.2\jakarta.validation-api-3.0.2.jar;C:\Users\rushi\.m2\repository\org\springframework\boot\spring-boot-starter-web\3.5.10\spring-boot-starter-web-3.5.10.jar;C:\Users\rushi\.m2\repository\org\springframework\boot\spring-boot-starter-json\3.5.10\spring-boot-starter-json-3.5.10.jar;C:\Users\rushi\.m2\repository\com\fasterxml\jackson\datatype\jackson-datatype-jdk8\2.19.4\jackson-datatype-jdk8-2.19.4.jar;C:\Users\rushi\.m2\repository\com\fasterxml\jackson\module\jackson-module-parameter-names\2.19.4\jackson-module-parameter-names-2.19.4.jar;C:\Users\rushi\.m2\repository\org\springframework\boot\spring-boot-starter-tomcat\3.5.10\spring-boot-starter-tomcat-3.5.10.jar;C:\Users\rushi\.m2\repository\org\apache\tomcat\embed\tomcat-embed-core\10.1.50\tomcat-embed-core-10.1.50.jar;C:\Users\rushi\.m2\repository\org\apache\tomcat\embed\tomcat-embed-websocket\10.1.50\tomcat-embed-websocket-10.1.50.jar;C:\Users\rushi\.m2\repository\org\springframework\spring-web\6.2.15\spring-web-6.2.15.jar;C:\Users\rushi\.m2\repository\org\springframework\spring-webmvc\6.2.15\spring-webmvc-6.2.15.jar;C:\Users\rushi\.m2\repository\org\springframework\cloud\spring-cloud-starter-netflix-eureka-client\4.3.1\spring-cloud-starter-netflix-eureka-client-4.3.1.jar;C:\Users\rushi\.m2\repository\org\springframework\cloud\spring-cloud-starter\4.3.1\spring-cloud-starter-4.3.1.jar;C:\Users\rushi\.m2\repository\org\springframework\cloud\spring-cloud-context\4.3.1\spring-cloud-context-4.3.1.jar;C:\Users\rushi\.m2\repository\org\bouncycastle\bcprov-jdk18on\1.80\bcprov-jdk18on-1.80.jar;C:\Users\rushi\.m2\repository\org\springframework\cloud\spring-cloud-netflix-eureka-client\4.3.1\spring-cloud-netflix-eureka-client-4.3.1.jar;C:\Users\rushi\.m2\repository\org\apache\httpcomponents\client5\httpclient5\5.5.2\httpclient5-5.5.2.jar;C:\Users\rushi\.m2\repository\org\apache\httpcomponents\core5\httpcore5\5.3.6\httpcore5-5.3.6.jar;C:\Users\rushi\.m2\repository\org\apache\httpcomponents\core5\httpcore5-h2\5.3.6\httpcore5-h2-5.3.6.jar;C:\Users\rushi\.m2\repository\com\netflix\eureka\eureka-client\2.0.5\eureka-client-2.0.5.jar;C:\Users\rushi\.m2\repository\com\thoughtworks\xstream\xstream\1.4.21\xstream-1.4.21.jar;C:\Users\rushi\.m2\repository\io\github\x-stream\mxparser\1.2.2\mxparser-1.2.2.jar;C:\Users\rushi\.m2\repository\xmlpull\xmlpull\1.1.3.1\xmlpull-1.1.3.1.jar;C:\Users\rushi\.m2\repository\jakarta\ws\rs\jakarta.ws.rs-api\3.1.0\jakarta.ws.rs-api-3.1.0.jar;C:\Users\rushi\.m2\repository\com\netflix\spectator\spectator-api\1.7.3\spectator-api-1.7.3.jar;C:\Users\rushi\.m2\repository\org\apache\httpcomponents\httpclient\4.5.3\httpclient-4.5.3.jar;C:\Users\rushi\.m2\repository\org\apache\httpcomponents\httpcore\4.4.16\httpcore-4.4.16.jar;C:\Users\rushi\.m2\repository\commons-codec\commons-codec\1.18.0\commons-codec-1.18.0.jar;C:\Users\rushi\.m2\repository\commons-configuration\commons-configuration\1.10\commons-configuration-1.10.jar;C:\Users\rushi\.m2\repository\commons-lang\commons-lang\2.6\commons-lang-2.6.jar;C:\Users\rushi\.m2\repository\com\netflix\netflix-commons\netflix-eventbus\0.3.0\netflix-eventbus-0.3.0.jar;C:\Users\rushi\.m2\repository\com\netflix\netflix-commons\netflix-infix\0.3.0\netflix-infix-0.3.0.jar;C:\Users\rushi\.m2\repository\commons-jxpath\commons-jxpath\1.3\commons-jxpath-1.3.jar;C:\Users\rushi\.m2\repository\joda-time\joda-time\2.3\joda-time-2.3.jar;C:\Users\rushi\.m2\repository\org\antlr\antlr-runtime\3.4\antlr-runtime-3.4.jar;C:\Users\rushi\.m2\repository\org\antlr\stringtemplate\3.2.1\stringtemplate-3.2.1.jar;C:\Users\rushi\.m2\repository\antlr\antlr\2.7.7\antlr-2.7.7.jar;C:\Users\rushi\.m2\repository\com\google\code\gson\gson\2.13.2\gson-2.13.2.jar;C:\Users\rushi\.m2\repository\com\google\errorprone\error_prone_annotations\2.41.0\error_prone_annotations-2.41.0.jar;C:\Users\rushi\.m2\repository\com\netflix\servo\servo-core\0.5.3\servo-core-0.5.3.jar;C:\Users\rushi\.m2\repository\org\apache\commons\commons-math\2.2\commons-math-2.2.jar;C:\Users\rushi\.m2\repository\org\codehaus\jettison\jettison\1.5.4\jettison-1.5.4.jar;C:\Users\rushi\.m2\repository\org\springframework\cloud\spring-cloud-starter-loadbalancer\4.3.1\spring-cloud-starter-loadbalancer-4.3.1.jar;C:\Users\rushi\.m2\repository\org\springframework\cloud\spring-cloud-loadbalancer\4.3.1\spring-cloud-loadbalancer-4.3.1.jar;C:\Users\rushi\.m2\repository\io\projectreactor\reactor-core\3.7.15\reactor-core-3.7.15.jar;C:\Users\rushi\.m2\repository\org\reactivestreams\reactive-streams\1.0.4\reactive-streams-1.0.4.jar;C:\Users\rushi\.m2\repository\io\projectreactor\addons\reactor-extra\3.5.4\reactor-extra-3.5.4.jar;C:\Users\rushi\.m2\repository\org\springframework\boot\spring-boot-starter-cache\3.5.10\spring-boot-starter-cache-3.5.10.jar;C:\Users\rushi\.m2\repository\com\stoyanr\evictor\1.0.0\evictor-1.0.0.jar;C:\Users\rushi\.m2\repository\org\springframework\cloud\spring-cloud-starter-openfeign\4.3.1\spring-cloud-starter-openfeign-4.3.1.jar;C:\Users\rushi\.m2\repository\org\springframework\cloud\spring-cloud-openfeign-core\4.3.1\spring-cloud-openfeign-core-4.3.1.jar;C:\Users\rushi\.m2\repository\io\github\openfeign\feign-form-spring\13.6\feign-form-spring-13.6.jar;C:\Users\rushi\.m2\repository\org\apache\commons\commons-text\1.13.0\commons-text-1.13.0.jar;C:\Users\rushi\.m2\repository\org\apache\commons\commons-lang3\3.17.0\commons-lang3-3.17.0.jar;C:\Users\rushi\.m2\repository\io\github\openfeign\feign-form\13.6\feign-form-13.6.jar;C:\Users\rushi\.m2\repository\commons-fileupload\commons-fileupload\1.5\commons-fileupload-1.5.jar;C:\Users\rushi\.m2\repository\org\springframework\cloud\spring-cloud-commons\4.3.1\spring-cloud-commons-4.3.1.jar;C:\Users\rushi\.m2\repository\org\springframework\security\spring-security-crypto\6.5.7\spring-security-crypto-6.5.7.jar;C:\Users\rushi\.m2\repository\io\github\openfeign\feign-core\13.6\feign-core-13.6.jar;C:\Users\rushi\.m2\repository\io\github\openfeign\feign-slf4j\13.6\feign-slf4j-13.6.jar;C:\Users\rushi\.m2\repository\org\springframework\boot\spring-boot-devtools\3.5.10\spring-boot-devtools-3.5.10.jar;C:\Users\rushi\.m2\repository\org\springframework\boot\spring-boot\3.5.10\spring-boot-3.5.10.jar;C:\Users\rushi\.m2\repository\org\springframework\boot\spring-boot-autoconfigure\3.5.10\spring-boot-autoconfigure-3.5.10.jar;C:\Users\rushi\.m2\repository\com\mysql\mysql-connector-j\9.5.0\mysql-connector-j-9.5.0.jar;C:\Users\rushi\.m2\repository\org\projectlombok\lombok\1.18.42\lombok-1.18.42.jar;C:\Users\rushi\.m2\repository\jakarta\xml\bind\jakarta.xml.bind-api\4.0.4\jakarta.xml.bind-api-4.0.4.jar;C:\Users\rushi\.m2\repository\org\springframework\spring-core\6.2.15\spring-core-6.2.15.jar;C:\Users\rushi\.m2\repository\org\springframework\spring-jcl\6.2.15\spring-jcl-6.2.15.jar;C:\Users\rushi\.m2\repository\org\springframework\security\spring-security-core\6.5.7\spring-security-core-6.5.7.jar
Launcher Type: SUN_STANDARD

[Global flags]
     intx CICompilerCount                          = 4                                         {product} {ergonomic}
     uint ConcGCThreads                            = 3                                         {product} {ergonomic}
     uint G1ConcRefinementThreads                  = 10                                        {product} {ergonomic}
   size_t G1HeapRegionSize                         = 1048576                                   {product} {ergonomic}
   size_t InitialHeapSize                          = 130023424                                 {product} {ergonomic}
   size_t MarkStackSize                            = 4194304                                   {product} {ergonomic}
   size_t MarkStackSizeMax                         = 536870912                                 {product} {ergonomic}
   size_t MaxHeapSize                              = 2061500416                                {product} {ergonomic}
   size_t MaxNewSize                               = 1236271104                                {product} {ergonomic}
   size_t MinHeapDeltaBytes                        = 1048576                                   {product} {ergonomic}
   size_t MinHeapSize                              = 8388608                                   {product} {ergonomic}
    uintx NonNMethodCodeHeapSize                   = 5832704                                {pd product} {ergonomic}
    uintx NonProfiledCodeHeapSize                  = 122945536                              {pd product} {ergonomic}
    uintx ProfiledCodeHeapSize                     = 122880000                              {pd product} {ergonomic}
    uintx ReservedCodeCacheSize                    = 251658240                              {pd product} {ergonomic}
     bool SegmentedCodeCache                       = true                                      {product} {ergonomic}
   size_t SoftMaxHeapSize                          = 2061500416                             {manageable} {ergonomic}
     bool UseCompressedOops                        = true                           {product lp64_product} {ergonomic}
     bool UseG1GC                                  = true                                      {product} {ergonomic}
     bool UseLargePagesIndividualAllocation        = false                                  {pd product} {ergonomic}

Logging:
Log output configuration:
 #0: stdout all=warning uptime,level,tags foldmultilines=false
 #1: stderr all=off uptime,level,tags foldmultilines=false

Release file:
IMPLEMENTOR="Oracle Corporation" 
JAVA_RUNTIME_VERSION="25.0.1+8-27" 
JAVA_VERSION="25.0.1" 
JAVA_VERSION_DATE="2025-10-21" 
LIBC="default" 
MODULES="java.base java.compiler java.datatransfer java.xml java.prefs java.desktop java.instrument java.logging java.management java.security.sasl java.naming java.rmi java.management.rmi java.net.http java.scripting java.security.jgss java.transaction.xa java.sql java.sql.rowset java.xml.crypto java.se java.smartcardio jdk.accessibility jdk.internal.jvmstat jdk.attach jdk.charsets jdk.internal.opt jdk.zipfs jdk.compiler jdk.crypto.cryptoki jdk.crypto.ec jdk.crypto.mscapi jdk.dynalink jdk.internal.ed jdk.editpad jdk.internal.vm.ci jdk.graal.compiler jdk.graal.compiler.management jdk.hotspot.agent jdk.httpserver jdk.incubator.vector jdk.internal.le jdk.internal.md jdk.jartool jdk.javadoc jdk.jcmd jdk.management jdk.management.agent jdk.jconsole jdk.jdeps jdk.jdwp.agent jdk.jdi jdk.jfr jdk.jlink jdk.jpackage jdk.jshell jdk.jsobject jdk.jstatd jdk.localedata jdk.management.jfr jdk.naming.dns jdk.naming.rmi jdk.net jdk.nio.mapmode jdk.sctp jdk.security.auth jdk.security.jgss jdk.unsupported jdk.unsupported.desktop jdk.xml.dom" 
OS_ARCH="x86_64" 
OS_NAME="Windows" 
SOURCE=".:git:78770bfaefd2" 

Environment Variables:
JAVA_HOME=C:\Program Files\Java\jdk-21.0.7
PATH=D:\Oracle\db_home\bin;C:\WINDOWS\system32;C:\WINDOWS;C:\WINDOWS\System32\Wbem;C:\WINDOWS\System32\WindowsPowerShell\v1.0\;C:\WINDOWS\System32\OpenSSH\;C:\ProgramData\chocolatey\bin;C:\Program Files\MySQL\MySQL Server 8.0\bin;C:\Program Files\MongoDB\Server\7.0\bin;C:\sqlite3;D:\Git\cmd;D:\Git\mingw64\bin;D:\Git\usr\bin;D:\MEAN_Stack_Development\NodeJS\NodeJS_Installation\;C:\Users\rushi\AppData\Roaming\npm;C:\Program Files\Java\jdk-21.0.7\bin;D:\Advanced Java Eclipse\apache-maven-3.9.10\bin;;C:\Program Files\Docker\Docker\resources\bin;C:\Users\rushi\AppData\Local\Programs\Python\Python311\Scripts\;C:\Users\rushi\AppData\Local\Programs\Python\Python311\;C:\Program Files\MySQL\MySQL Shell 8.0\bin\;C:\Users\rushi\AppData\Local\Microsoft\WindowsApps;C:\Users\rushi\AppData\Local\Programs\Microsoft VS Code\bin;C:\MinGW\bin;C:\Program Files\Azure Data Studio\bin;C:\Users\rushi\AppData\Roaming\npm;
USERNAME=rushi
OS=Windows_NT
PROCESSOR_IDENTIFIER=Intel64 Family 6 Model 154 Stepping 4, GenuineIntel
TMP=C:\Users\rushi\AppData\Local\Temp
TEMP=C:\Users\rushi\AppData\Local\Temp




Compilation memory statistics disabled.

Periodic native trim disabled

---------------  S Y S T E M  ---------------

OS:
 Windows 11 , 64 bit Build 26100 (10.0.26100.8115)
OS uptime: 2 days 6:26 hours
Hyper-V role detected

CPU: total 12 (initial active 12) (6 cores per cpu, 2 threads per core) family 6 model 154 stepping 4 microcode 0x42c, cx8, cmov, fxsr, ht, mmx, 3dnowpref, sse, sse2, sse3, ssse3, sse4.1, sse4.2, popcnt, lzcnt, tsc, tscinvbit, avx, avx2, aes, erms, clmul, bmi1, bmi2, adx, sha, fma, vzeroupper, clflush, clflushopt, clwb, hv, serialize, rdtscp, rdpid, fsrm, gfni, f16c, cet_ibt, cet_ss
Processor Information for processor 0
  Max Mhz: 1300, Current Mhz: 1300, Mhz Limit: 1300
Processor Information for processor 1
  Max Mhz: 1300, Current Mhz: 1300, Mhz Limit: 1300
Processor Information for processor 2
  Max Mhz: 1300, Current Mhz: 1300, Mhz Limit: 1300
Processor Information for processor 3
  Max Mhz: 1300, Current Mhz: 1300, Mhz Limit: 1300
Processor Information for processor 4
  Max Mhz: 1300, Current Mhz: 900, Mhz Limit: 897
Processor Information for processor 5
  Max Mhz: 1300, Current Mhz: 900, Mhz Limit: 897
Processor Information for processor 6
  Max Mhz: 1300, Current Mhz: 900, Mhz Limit: 897
Processor Information for processor 7
  Max Mhz: 1300, Current Mhz: 900, Mhz Limit: 897
Processor Information for processor 8
  Max Mhz: 1300, Current Mhz: 900, Mhz Limit: 897
Processor Information for processor 9
  Max Mhz: 1300, Current Mhz: 900, Mhz Limit: 897
Processor Information for processor 10
  Max Mhz: 1300, Current Mhz: 900, Mhz Limit: 897
Processor Information for processor 11
  Max Mhz: 1300, Current Mhz: 900, Mhz Limit: 897

Memory: 4k page, system-wide physical 7863M (648M free)
TotalPageFile size 31189M (AvailPageFile size 4M)
current process WorkingSet (physical memory assigned to process): 53M, peak: 287M
current process commit charge ("private bytes"): 334M, peak: 357M

vm_info: OpenJDK 64-Bit Server VM (25.0.1+8-27) for windows-amd64 JRE (25.0.1+8-27), built on 2025-09-25T16:41:16Z with unknown MS VC++:1943

END.
