#
# There is insufficient memory for the Java Runtime Environment to continue.
# Native memory allocation (malloc) failed to allocate 1616352 bytes. Error detail: Chunk::new
# Possible reasons:
#   The system is out of physical RAM or swap space
#   This process is running with CompressedOops enabled, and the Java Heap may be blocking the growth of the native heap
# Possible solutions:
#   Reduce memory load on the system
#   Increase physical memory or swap space
#   Check if swap backing store is full
#   Decrease Java heap size (-Xmx/-Xms)
#   Decrease number of Java threads
#   Decrease Java thread stack sizes (-Xss)
#   Set larger code cache with -XX:ReservedCodeCacheSize=
#   JVM is running with Unscaled Compressed Oops mode in which the Java heap is
#     placed in the first 4GB address space. The Java Heap base address is the
#     maximum limit for the native heap growth. Please use -XX:HeapBaseMinAddress
#     to set the Java Heap base and to place the Java Heap above 4GB virtual address.
# This output file may be truncated or incomplete.
#
#  Out of Memory Error (arena.cpp:186), pid=22148, tid=21056
#
# JRE version: OpenJDK Runtime Environment (25.0.1+8) (build 25.0.1+8-27)
# Java VM: OpenJDK 64-Bit Server VM (25.0.1+8-27, mixed mode, sharing, tiered, compressed oops, compressed class ptrs, g1 gc, windows-amd64)
# No core dump will be written. Minidumps are not enabled by default on client versions of Windows
#

---------------  S U M M A R Y ------------

Command Line: -javaagent:D:\clg project\IntelliJ IDEA\IntelliJ IDEA Community Edition 2025.2\lib\idea_rt.jar=65205 -Dfile.encoding=UTF-8 -Dsun.stdout.encoding=UTF-8 -Dsun.stderr.encoding=UTF-8 startup.backend.StartupTicketingServiceApplication

Host: 12th Gen Intel(R) Core(TM) i5-1235U, 12 cores, 7G,  Windows 11 , 64 bit Build 26100 (10.0.26100.7920)
Time: Tue Mar 31 18:08:33 2026 India Standard Time elapsed time: 5203.415568 seconds (0d 1h 26m 43s)

---------------  T H R E A D  ---------------

Current thread (0x00000260ff50fc80):  JavaThread "C2 CompilerThread0" daemon [_thread_in_native, id=21056, stack(0x000000e87e600000,0x000000e87e700000) (1024K)]


Current CompileTask:
C2:5203416 19953 %     4       com.fasterxml.jackson.databind.deser.BeanDeserializerFactory::addBeanProps @ 396 (847 bytes)

Stack: [0x000000e87e600000,0x000000e87e700000]
Native frames: (J=compiled Java code, j=interpreted, Vv=VM code, C=native code)
V  [jvm.dll+0x7a6b59]  (no source info available)
V  [jvm.dll+0x77290d]  (no source info available)
V  [jvm.dll+0x966153]  (no source info available)
V  [jvm.dll+0x968751]  (no source info available)
V  [jvm.dll+0x968e53]  (no source info available)
V  [jvm.dll+0x2fc756]  (no source info available)
V  [jvm.dll+0x111b26]  (no source info available)
V  [jvm.dll+0x111e4e]  (no source info available)
V  [jvm.dll+0x45242d]  (no source info available)
V  [jvm.dll+0x421762]  (no source info available)
V  [jvm.dll+0x420b7a]  (no source info available)
V  [jvm.dll+0x2c08a9]  (no source info available)
V  [jvm.dll+0x2bfa8f]  (no source info available)
V  [jvm.dll+0x237b60]  (no source info available)
V  [jvm.dll+0x2cfb56]  (no source info available)
V  [jvm.dll+0x2cddd5]  (no source info available)
V  [jvm.dll+0x48e6d1]  (no source info available)
V  [jvm.dll+0x906a0d]  (no source info available)
V  [jvm.dll+0x7a5135]  (no source info available)
C  [ucrtbase.dll+0x37b0]  (no source info available)
C  [KERNEL32.DLL+0x2e8d7]  (no source info available)
C  [ntdll.dll+0x8c48c]  (no source info available)

Lock stack of current Java thread (top to bottom):


---------------  P R O C E S S  ---------------

Threads class SMR info:
_java_thread_list=0x0000026095bed7e0, length=36, elements={
0x00000260ff4d8e80, 0x00000260ff4d98e0, 0x00000260ff4e4610, 0x00000260ff5065d0,
0x00000260ff5091a0, 0x00000260ff50ad70, 0x00000260ff50fc80, 0x00000260ff5149d0,
0x00000260ff80cbf0, 0x00000260952f1230, 0x00000260959237a0, 0x00000260959200f0,
0x0000026095921090, 0x0000026095922fd0, 0x0000026095927620, 0x000002609851ea00,
0x000002609851e230, 0x000002609851f9a0, 0x0000026098520940, 0x0000026095df1db0,
0x00000260959208c0, 0x0000026095925eb0, 0x0000026095df5c30, 0x00000260977ef140,
0x00000260977ed9d0, 0x00000260977f08b0, 0x00000260977f00e0, 0x00000260977f1080,
0x00000260977f1850, 0x00000260977ee1a0, 0x000002609826f2d0, 0x000002609826eb00,
0x0000026098270a40, 0x000002609826faa0, 0x00000260982740f0, 0x00000260ff520770
}

Java Threads: ( => current thread )
  0x00000260ff4d8e80 JavaThread "Reference Handler"          daemon [_thread_blocked, id=17736, stack(0x000000e87e000000,0x000000e87e100000) (1024K)]
  0x00000260ff4d98e0 JavaThread "Finalizer"                  daemon [_thread_blocked, id=19128, stack(0x000000e87e100000,0x000000e87e200000) (1024K)]
  0x00000260ff4e4610 JavaThread "Signal Dispatcher"          daemon [_thread_blocked, id=32408, stack(0x000000e87e200000,0x000000e87e300000) (1024K)]
  0x00000260ff5065d0 JavaThread "Attach Listener"            daemon [_thread_blocked, id=25784, stack(0x000000e87e300000,0x000000e87e400000) (1024K)]
  0x00000260ff5091a0 JavaThread "Service Thread"             daemon [_thread_blocked, id=22096, stack(0x000000e87e400000,0x000000e87e500000) (1024K)]
  0x00000260ff50ad70 JavaThread "Monitor Deflation Thread"   daemon [_thread_blocked, id=11916, stack(0x000000e87e500000,0x000000e87e600000) (1024K)]
=>0x00000260ff50fc80 JavaThread "C2 CompilerThread0"         daemon [_thread_in_native, id=21056, stack(0x000000e87e600000,0x000000e87e700000) (1024K)]
  0x00000260ff5149d0 JavaThread "C1 CompilerThread0"         daemon [_thread_blocked, id=31352, stack(0x000000e87e700000,0x000000e87e800000) (1024K)]
  0x00000260ff80cbf0 JavaThread "Common-Cleaner"             daemon [_thread_blocked, id=23696, stack(0x000000e87e800000,0x000000e87e900000) (1024K)]
  0x00000260952f1230 JavaThread "Notification Thread"        daemon [_thread_blocked, id=22224, stack(0x000000e87ea00000,0x000000e87eb00000) (1024K)]
  0x00000260959237a0 JavaThread "Catalina-utility-1"                [_thread_blocked, id=24460, stack(0x000000e87f300000,0x000000e87f400000) (1024K)]
  0x00000260959200f0 JavaThread "Catalina-utility-2"                [_thread_blocked, id=9472, stack(0x000000e87fa00000,0x000000e87fb00000) (1024K)]
  0x0000026095921090 JavaThread "container-0"                       [_thread_blocked, id=25332, stack(0x000000e87fb00000,0x000000e87fc00000) (1024K)]
  0x0000026095922fd0 JavaThread "mysql-cj-abandoned-connection-cleanup" daemon [_thread_blocked, id=24012, stack(0x000000e87fc00000,0x000000e87fd00000) (1024K)]
  0x0000026095927620 JavaThread "HikariPool-1:housekeeper"   daemon [_thread_blocked, id=25124, stack(0x000000e87eb00000,0x000000e87ec00000) (1024K)]
  0x000002609851ea00 JavaThread "spectator-gauge-polling-0"  daemon [_thread_blocked, id=15760, stack(0x000000e800000000,0x000000e800100000) (1024K)]
  0x000002609851e230 JavaThread "AsyncResolver-bootstrap-%d" daemon [_thread_blocked, id=31780, stack(0x000000e800100000,0x000000e800200000) (1024K)]
  0x000002609851f9a0 JavaThread "DiscoveryClient-%d"         daemon [_thread_blocked, id=3216, stack(0x000000e800200000,0x000000e800300000) (1024K)]
  0x0000026098520940 JavaThread "DiscoveryClient-%d"         daemon [_thread_blocked, id=8768, stack(0x000000e800300000,0x000000e800400000) (1024K)]
  0x0000026095df1db0 JavaThread "DiscoveryClient-InstanceInfoReplicator-%d" daemon [_thread_blocked, id=20104, stack(0x000000e800400000,0x000000e800500000) (1024K)]
  0x00000260959208c0 JavaThread "http-nio-8083-exec-1"       daemon [_thread_blocked, id=24724, stack(0x000000e800500000,0x000000e800600000) (1024K)]
  0x0000026095925eb0 JavaThread "http-nio-8083-exec-2"       daemon [_thread_blocked, id=2776, stack(0x000000e800600000,0x000000e800700000) (1024K)]
  0x0000026095df5c30 JavaThread "http-nio-8083-exec-3"       daemon [_thread_blocked, id=2352, stack(0x000000e800700000,0x000000e800800000) (1024K)]
  0x00000260977ef140 JavaThread "http-nio-8083-exec-4"       daemon [_thread_blocked, id=13772, stack(0x000000e800800000,0x000000e800900000) (1024K)]
  0x00000260977ed9d0 JavaThread "http-nio-8083-exec-5"       daemon [_thread_blocked, id=32060, stack(0x000000e800900000,0x000000e800a00000) (1024K)]
  0x00000260977f08b0 JavaThread "http-nio-8083-exec-6"       daemon [_thread_blocked, id=12968, stack(0x000000e800a00000,0x000000e800b00000) (1024K)]
  0x00000260977f00e0 JavaThread "http-nio-8083-exec-7"       daemon [_thread_blocked, id=24900, stack(0x000000e800b00000,0x000000e800c00000) (1024K)]
  0x00000260977f1080 JavaThread "http-nio-8083-exec-8"       daemon [_thread_blocked, id=20608, stack(0x000000e800c00000,0x000000e800d00000) (1024K)]
  0x00000260977f1850 JavaThread "http-nio-8083-exec-9"       daemon [_thread_blocked, id=12456, stack(0x000000e800d00000,0x000000e800e00000) (1024K)]
  0x00000260977ee1a0 JavaThread "http-nio-8083-exec-10"      daemon [_thread_blocked, id=10804, stack(0x000000e800e00000,0x000000e800f00000) (1024K)]
  0x000002609826f2d0 JavaThread "http-nio-8083-Poller"       daemon [_thread_in_native, id=31980, stack(0x000000e800f00000,0x000000e801000000) (1024K)]
  0x000002609826eb00 JavaThread "http-nio-8083-Acceptor"     daemon [_thread_in_native, id=29416, stack(0x000000e801000000,0x000000e801100000) (1024K)]
  0x0000026098270a40 JavaThread "DestroyJavaVM"                     [_thread_blocked, id=24236, stack(0x000000e87d800000,0x000000e87d900000) (1024K)]
  0x000002609826faa0 JavaThread "DiscoveryClient-HeartbeatExecutor-%d" daemon [_thread_blocked, id=19092, stack(0x000000e801300000,0x000000e801400000) (1024K)]
  0x00000260982740f0 JavaThread "DiscoveryClient-CacheRefreshExecutor-%d" daemon [_thread_blocked, id=12652, stack(0x000000e801400000,0x000000e801500000) (1024K)]
  0x00000260ff520770 JavaThread "AsyncResolver-bootstrap-executor-%d" daemon [_thread_blocked, id=9704, stack(0x000000e801500000,0x000000e801600000) (1024K)]
Total: 36

Other Threads:
  0x00000260ff4c7cc0 VMThread "VM Thread"                           [id=22780, stack(0x000000e87df00000,0x000000e87e000000) (1024K)]
  0x00000260ff38f8e0 WatcherThread "VM Periodic Task Thread"        [id=26736, stack(0x000000e87de00000,0x000000e87df00000) (1024K)]
  0x00000260f34c9a80 WorkerThread "GC Thread#0"                     [id=16644, stack(0x000000e87d900000,0x000000e87da00000) (1024K)]
  0x0000026095c49690 WorkerThread "GC Thread#1"                     [id=10264, stack(0x000000e87ee00000,0x000000e87ef00000) (1024K)]
  0x0000026095c49ac0 WorkerThread "GC Thread#2"                     [id=30028, stack(0x000000e87ef00000,0x000000e87f000000) (1024K)]
  0x0000026095c49ef0 WorkerThread "GC Thread#3"                     [id=17104, stack(0x000000e87f000000,0x000000e87f100000) (1024K)]
  0x0000026095c4a320 WorkerThread "GC Thread#4"                     [id=28928, stack(0x000000e87f100000,0x000000e87f200000) (1024K)]
  0x0000026095c4a750 WorkerThread "GC Thread#5"                     [id=28720, stack(0x000000e87f200000,0x000000e87f300000) (1024K)]
  0x0000026097601540 WorkerThread "GC Thread#6"                     [id=10580, stack(0x000000e87f400000,0x000000e87f500000) (1024K)]
  0x00000260976037c0 WorkerThread "GC Thread#7"                     [id=6512, stack(0x000000e87f500000,0x000000e87f600000) (1024K)]
  0x0000026097604060 WorkerThread "GC Thread#8"                     [id=9364, stack(0x000000e87f600000,0x000000e87f700000) (1024K)]
  0x0000026097601990 WorkerThread "GC Thread#9"                     [id=21044, stack(0x000000e87f700000,0x000000e87f800000) (1024K)]
  0x00000260f34e2c00 ConcurrentGCThread "G1 Main Marker"            [id=17672, stack(0x000000e87da00000,0x000000e87db00000) (1024K)]
  0x00000260f34e64a0 WorkerThread "G1 Conc#0"                       [id=4896, stack(0x000000e87db00000,0x000000e87dc00000) (1024K)]
  0x0000026097602ad0 WorkerThread "G1 Conc#1"                       [id=3308, stack(0x000000e87f800000,0x000000e87f900000) (1024K)]
  0x0000026097601de0 WorkerThread "G1 Conc#2"                       [id=6536, stack(0x000000e87f900000,0x000000e87fa00000) (1024K)]
  0x00000260ff382110 ConcurrentGCThread "G1 Refine#0"               [id=26196, stack(0x000000e87dc00000,0x000000e87dd00000) (1024K)]
  0x00000260ff382b20 ConcurrentGCThread "G1 Service"                [id=29204, stack(0x000000e87dd00000,0x000000e87de00000) (1024K)]
Total: 18

Threads with active compile tasks:
C2 CompilerThread0  5203586 19953 %     4       com.fasterxml.jackson.databind.deser.BeanDeserializerFactory::addBeanProps @ 396 (847 bytes)
Total: 1

VM state: not at safepoint (normal execution)

VM Mutex/Monitor currently owned by a thread: None

Heap address: 0x0000000085200000, size: 1966 MB, Compressed Oops mode: 32-bit

CDS archive(s) mapped at: [0x0000000034000000-0x0000000034dd0000-0x0000000034dd0000), size 14483456, SharedBaseAddress: 0x0000000034000000, ArchiveRelocationMode: 1.
Compressed class space mapped at: 0x0000000035000000-0x0000000075000000, reserved size: 1073741824
UseCompressedClassPointers 1, UseCompactObjectHeaders 0
Narrow klass pointer bits 32, Max shift 3
Narrow klass base: 0x0000000034000000, Narrow klass shift: 0
Encoding Range: [0x0000000034000000 - 0x0000000134000000), (4294967296 bytes)
Klass Range:    [0x0000000034010000 - 0x0000000075000000), (1090453504 bytes)
Klass ID Range:  [65536 - 1090519033) (1090453497)
Protection zone: [0x0000000034000000 - 0x0000000034010000), (65536 bytes)

GC Precious Log:
 CardTable entry size: 512
 Card Set container configuration: InlinePtr #cards 5 size 8 Array Of Cards #cards 10 size 36 Howl #buckets 4 coarsen threshold 1843 Howl Bitmap #cards 512 size 80 coarsen threshold 460 Card regions per heap region 1 cards per card region 2048
 CPUs: 12 total, 12 available
 Memory: 7863M
 Large Page Support: Disabled
 NUMA Support: Disabled
 Compressed Oops: Enabled (32-bit)
 Heap Region Size: 1M
 Heap Min Capacity: 8M
 Heap Initial Capacity: 124M
 Heap Max Capacity: 1966M
 Pre-touch: Disabled
 Parallel Workers: 10
 Concurrent Workers: 3
 Concurrent Refinement Workers: 10
 Periodic GC: Disabled

Heap:
 garbage-first heap   total reserved 2013184K, committed 101376K, used 58189K [0x0000000085200000, 0x0000000100000000)
  region size 1024K, 8 young (8192K), 2 survivors (2048K)

Heap Regions: E=young(eden), S=young(survivor), O=old, HS=humongous(starts), HC=humongous(continues), CS=collection set, F=free, TAMS=top-at-mark-start, PB=parsable bottom
|   0|0x0000000085200000, 0x0000000085300000, 0x0000000085300000|100%|HS|  |TAMS 0x0000000085200000| PB 0x0000000085200000| Complete |  0
|   1|0x0000000085300000, 0x0000000085400000, 0x0000000085400000|100%|HS|  |TAMS 0x0000000085300000| PB 0x0000000085300000| Complete |  0
|   2|0x0000000085400000, 0x0000000085500000, 0x0000000085500000|100%|HS|  |TAMS 0x0000000085400000| PB 0x0000000085400000| Complete |  0
|   3|0x0000000085500000, 0x0000000085600000, 0x0000000085600000|100%| O|  |TAMS 0x0000000085500000| PB 0x0000000085500000| Untracked |  0
|   4|0x0000000085600000, 0x0000000085700000, 0x0000000085700000|100%| O|  |TAMS 0x0000000085600000| PB 0x0000000085600000| Untracked |  0
|   5|0x0000000085700000, 0x0000000085800000, 0x0000000085800000|100%| O|  |TAMS 0x0000000085700000| PB 0x0000000085700000| Untracked |  0
|   6|0x0000000085800000, 0x0000000085900000, 0x0000000085900000|100%| O|  |TAMS 0x0000000085800000| PB 0x0000000085800000| Untracked |  0
|   7|0x0000000085900000, 0x0000000085a00000, 0x0000000085a00000|100%| O|  |TAMS 0x0000000085900000| PB 0x0000000085900000| Untracked |  0
|   8|0x0000000085a00000, 0x0000000085b00000, 0x0000000085b00000|100%| O|  |TAMS 0x0000000085a00000| PB 0x0000000085a00000| Untracked |  0
|   9|0x0000000085b00000, 0x0000000085c00000, 0x0000000085c00000|100%| O|  |TAMS 0x0000000085b00000| PB 0x0000000085b00000| Untracked |  0
|  10|0x0000000085c00000, 0x0000000085d00000, 0x0000000085d00000|100%| O|  |TAMS 0x0000000085c00000| PB 0x0000000085c00000| Untracked |  0
|  11|0x0000000085d00000, 0x0000000085e00000, 0x0000000085e00000|100%| O|  |TAMS 0x0000000085d00000| PB 0x0000000085d00000| Untracked |  0
|  12|0x0000000085e00000, 0x0000000085f00000, 0x0000000085f00000|100%| O|  |TAMS 0x0000000085e00000| PB 0x0000000085e00000| Untracked |  0
|  13|0x0000000085f00000, 0x0000000086000000, 0x0000000086000000|100%| O|  |TAMS 0x0000000085f00000| PB 0x0000000085f00000| Untracked |  0
|  14|0x0000000086000000, 0x0000000086100000, 0x0000000086100000|100%| O|  |TAMS 0x0000000086000000| PB 0x0000000086000000| Untracked |  0
|  15|0x0000000086100000, 0x0000000086200000, 0x0000000086200000|100%| O|  |TAMS 0x0000000086100000| PB 0x0000000086100000| Untracked |  0
|  16|0x0000000086200000, 0x0000000086300000, 0x0000000086300000|100%| O|  |TAMS 0x0000000086200000| PB 0x0000000086200000| Untracked |  0
|  17|0x0000000086300000, 0x0000000086400000, 0x0000000086400000|100%| O|  |TAMS 0x0000000086300000| PB 0x0000000086300000| Untracked |  0
|  18|0x0000000086400000, 0x0000000086500000, 0x0000000086500000|100%| O|  |TAMS 0x0000000086400000| PB 0x0000000086400000| Untracked |  0
|  19|0x0000000086500000, 0x0000000086600000, 0x0000000086600000|100%| O|  |TAMS 0x0000000086500000| PB 0x0000000086500000| Untracked |  0
|  20|0x0000000086600000, 0x0000000086700000, 0x0000000086700000|100%| O|  |TAMS 0x0000000086600000| PB 0x0000000086600000| Untracked |  0
|  21|0x0000000086700000, 0x0000000086800000, 0x0000000086800000|100%| O|  |TAMS 0x0000000086700000| PB 0x0000000086700000| Untracked |  0
|  22|0x0000000086800000, 0x0000000086800000, 0x0000000086900000|  0%| F|  |TAMS 0x0000000086800000| PB 0x0000000086800000| Untracked |  0
|  23|0x0000000086900000, 0x0000000086a00000, 0x0000000086a00000|100%| O|  |TAMS 0x0000000086900000| PB 0x0000000086900000| Untracked |  0
|  24|0x0000000086a00000, 0x0000000086b00000, 0x0000000086b00000|100%| O|Cm|TAMS 0x0000000086a00000| PB 0x0000000086a00000| Complete |  0
|  25|0x0000000086b00000, 0x0000000086c00000, 0x0000000086c00000|100%| O|  |TAMS 0x0000000086b00000| PB 0x0000000086b00000| Untracked |  0
|  26|0x0000000086c00000, 0x0000000086d00000, 0x0000000086d00000|100%| O|  |TAMS 0x0000000086c00000| PB 0x0000000086c00000| Untracked |  0
|  27|0x0000000086d00000, 0x0000000086e00000, 0x0000000086e00000|100%| O|  |TAMS 0x0000000086d00000| PB 0x0000000086d00000| Untracked |  0
|  28|0x0000000086e00000, 0x0000000086f00000, 0x0000000086f00000|100%| O|  |TAMS 0x0000000086e00000| PB 0x0000000086e00000| Untracked |  0
|  29|0x0000000086f00000, 0x0000000087000000, 0x0000000087000000|100%| O|  |TAMS 0x0000000086f00000| PB 0x0000000086f00000| Untracked |  0
|  30|0x0000000087000000, 0x0000000087100000, 0x0000000087100000|100%| O|  |TAMS 0x0000000087000000| PB 0x0000000087000000| Untracked |  0
|  31|0x0000000087100000, 0x0000000087200000, 0x0000000087200000|100%| O|  |TAMS 0x0000000087100000| PB 0x0000000087100000| Untracked |  0
|  32|0x0000000087200000, 0x0000000087300000, 0x0000000087300000|100%| O|  |TAMS 0x0000000087200000| PB 0x0000000087200000| Untracked |  0
|  33|0x0000000087300000, 0x0000000087400000, 0x0000000087400000|100%| O|  |TAMS 0x0000000087300000| PB 0x0000000087300000| Untracked |  0
|  34|0x0000000087400000, 0x0000000087500000, 0x0000000087500000|100%| O|  |TAMS 0x0000000087400000| PB 0x0000000087400000| Untracked |  0
|  35|0x0000000087500000, 0x00000000875c5160, 0x0000000087600000| 76%| O|  |TAMS 0x0000000087500000| PB 0x0000000087500000| Untracked |  0
|  36|0x0000000087600000, 0x0000000087700000, 0x0000000087700000|100%| O|  |TAMS 0x0000000087600000| PB 0x0000000087600000| Untracked |  0
|  37|0x0000000087700000, 0x0000000087800000, 0x0000000087800000|100%| O|  |TAMS 0x0000000087700000| PB 0x0000000087700000| Untracked |  0
|  38|0x0000000087800000, 0x0000000087800000, 0x0000000087900000|  0%| F|  |TAMS 0x0000000087800000| PB 0x0000000087800000| Untracked |  0
|  39|0x0000000087900000, 0x0000000087a00000, 0x0000000087a00000|100%| O|  |TAMS 0x0000000087900000| PB 0x0000000087900000| Untracked |  0
|  40|0x0000000087a00000, 0x0000000087a00000, 0x0000000087b00000|  0%| F|  |TAMS 0x0000000087a00000| PB 0x0000000087a00000| Untracked |  0
|  41|0x0000000087b00000, 0x0000000087b00000, 0x0000000087c00000|  0%| F|  |TAMS 0x0000000087b00000| PB 0x0000000087b00000| Untracked |  0
|  42|0x0000000087c00000, 0x0000000087c0e470, 0x0000000087d00000|  5%| S|CS|TAMS 0x0000000087c00000| PB 0x0000000087c00000| Complete |  0
|  43|0x0000000087d00000, 0x0000000087e00000, 0x0000000087e00000|100%| O|  |TAMS 0x0000000087d00000| PB 0x0000000087d00000| Untracked |  0
|  44|0x0000000087e00000, 0x0000000087f00000, 0x0000000087f00000|100%| S|CS|TAMS 0x0000000087e00000| PB 0x0000000087e00000| Complete |  0
|  45|0x0000000087f00000, 0x0000000088000000, 0x0000000088000000|100%| O|  |TAMS 0x0000000087f00000| PB 0x0000000087f00000| Untracked |  0
|  46|0x0000000088000000, 0x0000000088100000, 0x0000000088100000|100%| O|  |TAMS 0x0000000088000000| PB 0x0000000088000000| Untracked |  0
|  47|0x0000000088100000, 0x0000000088200000, 0x0000000088200000|100%| O|  |TAMS 0x0000000088100000| PB 0x0000000088100000| Untracked |  0
|  48|0x0000000088200000, 0x0000000088300000, 0x0000000088300000|100%| O|Cm|TAMS 0x0000000088200000| PB 0x0000000088200000| Complete |  0
|  49|0x0000000088300000, 0x0000000088400000, 0x0000000088400000|100%| O|  |TAMS 0x0000000088300000| PB 0x0000000088300000| Untracked |  0
|  50|0x0000000088400000, 0x0000000088500000, 0x0000000088500000|100%| O|  |TAMS 0x0000000088400000| PB 0x0000000088400000| Untracked |  0
|  51|0x0000000088500000, 0x0000000088500000, 0x0000000088600000|  0%| F|  |TAMS 0x0000000088500000| PB 0x0000000088500000| Untracked |  0
|  52|0x0000000088600000, 0x0000000088600000, 0x0000000088700000|  0%| F|  |TAMS 0x0000000088600000| PB 0x0000000088600000| Untracked |  0
|  53|0x0000000088700000, 0x0000000088800000, 0x0000000088800000|100%| O|  |TAMS 0x0000000088700000| PB 0x0000000088700000| Untracked |  0
|  54|0x0000000088800000, 0x0000000088900000, 0x0000000088900000|100%| O|Cm|TAMS 0x0000000088800000| PB 0x0000000088800000| Complete |  0
|  55|0x0000000088900000, 0x0000000088a00000, 0x0000000088a00000|100%| O|  |TAMS 0x0000000088900000| PB 0x0000000088900000| Untracked |  0
|  56|0x0000000088a00000, 0x0000000088b00000, 0x0000000088b00000|100%| O|  |TAMS 0x0000000088a00000| PB 0x0000000088a00000| Untracked |  0
|  57|0x0000000088b00000, 0x0000000088b00000, 0x0000000088c00000|  0%| F|  |TAMS 0x0000000088b00000| PB 0x0000000088b00000| Untracked |  0
|  58|0x0000000088c00000, 0x0000000088c00000, 0x0000000088d00000|  0%| F|  |TAMS 0x0000000088c00000| PB 0x0000000088c00000| Untracked |  0
|  59|0x0000000088d00000, 0x0000000088d00000, 0x0000000088e00000|  0%| F|  |TAMS 0x0000000088d00000| PB 0x0000000088d00000| Untracked |  0
|  60|0x0000000088e00000, 0x0000000088e00000, 0x0000000088f00000|  0%| F|  |TAMS 0x0000000088e00000| PB 0x0000000088e00000| Untracked |  0
|  61|0x0000000088f00000, 0x0000000088f00000, 0x0000000089000000|  0%| F|  |TAMS 0x0000000088f00000| PB 0x0000000088f00000| Untracked |  0
|  62|0x0000000089000000, 0x0000000089000000, 0x0000000089100000|  0%| F|  |TAMS 0x0000000089000000| PB 0x0000000089000000| Untracked |  0
|  63|0x0000000089100000, 0x0000000089100000, 0x0000000089200000|  0%| F|  |TAMS 0x0000000089100000| PB 0x0000000089100000| Untracked |  0
|  64|0x0000000089200000, 0x0000000089200000, 0x0000000089300000|  0%| F|  |TAMS 0x0000000089200000| PB 0x0000000089200000| Untracked |  0
|  65|0x0000000089300000, 0x0000000089300000, 0x0000000089400000|  0%| F|  |TAMS 0x0000000089300000| PB 0x0000000089300000| Untracked |  0
|  66|0x0000000089400000, 0x0000000089400000, 0x0000000089500000|  0%| F|  |TAMS 0x0000000089400000| PB 0x0000000089400000| Untracked |  0
|  67|0x0000000089500000, 0x0000000089500000, 0x0000000089600000|  0%| F|  |TAMS 0x0000000089500000| PB 0x0000000089500000| Untracked |  0
|  68|0x0000000089600000, 0x0000000089600000, 0x0000000089700000|  0%| F|  |TAMS 0x0000000089600000| PB 0x0000000089600000| Untracked |  0
|  69|0x0000000089700000, 0x0000000089700000, 0x0000000089800000|  0%| F|  |TAMS 0x0000000089700000| PB 0x0000000089700000| Untracked |  0
|  70|0x0000000089800000, 0x0000000089800000, 0x0000000089900000|  0%| F|  |TAMS 0x0000000089800000| PB 0x0000000089800000| Untracked |  0
|  71|0x0000000089900000, 0x0000000089900000, 0x0000000089a00000|  0%| F|  |TAMS 0x0000000089900000| PB 0x0000000089900000| Untracked |  0
|  72|0x0000000089a00000, 0x0000000089a00000, 0x0000000089b00000|  0%| F|  |TAMS 0x0000000089a00000| PB 0x0000000089a00000| Untracked |  0
|  73|0x0000000089b00000, 0x0000000089b00000, 0x0000000089c00000|  0%| F|  |TAMS 0x0000000089b00000| PB 0x0000000089b00000| Untracked |  0
|  74|0x0000000089c00000, 0x0000000089c00000, 0x0000000089d00000|  0%| F|  |TAMS 0x0000000089c00000| PB 0x0000000089c00000| Untracked |  0
|  75|0x0000000089d00000, 0x0000000089d00000, 0x0000000089e00000|  0%| F|  |TAMS 0x0000000089d00000| PB 0x0000000089d00000| Untracked |  0
|  76|0x0000000089e00000, 0x0000000089e00000, 0x0000000089f00000|  0%| F|  |TAMS 0x0000000089e00000| PB 0x0000000089e00000| Untracked |  0
|  77|0x0000000089f00000, 0x0000000089f00000, 0x000000008a000000|  0%| F|  |TAMS 0x0000000089f00000| PB 0x0000000089f00000| Untracked |  0
|  78|0x000000008a000000, 0x000000008a000000, 0x000000008a100000|  0%| F|  |TAMS 0x000000008a000000| PB 0x000000008a000000| Untracked |  0
|  79|0x000000008a100000, 0x000000008a100000, 0x000000008a200000|  0%| F|  |TAMS 0x000000008a100000| PB 0x000000008a100000| Untracked |  0
|  80|0x000000008a200000, 0x000000008a200000, 0x000000008a300000|  0%| F|  |TAMS 0x000000008a200000| PB 0x000000008a200000| Untracked |  0
|  81|0x000000008a300000, 0x000000008a300000, 0x000000008a400000|  0%| F|  |TAMS 0x000000008a300000| PB 0x000000008a300000| Untracked |  0
|  82|0x000000008a400000, 0x000000008a400000, 0x000000008a500000|  0%| F|  |TAMS 0x000000008a400000| PB 0x000000008a400000| Untracked |  0
|  83|0x000000008a500000, 0x000000008a500000, 0x000000008a600000|  0%| F|  |TAMS 0x000000008a500000| PB 0x000000008a500000| Untracked |  0
|  84|0x000000008a600000, 0x000000008a600000, 0x000000008a700000|  0%| F|  |TAMS 0x000000008a600000| PB 0x000000008a600000| Untracked |  0
|  85|0x000000008a700000, 0x000000008a700000, 0x000000008a800000|  0%| F|  |TAMS 0x000000008a700000| PB 0x000000008a700000| Untracked |  0
|  86|0x000000008a800000, 0x000000008a800000, 0x000000008a900000|  0%| F|  |TAMS 0x000000008a800000| PB 0x000000008a800000| Untracked |  0
|  87|0x000000008a900000, 0x000000008a900000, 0x000000008aa00000|  0%| F|  |TAMS 0x000000008a900000| PB 0x000000008a900000| Untracked |  0
|  88|0x000000008aa00000, 0x000000008aa00000, 0x000000008ab00000|  0%| F|  |TAMS 0x000000008aa00000| PB 0x000000008aa00000| Untracked |  0
| 108|0x000000008be00000, 0x000000008be00000, 0x000000008bf00000|  0%| F|  |TAMS 0x000000008be00000| PB 0x000000008be00000| Untracked |  0
| 109|0x000000008bf00000, 0x000000008bf00000, 0x000000008c000000|  0%| F|  |TAMS 0x000000008bf00000| PB 0x000000008bf00000| Untracked |  0
| 110|0x000000008c000000, 0x000000008c0f89e8, 0x000000008c100000| 97%| E|  |TAMS 0x000000008c000000| PB 0x000000008c000000| Complete |  0
| 111|0x000000008c100000, 0x000000008c200000, 0x000000008c200000|100%| E|CS|TAMS 0x000000008c100000| PB 0x000000008c100000| Complete |  0
| 112|0x000000008c200000, 0x000000008c300000, 0x000000008c300000|100%| E|CS|TAMS 0x000000008c200000| PB 0x000000008c200000| Complete |  0
| 113|0x000000008c300000, 0x000000008c400000, 0x000000008c400000|100%| E|CS|TAMS 0x000000008c300000| PB 0x000000008c300000| Complete |  0
| 123|0x000000008cd00000, 0x000000008ce00000, 0x000000008ce00000|100%| E|CS|TAMS 0x000000008cd00000| PB 0x000000008cd00000| Complete |  0
|1963|0x00000000ffd00000, 0x00000000ffe00000, 0x00000000ffe00000|100%| O|  |TAMS 0x00000000ffd00000| PB 0x00000000ffd00000| Untracked |  0
|1964|0x00000000ffe00000, 0x00000000fff00000, 0x00000000fff00000|100%| O|  |TAMS 0x00000000ffe00000| PB 0x00000000ffe00000| Untracked |  0
|1965|0x00000000fff00000, 0x0000000100000000, 0x0000000100000000|100%| E|CS|TAMS 0x00000000fff00000| PB 0x00000000fff00000| Complete |  0

Card table byte_map: [0x00000260fc720000,0x00000260fcb00000] _byte_map_base: 0x00000260fc2f7000

Marking Bits: (CMBitMap*) 0x00000260f34ca210
 Bits: [0x00000260fcb00000, 0x00000260fe9b8000)

Polling page: 0x00000260f1210000

Metaspace:
Metaspace        used 103174K, committed 103872K, reserved 1179648K
 class space     used 11181K, committed 11584K, reserved 1048576K

Usage:
  Non-class:     89.84 MB used.
      Class:     10.92 MB used.
       Both:    100.76 MB used.

Virtual space:
  Non-class space:      128.00 MB reserved,      90.12 MB ( 70%) committed,  2 nodes.
      Class space:        1.00 GB reserved,      11.31 MB (  1%) committed,  1 nodes.
             Both:        1.12 GB reserved,     101.44 MB (  9%) committed. 

Chunk freelists:
   Non-Class:  5.77 MB
       Class:  4.80 MB
        Both:  10.57 MB

MaxMetaspaceSize: unlimited
CompressedClassSpaceSize: 1.00 GB
Initial GC threshold: 21.00 MB
Current GC threshold: 168.69 MB
CDS: on
 - commit_granule_bytes: 65536.
 - commit_granule_words: 8192.
 - virtual_space_node_default_size: 8388608.
 - enlarge_chunks_in_place: 1.
UseCompressedClassPointers 1, UseCompactObjectHeaders 0
Narrow klass pointer bits 32, Max shift 3
Narrow klass base: 0x0000000034000000, Narrow klass shift: 0
Encoding Range: [0x0000000034000000 - 0x0000000134000000), (4294967296 bytes)
Klass Range:    [0x0000000034010000 - 0x0000000075000000), (1090453504 bytes)
Klass ID Range:  [65536 - 1090519033) (1090453497)
Protection zone: [0x0000000034000000 - 0x0000000034010000), (65536 bytes)


Internal statistics:

num_allocs_failed_limit: 9.
num_arena_births: 1224.
num_arena_deaths: 362.
num_vsnodes_births: 3.
num_vsnodes_deaths: 0.
num_space_committed: 1623.
num_space_uncommitted: 0.
num_chunks_returned_to_freelist: 394.
num_chunks_taken_from_freelist: 5000.
num_chunk_merges: 94.
num_chunk_splits: 3505.
num_chunks_enlarged: 2833.
num_inconsistent_stats: 0.

CodeHeap 'non-profiled nmethods': size=120064Kb used=4814Kb max_used=5325Kb free=115249Kb
 bounds [0x0000026087ac0000, 0x0000026088010000, 0x000002608f000000]
CodeHeap 'profiled nmethods': size=120000Kb used=15908Kb max_used=18350Kb free=104092Kb
 bounds [0x0000026080000000, 0x0000026081200000, 0x0000026087530000]
CodeHeap 'non-nmethods': size=5696Kb used=1705Kb max_used=1833Kb free=3990Kb
 bounds [0x0000026087530000, 0x00000260877a0000, 0x0000026087ac0000]
CodeCache: size=245760Kb, used=22427Kb, max_used=25508Kb, free=223331Kb
 total_blobs=10278, nmethods=9461, adapters=717, full_count=0
Compilation: enabled, stopped_count=0, restarted_count=0

Compilation events (20 events):
Event: 5142.306 Thread 0x00000260ff50fc80 nmethod 19943 0x0000026087c9af88 code [0x0000026087c9b080, 0x0000026087c9b108]
Event: 5170.553 Thread 0x00000260ff5149d0 19944       3       org.apache.catalina.webresources.Cache::backgroundProcess (120 bytes)
Event: 5170.593 Thread 0x00000260ff5149d0 nmethod 19944 0x000002608086a488 code [0x000002608086a580, 0x000002608086bec8]
Event: 5170.593 Thread 0x00000260ff5149d0 19945       3       org.apache.catalina.webresources.Cache::evict (79 bytes)
Event: 5170.597 Thread 0x00000260ff5149d0 nmethod 19945 0x0000026080537d88 code [0x0000026080537e80, 0x0000026080538598]
Event: 5170.597 Thread 0x00000260ff5149d0 19946       3       org.apache.tomcat.util.collections.ManagedConcurrentWeakHashMap::maintain (44 bytes)
Event: 5170.603 Thread 0x00000260ff5149d0 nmethod 19946 0x0000026080529588 code [0x0000026080529680, 0x0000026080529bb8]
Event: 5170.603 Thread 0x00000260ff5149d0 19947  s    3       org.apache.catalina.core.StandardWrapper::backgroundProcess (38 bytes)
Event: 5170.612 Thread 0x00000260ff5149d0 nmethod 19947 0x0000026080497108 code [0x0000026080497200, 0x0000026080497980]
Event: 5172.167 Thread 0x00000260ff5149d0 19948       3       com.fasterxml.jackson.databind.introspect.BasicBeanDescription::forDeserialization (9 bytes)
Event: 5172.170 Thread 0x00000260ff50fc80 19949       4       com.fasterxml.jackson.databind.ext.Java7SupportImpl::findConstructorName (56 bytes)
Event: 5172.172 Thread 0x00000260ff5149d0 nmethod 19948 0x00000260801a2508 code [0x00000260801a2600, 0x00000260801a2ad8]
Event: 5172.172 Thread 0x00000260ff5149d0 19950       3       com.fasterxml.jackson.databind.deser.BasicDeserializerFactory::createEnumDeserializer (319 bytes)
Event: 5172.183 Thread 0x00000260ff50fc80 nmethod 19949 0x0000026087b8bd88 code [0x0000026087b8be80, 0x0000026087b8c268]
Event: 5172.191 Thread 0x00000260ff50fc80 19951       4       com.fasterxml.jackson.databind.deser.CreatorProperty::getMetadata (29 bytes)
Event: 5172.197 Thread 0x00000260ff50fc80 nmethod 19951 0x0000026087ca3508 code [0x0000026087ca3600, 0x0000026087ca3770]
Event: 5172.225 Thread 0x00000260ff5149d0 nmethod 19950 0x00000260801f0488 code [0x00000260801f0580, 0x00000260801f41b8]
Event: 5202.204 Thread 0x00000260ff50fc80 19952       4       org.apache.hc.core5.util.CharArrayBuffer::append (61 bytes)
Event: 5202.223 Thread 0x00000260ff50fc80 nmethod 19952 0x0000026087c65c88 code [0x0000026087c65d80, 0x0000026087c661f0]
Event: 5202.234 Thread 0x00000260ff50fc80 19953 %     4       com.fasterxml.jackson.databind.deser.BeanDeserializerFactory::addBeanProps @ 396 (847 bytes)

GC Heap Usage History (20 events):
Event: 2184.833 {heap Before GC invocations=34 (full 0):
 garbage-first heap   total reserved 2013184K, committed 101376K, used 94230K [0x0000000085200000, 0x0000000100000000)
  region size 1024K, 37 young (37888K), 3 survivors (3072K)
}
Event: 2184.981 {heap After GC invocations=35 (full 0):
 garbage-first heap   total reserved 2013184K, committed 101376K, used 59263K [0x0000000085200000, 0x0000000100000000)
  region size 1024K, 3 young (3072K), 3 survivors (3072K)
}
Event: 2442.410 {heap Before GC invocations=35 (full 0):
 garbage-first heap   total reserved 2013184K, committed 101376K, used 94079K [0x0000000085200000, 0x0000000100000000)
  region size 1024K, 37 young (37888K), 3 survivors (3072K)
}
Event: 2442.534 {heap After GC invocations=36 (full 0):
 garbage-first heap   total reserved 2013184K, committed 101376K, used 59112K [0x0000000085200000, 0x0000000100000000)
  region size 1024K, 3 young (3072K), 3 survivors (3072K)
}
Event: 2818.238 {heap Before GC invocations=36 (full 0):
 garbage-first heap   total reserved 2013184K, committed 101376K, used 93928K [0x0000000085200000, 0x0000000100000000)
  region size 1024K, 37 young (37888K), 3 survivors (3072K)
}
Event: 2818.458 {heap After GC invocations=37 (full 0):
 garbage-first heap   total reserved 2013184K, committed 101376K, used 59128K [0x0000000085200000, 0x0000000100000000)
  region size 1024K, 3 young (3072K), 3 survivors (3072K)
}
Event: 3157.789 {heap Before GC invocations=38 (full 0):
 garbage-first heap   total reserved 2013184K, committed 101376K, used 93944K [0x0000000085200000, 0x0000000100000000)
  region size 1024K, 37 young (37888K), 3 survivors (3072K)
}
Event: 3157.911 {heap After GC invocations=39 (full 0):
 garbage-first heap   total reserved 2013184K, committed 101376K, used 58670K [0x0000000085200000, 0x0000000100000000)
  region size 1024K, 3 young (3072K), 3 survivors (3072K)
}
Event: 3362.516 {heap Before GC invocations=39 (full 0):
 garbage-first heap   total reserved 2013184K, committed 101376K, used 92462K [0x0000000085200000, 0x0000000100000000)
  region size 1024K, 37 young (37888K), 3 survivors (3072K)
}
Event: 3362.590 {heap After GC invocations=40 (full 0):
 garbage-first heap   total reserved 2013184K, committed 101376K, used 56789K [0x0000000085200000, 0x0000000100000000)
  region size 1024K, 3 young (3072K), 3 survivors (3072K)
}
Event: 3362.821 {heap Before GC invocations=40 (full 0):
 garbage-first heap   total reserved 2013184K, committed 101376K, used 57813K [0x0000000085200000, 0x0000000100000000)
  region size 1024K, 4 young (4096K), 3 survivors (3072K)
}
Event: 3362.880 {heap After GC invocations=41 (full 0):
 garbage-first heap   total reserved 2013184K, committed 101376K, used 55161K [0x0000000085200000, 0x0000000100000000)
  region size 1024K, 1 young (1024K), 1 survivors (1024K)
}
Event: 3621.000 {heap Before GC invocations=41 (full 0):
 garbage-first heap   total reserved 2013184K, committed 101376K, used 93049K [0x0000000085200000, 0x0000000100000000)
  region size 1024K, 39 young (39936K), 1 survivors (1024K)
}
Event: 3621.150 {heap After GC invocations=42 (full 0):
 garbage-first heap   total reserved 2013184K, committed 101376K, used 53581K [0x0000000085200000, 0x0000000100000000)
  region size 1024K, 1 young (1024K), 1 survivors (1024K)
}
Event: 3924.437 {heap Before GC invocations=42 (full 0):
 garbage-first heap   total reserved 2013184K, committed 101376K, used 94541K [0x0000000085200000, 0x0000000100000000)
  region size 1024K, 41 young (41984K), 1 survivors (1024K)
}
Event: 3924.750 {heap After GC invocations=43 (full 0):
 garbage-first heap   total reserved 2013184K, committed 101376K, used 52455K [0x0000000085200000, 0x0000000100000000)
  region size 1024K, 1 young (1024K), 1 survivors (1024K)
}
Event: 4259.048 {heap Before GC invocations=43 (full 0):
 garbage-first heap   total reserved 2013184K, committed 101376K, used 94439K [0x0000000085200000, 0x0000000100000000)
  region size 1024K, 42 young (43008K), 1 survivors (1024K)
}
Event: 4259.261 {heap After GC invocations=44 (full 0):
 garbage-first heap   total reserved 2013184K, committed 101376K, used 52383K [0x0000000085200000, 0x0000000100000000)
  region size 1024K, 1 young (1024K), 1 survivors (1024K)
}
Event: 5082.005 {heap Before GC invocations=45 (full 0):
 garbage-first heap   total reserved 2013184K, committed 101376K, used 93343K [0x0000000085200000, 0x0000000100000000)
  region size 1024K, 42 young (43008K), 1 survivors (1024K)
}
Event: 5082.060 {heap After GC invocations=46 (full 0):
 garbage-first heap   total reserved 2013184K, committed 101376K, used 53069K [0x0000000085200000, 0x0000000100000000)
  region size 1024K, 2 young (2048K), 2 survivors (2048K)
}

Metaspace Usage History (20 events):
Event: 2184.834 {metaspace Before GC invocations=34 (full 0):
 Metaspace       used 101465K, committed 102208K, reserved 1179648K
  class space    used 11249K, committed 11584K, reserved 1048576K
}
Event: 2184.981 {metaspace After GC invocations=35 (full 0):
 Metaspace       used 101465K, committed 102208K, reserved 1179648K
  class space    used 11249K, committed 11584K, reserved 1048576K
}
Event: 2442.411 {metaspace Before GC invocations=35 (full 0):
 Metaspace       used 102109K, committed 102848K, reserved 1179648K
  class space    used 11249K, committed 11584K, reserved 1048576K
}
Event: 2442.534 {metaspace After GC invocations=36 (full 0):
 Metaspace       used 102109K, committed 102848K, reserved 1179648K
  class space    used 11249K, committed 11584K, reserved 1048576K
}
Event: 2818.239 {metaspace Before GC invocations=36 (full 0):
 Metaspace       used 102171K, committed 102912K, reserved 1179648K
  class space    used 11249K, committed 11584K, reserved 1048576K
}
Event: 2818.458 {metaspace After GC invocations=37 (full 0):
 Metaspace       used 102171K, committed 102912K, reserved 1179648K
  class space    used 11249K, committed 11584K, reserved 1048576K
}
Event: 3157.790 {metaspace Before GC invocations=38 (full 0):
 Metaspace       used 102038K, committed 102976K, reserved 1179648K
  class space    used 11178K, committed 11584K, reserved 1048576K
}
Event: 3157.911 {metaspace After GC invocations=39 (full 0):
 Metaspace       used 102038K, committed 102976K, reserved 1179648K
  class space    used 11178K, committed 11584K, reserved 1048576K
}
Event: 3362.517 {metaspace Before GC invocations=39 (full 0):
 Metaspace       used 102313K, committed 103168K, reserved 1179648K
  class space    used 11178K, committed 11584K, reserved 1048576K
}
Event: 3362.590 {metaspace After GC invocations=40 (full 0):
 Metaspace       used 102313K, committed 103168K, reserved 1179648K
  class space    used 11178K, committed 11584K, reserved 1048576K
}
Event: 3362.821 {metaspace Before GC invocations=40 (full 0):
 Metaspace       used 102314K, committed 103168K, reserved 1179648K
  class space    used 11178K, committed 11584K, reserved 1048576K
}
Event: 3362.880 {metaspace After GC invocations=41 (full 0):
 Metaspace       used 102314K, committed 103168K, reserved 1179648K
  class space    used 11178K, committed 11584K, reserved 1048576K
}
Event: 3621.000 {metaspace Before GC invocations=41 (full 0):
 Metaspace       used 102540K, committed 103232K, reserved 1179648K
  class space    used 11179K, committed 11584K, reserved 1048576K
}
Event: 3621.150 {metaspace After GC invocations=42 (full 0):
 Metaspace       used 102540K, committed 103232K, reserved 1179648K
  class space    used 11179K, committed 11584K, reserved 1048576K
}
Event: 3924.438 {metaspace Before GC invocations=42 (full 0):
 Metaspace       used 102721K, committed 103424K, reserved 1179648K
  class space    used 11181K, committed 11584K, reserved 1048576K
}
Event: 3924.750 {metaspace After GC invocations=43 (full 0):
 Metaspace       used 102721K, committed 103424K, reserved 1179648K
  class space    used 11181K, committed 11584K, reserved 1048576K
}
Event: 4259.049 {metaspace Before GC invocations=43 (full 0):
 Metaspace       used 102906K, committed 103616K, reserved 1179648K
  class space    used 11185K, committed 11584K, reserved 1048576K
}
Event: 4259.262 {metaspace After GC invocations=44 (full 0):
 Metaspace       used 102906K, committed 103616K, reserved 1179648K
  class space    used 11185K, committed 11584K, reserved 1048576K
}
Event: 5082.005 {metaspace Before GC invocations=45 (full 0):
 Metaspace       used 103161K, committed 103872K, reserved 1179648K
  class space    used 11181K, committed 11584K, reserved 1048576K
}
Event: 5082.060 {metaspace After GC invocations=46 (full 0):
 Metaspace       used 103161K, committed 103872K, reserved 1179648K
  class space    used 11181K, committed 11584K, reserved 1048576K
}

Dll operation events (12 events):
Event: 0.095 Loaded shared library C:\Users\rushi\.jdks\openjdk-25.0.1\bin\java.dll
Event: 0.488 Loaded shared library C:\Users\rushi\.jdks\openjdk-25.0.1\bin\zip.dll
Event: 0.495 Loaded shared library C:\Users\rushi\.jdks\openjdk-25.0.1\bin\instrument.dll
Event: 0.504 Loaded shared library C:\Users\rushi\.jdks\openjdk-25.0.1\bin\net.dll
Event: 0.509 Loaded shared library C:\Users\rushi\.jdks\openjdk-25.0.1\bin\nio.dll
Event: 0.514 Loaded shared library C:\Users\rushi\.jdks\openjdk-25.0.1\bin\zip.dll
Event: 0.938 Loaded shared library C:\Users\rushi\.jdks\openjdk-25.0.1\bin\jimage.dll
Event: 1.212 Loaded shared library C:\Users\rushi\.jdks\openjdk-25.0.1\bin\extnet.dll
Event: 2.328 Loaded shared library C:\Users\rushi\.jdks\openjdk-25.0.1\bin\management.dll
Event: 2.335 Loaded shared library C:\Users\rushi\.jdks\openjdk-25.0.1\bin\management_ext.dll
Event: 4.677 Loaded shared library C:\Users\rushi\.jdks\openjdk-25.0.1\bin\sunmscapi.dll
Event: 18.154 Loaded shared library C:\Users\rushi\.jdks\openjdk-25.0.1\bin\verify.dll

Deoptimization events (20 events):
Event: 4871.673 Thread 0x000002609826faa0 DEOPT PACKING pc=0x00000260802b6a98 sp=0x000000e8013fe810
Event: 4871.678 Thread 0x000002609826faa0 DEOPT UNPACKING pc=0x0000026087581702 sp=0x000000e8013fdd08 mode 0
Event: 5021.906 Thread 0x000002609826faa0 DEOPT PACKING pc=0x0000026080ab8f54 sp=0x000000e8013fe1d0
Event: 5021.907 Thread 0x000002609826faa0 DEOPT UNPACKING pc=0x0000026087581702 sp=0x000000e8013fd630 mode 0
Event: 5051.947 Thread 0x00000260982740f0 Uncommon trap: trap_request=0xffffffbe fr.pc=0x0000026087ae4564 relative=0x00000000000002e4
Event: 5051.947 Thread 0x00000260982740f0 Uncommon trap: reason=profile_predicate action=maybe_recompile pc=0x0000026087ae4564 method=sun.security.provider.HashDrbg.addBytes([BI[[B)V @ 36 c2
Event: 5051.948 Thread 0x00000260982740f0 DEOPT PACKING pc=0x0000026087ae4564 sp=0x000000e8014fdf90
Event: 5051.948 Thread 0x00000260982740f0 DEOPT UNPACKING pc=0x0000026087651b82 sp=0x000000e8014fdee0 mode 2
Event: 5051.949 Thread 0x000002609826faa0 Uncommon trap: trap_request=0xffffffbe fr.pc=0x0000026087ae4564 relative=0x00000000000002e4
Event: 5051.949 Thread 0x000002609826faa0 Uncommon trap: reason=profile_predicate action=maybe_recompile pc=0x0000026087ae4564 method=sun.security.provider.HashDrbg.addBytes([BI[[B)V @ 36 c2
Event: 5051.949 Thread 0x000002609826faa0 DEOPT PACKING pc=0x0000026087ae4564 sp=0x000000e8013fe1e0
Event: 5051.949 Thread 0x00000260982740f0 Uncommon trap: trap_request=0xffffffbe fr.pc=0x0000026087ae4564 relative=0x00000000000002e4
Event: 5051.949 Thread 0x00000260982740f0 Uncommon trap: reason=profile_predicate action=maybe_recompile pc=0x0000026087ae4564 method=sun.security.provider.HashDrbg.addBytes([BI[[B)V @ 36 c2
Event: 5051.949 Thread 0x00000260982740f0 DEOPT PACKING pc=0x0000026087ae4564 sp=0x000000e8014fe380
Event: 5051.949 Thread 0x00000260982740f0 DEOPT UNPACKING pc=0x0000026087651b82 sp=0x000000e8014fe2d0 mode 2
Event: 5051.951 Thread 0x000002609826faa0 DEOPT UNPACKING pc=0x0000026087651b82 sp=0x000000e8013fe130 mode 2
Event: 5051.951 Thread 0x000002609826faa0 Uncommon trap: trap_request=0xffffffbe fr.pc=0x0000026087ae4564 relative=0x00000000000002e4
Event: 5051.951 Thread 0x000002609826faa0 Uncommon trap: reason=profile_predicate action=maybe_recompile pc=0x0000026087ae4564 method=sun.security.provider.HashDrbg.addBytes([BI[[B)V @ 36 c2
Event: 5051.951 Thread 0x000002609826faa0 DEOPT PACKING pc=0x0000026087ae4564 sp=0x000000e8013fe5d0
Event: 5051.951 Thread 0x000002609826faa0 DEOPT UNPACKING pc=0x0000026087651b82 sp=0x000000e8013fe520 mode 2

Classes loaded (20 events):
Event: 462.649 Loading class sun/security/ssl/SSLEngineOutputRecord
Event: 462.762 Loading class sun/security/ssl/SSLEngineOutputRecord done
Event: 463.115 Loading class sun/security/ssl/SSLEngineOutputRecord$HandshakeFragment
Event: 463.143 Loading class sun/security/ssl/SSLEngineOutputRecord$HandshakeFragment done
Event: 463.144 Loading class sun/security/ssl/SSLEngineOutputRecord$HandshakeMemo
Event: 463.149 Loading class sun/security/ssl/SSLEngineOutputRecord$RecordMemo
Event: 463.149 Loading class sun/security/ssl/SSLEngineOutputRecord$RecordMemo done
Event: 463.150 Loading class sun/security/ssl/SSLEngineOutputRecord$HandshakeMemo done
Event: 463.184 Loading class sun/security/ssl/PreSharedKeyExtension$SHPreSharedKeySpec
Event: 463.192 Loading class sun/security/ssl/PreSharedKeyExtension$SHPreSharedKeySpec done
Event: 1374.694 Loading class sun/net/ConnectionResetException
Event: 1374.702 Loading class sun/net/ConnectionResetException done
Event: 2227.950 Loading class java/util/concurrent/locks/AbstractQueuedLongSynchronizer$Node
Event: 2228.016 Loading class java/util/concurrent/locks/AbstractQueuedLongSynchronizer$Node done
Event: 3134.677 Loading class java/lang/Throwable$WrappedPrintWriter
Event: 3134.691 Loading class java/lang/Throwable$PrintStreamOrWriter
Event: 3134.692 Loading class java/lang/Throwable$PrintStreamOrWriter done
Event: 3134.693 Loading class java/lang/Throwable$WrappedPrintWriter done
Event: 4167.988 Loading class java/lang/Throwable$WrappedPrintStream
Event: 4168.013 Loading class java/lang/Throwable$WrappedPrintStream done

Classes unloaded (20 events):
Event: 2819.538 Thread 0x00000260ff4c7cc0 Unloading class 0x0000000035091800 'java/lang/invoke/LambdaForm$MH+0x0000000035091800'
Event: 2819.538 Thread 0x00000260ff4c7cc0 Unloading class 0x0000000035091400 'java/lang/invoke/LambdaForm$MH+0x0000000035091400'
Event: 2819.538 Thread 0x00000260ff4c7cc0 Unloading class 0x0000000035091000 'java/lang/invoke/LambdaForm$MH+0x0000000035091000'
Event: 2819.539 Thread 0x00000260ff4c7cc0 Unloading class 0x0000000035049000 'java/lang/invoke/LambdaForm$BMH+0x0000000035049000'
Event: 2819.539 Thread 0x00000260ff4c7cc0 Unloading class 0x0000000035042000 'java/lang/invoke/LambdaForm$MH+0x0000000035042000'
Event: 2819.539 Thread 0x00000260ff4c7cc0 Unloading class 0x0000000035041c00 'java/lang/invoke/LambdaForm$MH+0x0000000035041c00'
Event: 2819.540 Thread 0x00000260ff4c7cc0 Unloading class 0x0000000035041800 'java/lang/invoke/LambdaForm$MH+0x0000000035041800'
Event: 2819.540 Thread 0x00000260ff4c7cc0 Unloading class 0x0000000035041000 'java/lang/invoke/LambdaForm$MH+0x0000000035041000'
Event: 4260.898 Thread 0x00000260ff4c7cc0 Unloading class 0x0000000035987400 'java/lang/invoke/LambdaForm$MH+0x0000000035987400'
Event: 4260.899 Thread 0x00000260ff4c7cc0 Unloading class 0x0000000035a24800 'java/lang/invoke/LambdaForm$MH+0x0000000035a24800'
Event: 4260.900 Thread 0x00000260ff4c7cc0 Unloading class 0x0000000035b39800 'java/lang/invoke/LambdaForm$MH+0x0000000035b39800'
Event: 4260.900 Thread 0x00000260ff4c7cc0 Unloading class 0x0000000035b39400 'java/lang/invoke/LambdaForm$MH+0x0000000035b39400'
Event: 4260.900 Thread 0x00000260ff4c7cc0 Unloading class 0x0000000035b38c00 'java/lang/invoke/LambdaForm$MH+0x0000000035b38c00'
Event: 4260.900 Thread 0x00000260ff4c7cc0 Unloading class 0x0000000035b38800 'java/lang/invoke/LambdaForm$MH+0x0000000035b38800'
Event: 4260.901 Thread 0x00000260ff4c7cc0 Unloading class 0x0000000035b38400 'java/lang/invoke/LambdaForm$BMH+0x0000000035b38400'
Event: 4260.901 Thread 0x00000260ff4c7cc0 Unloading class 0x0000000035b28000 'java/lang/invoke/LambdaForm$MH+0x0000000035b28000'
Event: 4260.902 Thread 0x00000260ff4c7cc0 Unloading class 0x0000000035af9c00 'java/lang/invoke/LambdaForm$MH+0x0000000035af9c00'
Event: 4260.903 Thread 0x00000260ff4c7cc0 Unloading class 0x0000000035af9000 'java/lang/invoke/LambdaForm$DMH+0x0000000035af9000'
Event: 4260.903 Thread 0x00000260ff4c7cc0 Unloading class 0x0000000035af8c00 'java/lang/invoke/LambdaForm$DMH+0x0000000035af8c00'
Event: 4260.903 Thread 0x00000260ff4c7cc0 Unloading class 0x0000000035af8000 'java/lang/invoke/LambdaForm$DMH+0x0000000035af8000'

Classes redefined (0 events):
No events

Internal exceptions (20 events):
Event: 5172.187 Thread 0x000002609826faa0 Exception <a 'java/net/ConnectException'{0x000000008c2c4190}: Connection refused: getsockopt> (0x000000008c2c4190) 
thrown [s\open\src\hotspot\share\prims\jni.cpp, line 534]
Event: 5172.189 Thread 0x000002609826faa0 Exception <a 'java/net/ConnectException'{0x000000008c2c5fe0}: Connection refused: getsockopt> (0x000000008c2c5fe0) 
thrown [s\open\src\hotspot\share\prims\jni.cpp, line 534]
Event: 5172.192 Thread 0x000002609826faa0 Exception <a 'java/io/IOException'{0x000000008c14d0f0}> (0x000000008c14d0f0) 
thrown [s\open\src\hotspot\share\prims\jni.cpp, line 516]
Event: 5172.193 Thread 0x000002609826faa0 Exception <a 'java/io/IOException'{0x000000008c14ebb0}> (0x000000008c14ebb0) 
thrown [s\open\src\hotspot\share\prims\jni.cpp, line 516]
Event: 5172.193 Thread 0x00000260982740f0 Exception <a 'java/net/ConnectException'{0x000000008c125a20}: Connection refused: getsockopt> (0x000000008c125a20) 
thrown [s\open\src\hotspot\share\prims\jni.cpp, line 534]
Event: 5172.198 Thread 0x00000260982740f0 Exception <a 'java/net/ConnectException'{0x000000008c127930}: Connection refused: getsockopt> (0x000000008c127930) 
thrown [s\open\src\hotspot\share\prims\jni.cpp, line 534]
Event: 5172.198 Thread 0x000002609826faa0 Exception <a 'java/io/IOException'{0x000000008c15ba30}> (0x000000008c15ba30) 
thrown [s\open\src\hotspot\share\prims\jni.cpp, line 516]
Event: 5172.203 Thread 0x00000260982740f0 Exception <a 'java/io/IOException'{0x000000008c179748}> (0x000000008c179748) 
thrown [s\open\src\hotspot\share\prims\jni.cpp, line 516]
Event: 5172.206 Thread 0x00000260982740f0 Exception <a 'java/io/IOException'{0x000000008c17b288}> (0x000000008c17b288) 
thrown [s\open\src\hotspot\share\prims\jni.cpp, line 516]
Event: 5172.206 Thread 0x00000260982740f0 Exception <a 'java/io/IOException'{0x000000008c1839b0}> (0x000000008c1839b0) 
thrown [s\open\src\hotspot\share\prims\jni.cpp, line 516]
Event: 5202.238 Thread 0x00000260982740f0 Exception <a 'java/net/ConnectException'{0x000000008c0975d8}: Connection refused: getsockopt> (0x000000008c0975d8) 
thrown [s\open\src\hotspot\share\prims\jni.cpp, line 534]
Event: 5202.239 Thread 0x00000260982740f0 Exception <a 'java/net/ConnectException'{0x000000008c0994e8}: Connection refused: getsockopt> (0x000000008c0994e8) 
thrown [s\open\src\hotspot\share\prims\jni.cpp, line 534]
Event: 5202.242 Thread 0x00000260982740f0 Exception <a 'java/io/IOException'{0x000000008c0bbc70}> (0x000000008c0bbc70) 
thrown [s\open\src\hotspot\share\prims\jni.cpp, line 516]
Event: 5202.242 Thread 0x00000260982740f0 Exception <a 'java/io/IOException'{0x000000008c0bd630}> (0x000000008c0bd630) 
thrown [s\open\src\hotspot\share\prims\jni.cpp, line 516]
Event: 5202.243 Thread 0x00000260982740f0 Exception <a 'java/io/IOException'{0x000000008c0c5d40}> (0x000000008c0c5d40) 
thrown [s\open\src\hotspot\share\prims\jni.cpp, line 516]
Event: 5202.248 Thread 0x000002609826faa0 Exception <a 'java/net/ConnectException'{0x000000008c068fe0}: Connection refused: getsockopt> (0x000000008c068fe0) 
thrown [s\open\src\hotspot\share\prims\jni.cpp, line 534]
Event: 5202.249 Thread 0x000002609826faa0 Exception <a 'java/net/ConnectException'{0x000000008c06ae30}: Connection refused: getsockopt> (0x000000008c06ae30) 
thrown [s\open\src\hotspot\share\prims\jni.cpp, line 534]
Event: 5202.250 Thread 0x000002609826faa0 Exception <a 'java/io/IOException'{0x000000008c08a6b0}> (0x000000008c08a6b0) 
thrown [s\open\src\hotspot\share\prims\jni.cpp, line 516]
Event: 5202.250 Thread 0x000002609826faa0 Exception <a 'java/io/IOException'{0x000000008c08c170}> (0x000000008c08c170) 
thrown [s\open\src\hotspot\share\prims\jni.cpp, line 516]
Event: 5202.253 Thread 0x000002609826faa0 Exception <a 'java/io/IOException'{0x000000008c0d13c0}> (0x000000008c0d13c0) 
thrown [s\open\src\hotspot\share\prims\jni.cpp, line 516]

VM Operations (20 events):
Event: 4811.606 Executing non-safepoint VM operation: RendezvousGCThreads
Event: 4811.606 Executing non-safepoint VM operation: RendezvousGCThreads done
Event: 4871.753 Executing non-safepoint VM operation: HandshakeAllThreads (HandshakeForDeflation)
Event: 4871.753 Executing non-safepoint VM operation: HandshakeAllThreads (HandshakeForDeflation) done
Event: 4871.753 Executing non-safepoint VM operation: RendezvousGCThreads
Event: 4871.753 Executing non-safepoint VM operation: RendezvousGCThreads done
Event: 4931.904 Executing non-safepoint VM operation: HandshakeAllThreads (HandshakeForDeflation)
Event: 4931.904 Executing non-safepoint VM operation: HandshakeAllThreads (HandshakeForDeflation) done
Event: 4931.904 Executing non-safepoint VM operation: RendezvousGCThreads
Event: 4931.904 Executing non-safepoint VM operation: RendezvousGCThreads done
Event: 5052.208 Executing non-safepoint VM operation: HandshakeAllThreads (HandshakeForDeflation)
Event: 5052.208 Executing non-safepoint VM operation: HandshakeAllThreads (HandshakeForDeflation) done
Event: 5052.208 Executing non-safepoint VM operation: RendezvousGCThreads
Event: 5052.208 Executing non-safepoint VM operation: RendezvousGCThreads done
Event: 5082.002 Executing safepoint VM operation: G1CollectForAllocation (G1 Evacuation Pause)
Event: 5082.060 Executing safepoint VM operation: G1CollectForAllocation (G1 Evacuation Pause) done
Event: 5172.582 Executing non-safepoint VM operation: HandshakeAllThreads (HandshakeForDeflation)
Event: 5172.583 Executing non-safepoint VM operation: HandshakeAllThreads (HandshakeForDeflation) done
Event: 5172.583 Executing non-safepoint VM operation: RendezvousGCThreads
Event: 5172.583 Executing non-safepoint VM operation: RendezvousGCThreads done

Memory protections (0 events):
No events

Nmethod flushes (20 events):
Event: 4262.388 Thread 0x00000260ff4c7cc0 flushing  nmethod 0x0000026080f6f588
Event: 4262.388 Thread 0x00000260ff4c7cc0 flushing  nmethod 0x0000026080f72788
Event: 4262.388 Thread 0x00000260ff4c7cc0 flushing  nmethod 0x0000026080f73588
Event: 4262.388 Thread 0x00000260ff4c7cc0 flushing  nmethod 0x0000026080f73888
Event: 4262.388 Thread 0x00000260ff4c7cc0 flushing  nmethod 0x0000026080f8df88
Event: 4262.388 Thread 0x00000260ff4c7cc0 flushing  nmethod 0x0000026080f90288
Event: 4262.388 Thread 0x00000260ff4c7cc0 flushing  nmethod 0x0000026080f90988
Event: 4262.388 Thread 0x00000260ff4c7cc0 flushing  nmethod 0x0000026080f90f08
Event: 4262.388 Thread 0x00000260ff4c7cc0 flushing  nmethod 0x0000026080f91888
Event: 4262.388 Thread 0x00000260ff4c7cc0 flushing  nmethod 0x0000026080f92108
Event: 4262.388 Thread 0x00000260ff4c7cc0 flushing  nmethod 0x0000026080fd6808
Event: 4262.388 Thread 0x00000260ff4c7cc0 flushing  nmethod 0x0000026080fd7888
Event: 4262.388 Thread 0x00000260ff4c7cc0 flushing  nmethod 0x00000260810f1a88
Event: 4262.388 Thread 0x00000260ff4c7cc0 flushing  nmethod 0x00000260810f2508
Event: 4262.388 Thread 0x00000260ff4c7cc0 flushing  nmethod 0x000002608116ba88
Event: 4262.388 Thread 0x00000260ff4c7cc0 flushing  nmethod 0x0000026081171388
Event: 4262.388 Thread 0x00000260ff4c7cc0 flushing  nmethod 0x0000026081171988
Event: 4262.388 Thread 0x00000260ff4c7cc0 flushing  nmethod 0x0000026081172508
Event: 4262.388 Thread 0x00000260ff4c7cc0 flushing  nmethod 0x0000026081197f88
Event: 4262.388 Thread 0x00000260ff4c7cc0 flushing  nmethod 0x000002608119a588

Events (20 events):
Event: 4682.235 Thread 0x0000026095927620 Thread added: 0x00000260966f0a80
Event: 4682.241 Thread 0x00000260966f0a80 Thread added: 0x000002609851da60
Event: 4687.245 Thread 0x00000260966f0a80 Thread exited: 0x00000260966f0a80
Event: 4687.301 Thread 0x000002609851da60 Thread exited: 0x000002609851da60
Event: 4767.800 Thread 0x0000026095927620 Thread added: 0x000002609851a3b0
Event: 4767.837 Thread 0x000002609851a3b0 Thread added: 0x00000260966f0a80
Event: 4776.093 Thread 0x000002609851a3b0 Thread exited: 0x000002609851a3b0
Event: 4776.112 Thread 0x00000260966f0a80 Thread exited: 0x00000260966f0a80
Event: 4827.199 Thread 0x0000026095927620 Thread added: 0x00000260966f0a80
Event: 4827.205 Thread 0x00000260966f0a80 Thread added: 0x000002609851da60
Event: 4832.206 Thread 0x00000260966f0a80 Thread exited: 0x00000260966f0a80
Event: 4832.272 Thread 0x000002609851da60 Thread exited: 0x000002609851da60
Event: 4970.587 Thread 0x0000026095927620 Thread added: 0x000002609851a3b0
Event: 4970.599 Thread 0x000002609851a3b0 Thread added: 0x00000260966f7010
Event: 4975.601 Thread 0x000002609851a3b0 Thread exited: 0x000002609851a3b0
Event: 4975.684 Thread 0x00000260966f7010 Thread exited: 0x00000260966f7010
Event: 5069.101 Thread 0x0000026095927620 Thread added: 0x00000260966f7010
Event: 5069.107 Thread 0x00000260966f7010 Thread added: 0x0000026095df0e10
Event: 5074.108 Thread 0x00000260966f7010 Thread exited: 0x00000260966f7010
Event: 5074.166 Thread 0x0000026095df0e10 Thread exited: 0x0000026095df0e10


Dynamic libraries:
0x00007ff7160f0000 - 0x00007ff7160fe000 	C:\Users\rushi\.jdks\openjdk-25.0.1\bin\java.exe
0x00007ffcd1240000 - 0x00007ffcd14a7000 	C:\WINDOWS\SYSTEM32\ntdll.dll
0x00007ffcd0260000 - 0x00007ffcd0329000 	C:\WINDOWS\System32\KERNEL32.DLL
0x00007ffcce040000 - 0x00007ffcce431000 	C:\WINDOWS\System32\KERNELBASE.dll
0x00007ffcce440000 - 0x00007ffcce58b000 	C:\WINDOWS\System32\ucrtbase.dll
0x00007ffccabe0000 - 0x00007ffccabf7000 	C:\Users\rushi\.jdks\openjdk-25.0.1\bin\jli.dll
0x00007ffcd0b20000 - 0x00007ffcd0ce5000 	C:\WINDOWS\System32\USER32.dll
0x00007ffcc8da0000 - 0x00007ffcc8dbe000 	C:\Users\rushi\.jdks\openjdk-25.0.1\bin\VCRUNTIME140.dll
0x00007ffcce010000 - 0x00007ffcce037000 	C:\WINDOWS\System32\win32u.dll
0x00007ffccf0c0000 - 0x00007ffccf0eb000 	C:\WINDOWS\System32\GDI32.dll
0x00007ffca96e0000 - 0x00007ffca9973000 	C:\WINDOWS\WinSxS\amd64_microsoft.windows.common-controls_6595b64144ccf1df_6.0.26100.8037_none_3e092faae333b53b\COMCTL32.dll
0x00007ffcce590000 - 0x00007ffcce6bb000 	C:\WINDOWS\System32\gdi32full.dll
0x00007ffccef30000 - 0x00007ffccefd3000 	C:\WINDOWS\System32\msvcp_win.dll
0x00007ffccf9f0000 - 0x00007ffccfa99000 	C:\WINDOWS\System32\msvcrt.dll
0x00007ffcd11c0000 - 0x00007ffcd11f1000 	C:\WINDOWS\System32\IMM32.DLL
0x00007ffccac60000 - 0x00007ffccac6c000 	C:\Users\rushi\.jdks\openjdk-25.0.1\bin\vcruntime140_1.dll
0x00007ffcb3220000 - 0x00007ffcb32ad000 	C:\Users\rushi\.jdks\openjdk-25.0.1\bin\msvcp140.dll
0x00007ffc0e920000 - 0x00007ffc0f77f000 	C:\Users\rushi\.jdks\openjdk-25.0.1\bin\server\jvm.dll
0x00007ffccf930000 - 0x00007ffccf9eb000 	C:\WINDOWS\System32\ADVAPI32.dll
0x00007ffcd0da0000 - 0x00007ffcd0e47000 	C:\WINDOWS\System32\sechost.dll
0x00007ffcd0e50000 - 0x00007ffcd0f68000 	C:\WINDOWS\System32\RPCRT4.dll
0x00007ffcd0cf0000 - 0x00007ffcd0d64000 	C:\WINDOWS\System32\WS2_32.dll
0x00007ffccd980000 - 0x00007ffccd9de000 	C:\WINDOWS\SYSTEM32\POWRPROF.dll
0x00007ffcc1890000 - 0x00007ffcc18c5000 	C:\WINDOWS\SYSTEM32\WINMM.dll
0x00007ffcb9a10000 - 0x00007ffcb9a1b000 	C:\WINDOWS\SYSTEM32\VERSION.dll
0x00007ffccd960000 - 0x00007ffccd974000 	C:\WINDOWS\SYSTEM32\UMPDC.dll
0x00007ffccc8b0000 - 0x00007ffccc8cb000 	C:\WINDOWS\SYSTEM32\kernel.appcore.dll
0x00007ffcc8590000 - 0x00007ffcc859a000 	C:\Users\rushi\.jdks\openjdk-25.0.1\bin\jimage.dll
0x00007ffccb9d0000 - 0x00007ffccbc12000 	C:\WINDOWS\SYSTEM32\DBGHELP.DLL
0x00007ffccf330000 - 0x00007ffccf6b2000 	C:\WINDOWS\System32\combase.dll
0x00007ffccf0f0000 - 0x00007ffccf1c7000 	C:\WINDOWS\System32\OLEAUT32.dll
0x00007ffca54a0000 - 0x00007ffca54db000 	C:\WINDOWS\SYSTEM32\dbgcore.DLL
0x00007ffccdb20000 - 0x00007ffccdbc5000 	C:\WINDOWS\System32\bcryptPrimitives.dll
0x00007ffcc8570000 - 0x00007ffcc8580000 	C:\Users\rushi\.jdks\openjdk-25.0.1\bin\instrument.dll
0x00007ffcc0eb0000 - 0x00007ffcc0ecf000 	C:\Users\rushi\.jdks\openjdk-25.0.1\bin\java.dll
0x00007ffcd1020000 - 0x00007ffcd11b5000 	C:\WINDOWS\System32\ole32.dll
0x00007ffcd03a0000 - 0x00007ffcd0aff000 	C:\WINDOWS\System32\SHELL32.dll
0x00007ffccdc90000 - 0x00007ffccddfa000 	C:\WINDOWS\System32\wintypes.dll
0x00007ffcce6c0000 - 0x00007ffccef24000 	C:\WINDOWS\System32\windows.storage.dll
0x00007ffcd0160000 - 0x00007ffcd0257000 	C:\WINDOWS\System32\SHCORE.dll
0x00007ffcd0330000 - 0x00007ffcd0397000 	C:\WINDOWS\System32\shlwapi.dll
0x00007ffccda40000 - 0x00007ffccda69000 	C:\WINDOWS\SYSTEM32\profapi.dll
0x00007ffcb32b0000 - 0x00007ffcb32c7000 	C:\Users\rushi\.jdks\openjdk-25.0.1\bin\zip.dll
0x00007ffcb3360000 - 0x00007ffcb3372000 	C:\Users\rushi\.jdks\openjdk-25.0.1\bin\net.dll
0x00007ffccce20000 - 0x00007ffccce8b000 	C:\WINDOWS\system32\mswsock.dll
0x00007ffcb32d0000 - 0x00007ffcb32e6000 	C:\Users\rushi\.jdks\openjdk-25.0.1\bin\nio.dll
0x00007ffcc8560000 - 0x00007ffcc8569000 	C:\Users\rushi\.jdks\openjdk-25.0.1\bin\extnet.dll
0x00007ffcb4030000 - 0x00007ffcb403a000 	C:\Users\rushi\.jdks\openjdk-25.0.1\bin\management.dll
0x00007ffcb3e20000 - 0x00007ffcb3e2c000 	C:\Users\rushi\.jdks\openjdk-25.0.1\bin\management_ext.dll
0x00007ffccf0b0000 - 0x00007ffccf0b8000 	C:\WINDOWS\System32\PSAPI.DLL
0x00007ffccc270000 - 0x00007ffccc2a3000 	C:\WINDOWS\SYSTEM32\IPHLPAPI.DLL
0x00007ffcd0d90000 - 0x00007ffcd0d9a000 	C:\WINDOWS\System32\NSI.dll
0x00007ffccc300000 - 0x00007ffccc42a000 	C:\WINDOWS\SYSTEM32\DNSAPI.dll
0x00007ffcc4960000 - 0x00007ffcc496b000 	C:\Windows\System32\rasadhlp.dll
0x00007ffcc4dc0000 - 0x00007ffcc4e46000 	C:\WINDOWS\System32\fwpuclnt.dll
0x00007ffcc38c0000 - 0x00007ffcc38ce000 	C:\Users\rushi\.jdks\openjdk-25.0.1\bin\sunmscapi.dll
0x00007ffccde90000 - 0x00007ffcce007000 	C:\WINDOWS\System32\CRYPT32.dll
0x00007ffccd320000 - 0x00007ffccd350000 	C:\WINDOWS\SYSTEM32\ncrypt.dll
0x00007ffccd2d0000 - 0x00007ffccd30f000 	C:\WINDOWS\SYSTEM32\NTASN1.dll
0x00007ffccd100000 - 0x00007ffccd11b000 	C:\WINDOWS\SYSTEM32\CRYPTSP.dll
0x00007ffccc810000 - 0x00007ffccc849000 	C:\WINDOWS\system32\rsaenh.dll
0x00007ffccced0000 - 0x00007ffcccf02000 	C:\WINDOWS\SYSTEM32\USERENV.dll
0x00007ffccda10000 - 0x00007ffccda3a000 	C:\WINDOWS\SYSTEM32\bcrypt.dll
0x00007ffccd120000 - 0x00007ffccd12c000 	C:\WINDOWS\SYSTEM32\CRYPTBASE.dll
0x00007ffcb2a50000 - 0x00007ffcb2a60000 	C:\Users\rushi\.jdks\openjdk-25.0.1\bin\verify.dll
0x00007ffc9af40000 - 0x00007ffc9af48000 	C:\WINDOWS\system32\wshunix.dll
0x00007ffc9d8d0000 - 0x00007ffc9d8e8000 	C:\WINDOWS\system32\napinsp.dll
0x00007ffc9d8b0000 - 0x00007ffc9d8c2000 	C:\WINDOWS\System32\winrnr.dll
0x00007ffc9d880000 - 0x00007ffc9d8a2000 	C:\WINDOWS\system32\nlansp_c.dll
0x00007ffcc0ee0000 - 0x00007ffcc0ef6000 	C:\WINDOWS\system32\wshbth.dll

JVMTI agents:
D:\clg project\IntelliJ IDEA\IntelliJ IDEA Community Edition 2025.2\lib\idea_rt.jar path:C:\Users\rushi\.jdks\openjdk-25.0.1\bin\instrument.dll, loaded, initialized, instrumentlib options:65205

dbghelp: loaded successfully - version: 4.0.5 - missing functions: none
symbol engine: initialized successfully - sym options: 0x614 - pdb path: .;C:\Users\rushi\.jdks\openjdk-25.0.1\bin;C:\WINDOWS\SYSTEM32;C:\WINDOWS\WinSxS\amd64_microsoft.windows.common-controls_6595b64144ccf1df_6.0.26100.8037_none_3e092faae333b53b;C:\Users\rushi\.jdks\openjdk-25.0.1\bin\server

VM Arguments:
jvm_args: -javaagent:D:\clg project\IntelliJ IDEA\IntelliJ IDEA Community Edition 2025.2\lib\idea_rt.jar=65205 -Dfile.encoding=UTF-8 -Dsun.stdout.encoding=UTF-8 -Dsun.stderr.encoding=UTF-8 
java_command: startup.backend.StartupTicketingServiceApplication
java_class_path (initial): D:\StartAhb\CRM_Project\Backup\ticketing_service\StartUP_CRM_Ticketing_Service\target\classes;C:\Users\rushi\.m2\repository\org\springframework\boot\spring-boot-starter-mail\3.5.10\spring-boot-starter-mail-3.5.10.jar;C:\Users\rushi\.m2\repository\org\springframework\boot\spring-boot-starter\3.5.10\spring-boot-starter-3.5.10.jar;C:\Users\rushi\.m2\repository\org\springframework\boot\spring-boot-starter-logging\3.5.10\spring-boot-starter-logging-3.5.10.jar;C:\Users\rushi\.m2\repository\ch\qos\logback\logback-classic\1.5.25\logback-classic-1.5.25.jar;C:\Users\rushi\.m2\repository\ch\qos\logback\logback-core\1.5.25\logback-core-1.5.25.jar;C:\Users\rushi\.m2\repository\org\apache\logging\log4j\log4j-to-slf4j\2.24.3\log4j-to-slf4j-2.24.3.jar;C:\Users\rushi\.m2\repository\org\apache\logging\log4j\log4j-api\2.24.3\log4j-api-2.24.3.jar;C:\Users\rushi\.m2\repository\org\slf4j\jul-to-slf4j\2.0.17\jul-to-slf4j-2.0.17.jar;C:\Users\rushi\.m2\repository\jakarta\annotation\jakarta.annotation-api\2.1.1\jakarta.annotation-api-2.1.1.jar;C:\Users\rushi\.m2\repository\org\yaml\snakeyaml\2.4\snakeyaml-2.4.jar;C:\Users\rushi\.m2\repository\org\springframework\spring-context-support\6.2.15\spring-context-support-6.2.15.jar;C:\Users\rushi\.m2\repository\org\springframework\spring-beans\6.2.15\spring-beans-6.2.15.jar;C:\Users\rushi\.m2\repository\org\springframework\spring-context\6.2.15\spring-context-6.2.15.jar;C:\Users\rushi\.m2\repository\org\eclipse\angus\jakarta.mail\2.0.5\jakarta.mail-2.0.5.jar;C:\Users\rushi\.m2\repository\jakarta\activation\jakarta.activation-api\2.1.4\jakarta.activation-api-2.1.4.jar;C:\Users\rushi\.m2\repository\org\eclipse\angus\angus-activation\2.0.3\angus-activation-2.0.3.jar;C:\Users\rushi\.m2\repository\org\springframework\boot\spring-boot-starter-actuator\3.5.10\spring-boot-starter-actuator-3.5.10.jar;C:\Users\rushi\.m2\repository\org\springframework\boot\spring-boot-actuator-autoconfigure\3.5.10\spring-boot-actuator-autoconfigure-3.5.10.jar;C:\Users\rushi\.m2\repository\org\springframework\boot\spring-boot-actuator\3.5.10\spring-boot-actuator-3.5.10.jar;C:\Users\rushi\.m2\repository\com\fasterxml\jackson\datatype\jackson-datatype-jsr310\2.19.4\jackson-datatype-jsr310-2.19.4.jar;C:\Users\rushi\.m2\repository\io\micrometer\micrometer-observation\1.15.8\micrometer-observation-1.15.8.jar;C:\Users\rushi\.m2\repository\io\micrometer\micrometer-commons\1.15.8\micrometer-commons-1.15.8.jar;C:\Users\rushi\.m2\repository\io\micrometer\micrometer-jakarta9\1.15.8\micrometer-jakarta9-1.15.8.jar;C:\Users\rushi\.m2\repository\io\micrometer\micrometer-core\1.15.8\micrometer-core-1.15.8.jar;C:\Users\rushi\.m2\repository\org\hdrhistogram\HdrHistogram\2.2.2\HdrHistogram-2.2.2.jar;C:\Users\rushi\.m2\repository\org\latencyutils\LatencyUtils\2.0.3\LatencyUtils-2.0.3.jar;C:\Users\rushi\.m2\repository\org\springframework\boot\spring-boot-starter-data-jpa\3.5.10\spring-boot-starter-data-jpa-3.5.10.jar;C:\Users\rushi\.m2\repository\org\springframework\boot\spring-boot-starter-jdbc\3.5.10\spring-boot-starter-jdbc-3.5.10.jar;C:\Users\rushi\.m2\repository\com\zaxxer\HikariCP\6.3.3\HikariCP-6.3.3.jar;C:\Users\rushi\.m2\repository\org\springframework\spring-jdbc\6.2.15\spring-jdbc-6.2.15.jar;C:\Users\rushi\.m2\repository\org\hibernate\orm\hibernate-core\6.6.41.Final\hibernate-core-6.6.41.Final.jar;C:\Users\rushi\.m2\repository\jakarta\persistence\jakarta.persistence-api\3.1.0\jakarta.persistence-api-3.1.0.jar;C:\Users\rushi\.m2\repository\jakarta\transaction\jakarta.transaction-api\2.0.1\jakarta.transaction-api-2.0.1.jar;C:\Users\rushi\.m2\repository\org\jboss\logging\jboss-logging\3.6.1.Final\jboss-logging-3.6.1.Final.jar;C:\Users\rushi\.m2\repository\org\hibernate\common\hibernate-commons-annotations\7.0.3.Final\hibernate-commons-annotations-7.0.3.Final.jar;C:\Users\rushi\.m2\repository\io\smallrye\jandex\3.2.0\jandex-3.2.0.jar;C:\Users\rushi\.m2\repository\com\fasterxml\classmate\1.7.3\classmate-1.7.3.jar;C:\Users\rushi\.m2\repository\net\bytebuddy\byte-buddy\1.17.8\byte-buddy-1.17.8.jar;C:\Users\rushi\.m2\repository\org\glassfish\jaxb\jaxb-runtime\4.0.6\jaxb-runtime-4.0.6.jar;C:\Users\rushi\.m2\repository\org\glassfish\jaxb\jaxb-core\4.0.6\jaxb-core-4.0.6.jar;C:\Users\rushi\.m2\repository\org\glassfish\jaxb\txw2\4.0.6\txw2-4.0.6.jar;C:\Users\rushi\.m2\repository\com\sun\istack\istack-commons-runtime\4.1.2\istack-commons-runtime-4.1.2.jar;C:\Users\rushi\.m2\repository\jakarta\inject\jakarta.inject-api\2.0.1\jakarta.inject-api-2.0.1.jar;C:\Users\rushi\.m2\repository\org\antlr\antlr4-runtime\4.13.0\antlr4-runtime-4.13.0.jar;C:\Users\rushi\.m2\repository\org\springframework\data\spring-data-jpa\3.5.8\spring-data-jpa-3.5.8.jar;C:\Users\rushi\.m2\repository\org\springframework\data\spring-data-commons\3.5.8\spring-data-commons-3.5.8.jar;C:\Users\rushi\.m2\repository\org\springframework\spring-orm\6.2.15\spring-orm-6.2.15.jar;C:\Users\rushi\.m2\repository\org\springframework\spring-tx\6.2.15\spring-tx-6.2.15.jar;C:\Users\rushi\.m2\repository\org\slf4j\slf4j-api\2.0.17\slf4j-api-2.0.17.jar;C:\Users\rushi\.m2\repository\org\springframework\spring-aspects\6.2.15\spring-aspects-6.2.15.jar;C:\Users\rushi\.m2\repository\org\aspectj\aspectjweaver\1.9.25.1\aspectjweaver-1.9.25.1.jar;C:\Users\rushi\.m2\repository\org\springframework\boot\spring-boot-starter-security\3.5.10\spring-boot-starter-security-3.5.10.jar;C:\Users\rushi\.m2\repository\org\springframework\spring-aop\6.2.15\spring-aop-6.2.15.jar;C:\Users\rushi\.m2\repository\org\springframework\security\spring-security-config\6.5.7\spring-security-config-6.5.7.jar;C:\Users\rushi\.m2\repository\org\springframework\security\spring-security-web\6.5.7\spring-security-web-6.5.7.jar;C:\Users\rushi\.m2\repository\org\springframework\spring-expression\6.2.15\spring-expression-6.2.15.jar;C:\Users\rushi\.m2\repository\io\jsonwebtoken\jjwt-api\0.11.5\jjwt-api-0.11.5.jar;C:\Users\rushi\.m2\repository\io\jsonwebtoken\jjwt-impl\0.11.5\jjwt-impl-0.11.5.jar;C:\Users\rushi\.m2\repository\io\jsonwebtoken\jjwt-jackson\0.11.5\jjwt-jackson-0.11.5.jar;C:\Users\rushi\.m2\repository\com\fasterxml\jackson\core\jackson-databind\2.19.4\jackson-databind-2.19.4.jar;C:\Users\rushi\.m2\repository\com\fasterxml\jackson\core\jackson-annotations\2.19.4\jackson-annotations-2.19.4.jar;C:\Users\rushi\.m2\repository\com\fasterxml\jackson\core\jackson-core\2.19.4\jackson-core-2.19.4.jar;C:\Users\rushi\.m2\repository\javax\annotation\javax.annotation-api\1.3.2\javax.annotation-api-1.3.2.jar;C:\Users\rushi\.m2\repository\org\springframework\boot\spring-boot-starter-validation\3.5.10\spring-boot-starter-validation-3.5.10.jar;C:\Users\rushi\.m2\repository\org\apache\tomcat\embed\tomcat-embed-el\10.1.50\tomcat-embed-el-10.1.50.jar;C:\Users\rushi\.m2\repository\org\hibernate\validator\hibernate-validator\8.0.3.Final\hibernate-validator-8.0.3.Final.jar;C:\Users\rushi\.m2\repository\jakarta\validation\jakarta.validation-api\3.0.2\jakarta.validation-api-3.0.2.jar;C:\Users\rushi\.m2\repository\org\springframework\boot\spring-boot-starter-web\3.5.10\spring-boot-starter-web-3.5.10.jar;C:\Users\rushi\.m2\repository\org\springframework\boot\spring-boot-starter-json\3.5.10\spring-boot-starter-json-3.5.10.jar;C:\Users\rushi\.m2\repository\com\fasterxml\jackson\datatype\jackson-datatype-jdk8\2.19.4\jackson-datatype-jdk8-2.19.4.jar;C:\Users\rushi\.m2\repository\com\fasterxml\jackson\module\jackson-module-parameter-names\2.19.4\jackson-module-parameter-names-2.19.4.jar;C:\Users\rushi\.m2\repository\org\springframework\boot\spring-boot-starter-tomcat\3.5.10\spring-boot-starter-tomcat-3.5.10.jar;C:\Users\rushi\.m2\repository\org\apache\tomcat\embed\tomcat-embed-core\10.1.50\tomcat-embed-core-10.1.50.jar;C:\Users\rushi\.m2\repository\org\apache\tomcat\embed\tomcat-embed-websocket\10.1.50\tomcat-embed-websocket-10.1.50.jar;C:\Users\rushi\.m2\repository\org\springframework\spring-web\6.2.15\spring-web-6.2.15.jar;C:\Users\rushi\.m2\repository\org\springframework\spring-webmvc\6.2.15\spring-webmvc-6.2.15.jar;C:\Users\rushi\.m2\repository\org\springframework\cloud\spring-cloud-starter-netflix-eureka-client\4.3.1\spring-cloud-starter-netflix-eureka-client-4.3.1.jar;C:\Users\rushi\.m2\repository\org\springframework\cloud\spring-cloud-starter\4.3.1\spring-cloud-starter-4.3.1.jar;C:\Users\rushi\.m2\repository\org\springframework\cloud\spring-cloud-context\4.3.1\spring-cloud-context-4.3.1.jar;C:\Users\rushi\.m2\repository\org\bouncycastle\bcprov-jdk18on\1.80\bcprov-jdk18on-1.80.jar;C:\Users\rushi\.m2\repository\org\springframework\cloud\spring-cloud-netflix-eureka-client\4.3.1\spring-cloud-netflix-eureka-client-4.3.1.jar;C:\Users\rushi\.m2\repository\org\apache\httpcomponents\client5\httpclient5\5.5.2\httpclient5-5.5.2.jar;C:\Users\rushi\.m2\repository\org\apache\httpcomponents\core5\httpcore5\5.3.6\httpcore5-5.3.6.jar;C:\Users\rushi\.m2\repository\org\apache\httpcomponents\core5\httpcore5-h2\5.3.6\httpcore5-h2-5.3.6.jar;C:\Users\rushi\.m2\repository\com\netflix\eureka\eureka-client\2.0.5\eureka-client-2.0.5.jar;C:\Users\rushi\.m2\repository\com\thoughtworks\xstream\xstream\1.4.21\xstream-1.4.21.jar;C:\Users\rushi\.m2\repository\io\github\x-stream\mxparser\1.2.2\mxparser-1.2.2.jar;C:\Users\rushi\.m2\repository\xmlpull\xmlpull\1.1.3.1\xmlpull-1.1.3.1.jar;C:\Users\rushi\.m2\repository\jakarta\ws\rs\jakarta.ws.rs-api\3.1.0\jakarta.ws.rs-api-3.1.0.jar;C:\Users\rushi\.m2\repository\com\netflix\spectator\spectator-api\1.7.3\spectator-api-1.7.3.jar;C:\Users\rushi\.m2\repository\org\apache\httpcomponents\httpclient\4.5.3\httpclient-4.5.3.jar;C:\Users\rushi\.m2\repository\org\apache\httpcomponents\httpcore\4.4.16\httpcore-4.4.16.jar;C:\Users\rushi\.m2\repository\commons-codec\commons-codec\1.18.0\commons-codec-1.18.0.jar;C:\Users\rushi\.m2\repository\commons-configuration\commons-configuration\1.10\commons-configuration-1.10.jar;C:\Users\rushi\.m2\repository\commons-lang\commons-lang\2.6\commons-lang-2.6.jar;C:\Users\rushi\.m2\repository\com\netflix\netflix-commons\netflix-eventbus\0.3.0\netflix-eventbus-0.3.0.jar;C:\Users\rushi\.m2\repository\com\netflix\netflix-commons\netflix-infix\0.3.0\netflix-infix-0.3.0.jar;C:\Users\rushi\.m2\repository\commons-jxpath\commons-jxpath\1.3\commons-jxpath-1.3.jar;C:\Users\rushi\.m2\repository\joda-time\joda-time\2.3\joda-time-2.3.jar;C:\Users\rushi\.m2\repository\org\antlr\antlr-runtime\3.4\antlr-runtime-3.4.jar;C:\Users\rushi\.m2\repository\org\antlr\stringtemplate\3.2.1\stringtemplate-3.2.1.jar;C:\Users\rushi\.m2\repository\antlr\antlr\2.7.7\antlr-2.7.7.jar;C:\Users\rushi\.m2\repository\com\google\code\gson\gson\2.13.2\gson-2.13.2.jar;C:\Users\rushi\.m2\repository\com\google\errorprone\error_prone_annotations\2.41.0\error_prone_annotations-2.41.0.jar;C:\Users\rushi\.m2\repository\com\netflix\servo\servo-core\0.5.3\servo-core-0.5.3.jar;C:\Users\rushi\.m2\repository\org\apache\commons\commons-math\2.2\commons-math-2.2.jar;C:\Users\rushi\.m2\repository\org\codehaus\jettison\jettison\1.5.4\jettison-1.5.4.jar;C:\Users\rushi\.m2\repository\org\springframework\cloud\spring-cloud-starter-loadbalancer\4.3.1\spring-cloud-starter-loadbalancer-4.3.1.jar;C:\Users\rushi\.m2\repository\org\springframework\cloud\spring-cloud-loadbalancer\4.3.1\spring-cloud-loadbalancer-4.3.1.jar;C:\Users\rushi\.m2\repository\io\projectreactor\reactor-core\3.7.15\reactor-core-3.7.15.jar;C:\Users\rushi\.m2\repository\org\reactivestreams\reactive-streams\1.0.4\reactive-streams-1.0.4.jar;C:\Users\rushi\.m2\repository\io\projectreactor\addons\reactor-extra\3.5.4\reactor-extra-3.5.4.jar;C:\Users\rushi\.m2\repository\org\springframework\boot\spring-boot-starter-cache\3.5.10\spring-boot-starter-cache-3.5.10.jar;C:\Users\rushi\.m2\repository\com\stoyanr\evictor\1.0.0\evictor-1.0.0.jar;C:\Users\rushi\.m2\repository\org\springframework\cloud\spring-cloud-starter-openfeign\4.3.1\spring-cloud-starter-openfeign-4.3.1.jar;C:\Users\rushi\.m2\repository\org\springframework\cloud\spring-cloud-openfeign-core\4.3.1\spring-cloud-openfeign-core-4.3.1.jar;C:\Users\rushi\.m2\repository\io\github\openfeign\feign-form-spring\13.6\feign-form-spring-13.6.jar;C:\Users\rushi\.m2\repository\org\apache\commons\commons-text\1.13.0\commons-text-1.13.0.jar;C:\Users\rushi\.m2\repository\org\apache\commons\commons-lang3\3.17.0\commons-lang3-3.17.0.jar;C:\Users\rushi\.m2\repository\io\github\openfeign\feign-form\13.6\feign-form-13.6.jar;C:\Users\rushi\.m2\repository\commons-fileupload\commons-fileupload\1.5\commons-fileupload-1.5.jar;C:\Users\rushi\.m2\repository\org\springframework\cloud\spring-cloud-commons\4.3.1\spring-cloud-commons-4.3.1.jar;C:\Users\rushi\.m2\repository\org\springframework\security\spring-security-crypto\6.5.7\spring-security-crypto-6.5.7.jar;C:\Users\rushi\.m2\repository\io\github\openfeign\feign-core\13.6\feign-core-13.6.jar;C:\Users\rushi\.m2\repository\io\github\openfeign\feign-slf4j\13.6\feign-slf4j-13.6.jar;C:\Users\rushi\.m2\repository\org\springframework\boot\spring-boot-devtools\3.5.10\spring-boot-devtools-3.5.10.jar;C:\Users\rushi\.m2\repository\org\springframework\boot\spring-boot\3.5.10\spring-boot-3.5.10.jar;C:\Users\rushi\.m2\repository\org\springframework\boot\spring-boot-autoconfigure\3.5.10\spring-boot-autoconfigure-3.5.10.jar;C:\Users\rushi\.m2\repository\com\mysql\mysql-connector-j\9.5.0\mysql-connector-j-9.5.0.jar;C:\Users\rushi\.m2\repository\org\projectlombok\lombok\1.18.42\lombok-1.18.42.jar;C:\Users\rushi\.m2\repository\jakarta\xml\bind\jakarta.xml.bind-api\4.0.4\jakarta.xml.bind-api-4.0.4.jar;C:\Users\rushi\.m2\repository\org\springframework\spring-core\6.2.15\spring-core-6.2.15.jar;C:\Users\rushi\.m2\repository\org\springframework\spring-jcl\6.2.15\spring-jcl-6.2.15.jar;C:\Users\rushi\.m2\repository\org\springframework\security\spring-security-core\6.5.7\spring-security-core-6.5.7.jar
Launcher Type: SUN_STANDARD

[Global flags]
     intx CICompilerCount                          = 4                                         {product} {ergonomic}
     uint ConcGCThreads                            = 3                                         {product} {ergonomic}
     uint G1ConcRefinementThreads                  = 10                                        {product} {ergonomic}
   size_t G1HeapRegionSize                         = 1048576                                   {product} {ergonomic}
   size_t InitialHeapSize                          = 130023424                                 {product} {ergonomic}
   size_t MarkStackSize                            = 4194304                                   {product} {ergonomic}
   size_t MarkStackSizeMax                         = 536870912                                 {product} {ergonomic}
   size_t MaxHeapSize                              = 2061500416                                {product} {ergonomic}
   size_t MaxNewSize                               = 1236271104                                {product} {ergonomic}
   size_t MinHeapDeltaBytes                        = 1048576                                   {product} {ergonomic}
   size_t MinHeapSize                              = 8388608                                   {product} {ergonomic}
    uintx NonNMethodCodeHeapSize                   = 5832704                                {pd product} {ergonomic}
    uintx NonProfiledCodeHeapSize                  = 122945536                              {pd product} {ergonomic}
    uintx ProfiledCodeHeapSize                     = 122880000                              {pd product} {ergonomic}
    uintx ReservedCodeCacheSize                    = 251658240                              {pd product} {ergonomic}
     bool SegmentedCodeCache                       = true                                      {product} {ergonomic}
   size_t SoftMaxHeapSize                          = 2061500416                             {manageable} {ergonomic}
     bool UseCompressedOops                        = true                           {product lp64_product} {ergonomic}
     bool UseG1GC                                  = true                                      {product} {ergonomic}
     bool UseLargePagesIndividualAllocation        = false                                  {pd product} {ergonomic}

Logging:
Log output configuration:
 #0: stdout all=warning uptime,level,tags foldmultilines=false
 #1: stderr all=off uptime,level,tags foldmultilines=false

Release file:
IMPLEMENTOR="Oracle Corporation" 
JAVA_RUNTIME_VERSION="25.0.1+8-27" 
JAVA_VERSION="25.0.1" 
JAVA_VERSION_DATE="2025-10-21" 
LIBC="default" 
MODULES="java.base java.compiler java.datatransfer java.xml java.prefs java.desktop java.instrument java.logging java.management java.security.sasl java.naming java.rmi java.management.rmi java.net.http java.scripting java.security.jgss java.transaction.xa java.sql java.sql.rowset java.xml.crypto java.se java.smartcardio jdk.accessibility jdk.internal.jvmstat jdk.attach jdk.charsets jdk.internal.opt jdk.zipfs jdk.compiler jdk.crypto.cryptoki jdk.crypto.ec jdk.crypto.mscapi jdk.dynalink jdk.internal.ed jdk.editpad jdk.internal.vm.ci jdk.graal.compiler jdk.graal.compiler.management jdk.hotspot.agent jdk.httpserver jdk.incubator.vector jdk.internal.le jdk.internal.md jdk.jartool jdk.javadoc jdk.jcmd jdk.management jdk.management.agent jdk.jconsole jdk.jdeps jdk.jdwp.agent jdk.jdi jdk.jfr jdk.jlink jdk.jpackage jdk.jshell jdk.jsobject jdk.jstatd jdk.localedata jdk.management.jfr jdk.naming.dns jdk.naming.rmi jdk.net jdk.nio.mapmode jdk.sctp jdk.security.auth jdk.security.jgss jdk.unsupported jdk.unsupported.desktop jdk.xml.dom" 
OS_ARCH="x86_64" 
OS_NAME="Windows" 
SOURCE=".:git:78770bfaefd2" 

Environment Variables:
JAVA_HOME=C:\Program Files\Java\jdk-21.0.7
PATH=D:\Oracle\db_home\bin;C:\Python311\Scripts\;C:\Python311\;C:\WINDOWS\system32;C:\WINDOWS;C:\WINDOWS\System32\Wbem;C:\WINDOWS\System32\WindowsPowerShell\v1.0\;C:\WINDOWS\System32\OpenSSH\;C:\ProgramData\chocolatey\bin;C:\Program Files\MySQL\MySQL Server 8.0\bin;C:\Program Files\MongoDB\Server\7.0\bin;C:\sqlite3;D:\Git\cmd;D:\Git\mingw64\bin;D:\Git\usr\bin;D:\MEAN_Stack_Development\NodeJS\NodeJS_Installation\;C:\Users\rushi\AppData\Roaming\npm;C:\Program Files\Java\jdk-21.0.7\bin;D:\Advanced Java Eclipse\apache-maven-3.9.10\bin;;C:\Program Files\Docker\Docker\resources\bin;C:\Program Files\MySQL\MySQL Shell 8.0\bin\;C:\Users\rushi\AppData\Local\Microsoft\WindowsApps;C:\Users\rushi\AppData\Local\Programs\Microsoft VS Code\bin;C:\MinGW\bin;C:\Program Files\Azure Data Studio\bin;C:\Users\rushi\AppData\Roaming\npm
USERNAME=rushi
OS=Windows_NT
PROCESSOR_IDENTIFIER=Intel64 Family 6 Model 154 Stepping 4, GenuineIntel
TMP=C:\Users\rushi\AppData\Local\Temp
TEMP=C:\Users\rushi\AppData\Local\Temp




Compilation memory statistics disabled.

Periodic native trim disabled

---------------  S Y S T E M  ---------------

OS:
 Windows 11 , 64 bit Build 26100 (10.0.26100.7920)
OS uptime: 6 days 19:50 hours
Hyper-V role detected

CPU: total 12 (initial active 12) (6 cores per cpu, 2 threads per core) family 6 model 154 stepping 4 microcode 0x42c, cx8, cmov, fxsr, ht, mmx, 3dnowpref, sse, sse2, sse3, ssse3, sse4.1, sse4.2, popcnt, lzcnt, tsc, tscinvbit, avx, avx2, aes, erms, clmul, bmi1, bmi2, adx, sha, fma, vzeroupper, clflush, clflushopt, clwb, hv, serialize, rdtscp, rdpid, fsrm, gfni, f16c, cet_ibt, cet_ss
Processor Information for processor 0
  Max Mhz: 1300, Current Mhz: 1300, Mhz Limit: 1300
Processor Information for processor 1
  Max Mhz: 1300, Current Mhz: 1300, Mhz Limit: 1300
Processor Information for processor 2
  Max Mhz: 1300, Current Mhz: 1300, Mhz Limit: 1300
Processor Information for processor 3
  Max Mhz: 1300, Current Mhz: 1300, Mhz Limit: 1300
Processor Information for processor 4
  Max Mhz: 1300, Current Mhz: 900, Mhz Limit: 897
Processor Information for processor 5
  Max Mhz: 1300, Current Mhz: 900, Mhz Limit: 897
Processor Information for processor 6
  Max Mhz: 1300, Current Mhz: 900, Mhz Limit: 897
Processor Information for processor 7
  Max Mhz: 1300, Current Mhz: 900, Mhz Limit: 897
Processor Information for processor 8
  Max Mhz: 1300, Current Mhz: 900, Mhz Limit: 897
Processor Information for processor 9
  Max Mhz: 1300, Current Mhz: 900, Mhz Limit: 897
Processor Information for processor 10
  Max Mhz: 1300, Current Mhz: 900, Mhz Limit: 897
Processor Information for processor 11
  Max Mhz: 1300, Current Mhz: 900, Mhz Limit: 897

Memory: 4k page, system-wide physical 7863M (387M free)
TotalPageFile size 31189M (AvailPageFile size 2M)
current process WorkingSet (physical memory assigned to process): 75M, peak: 278M
current process commit charge ("private bytes"): 386M, peak: 413M

vm_info: OpenJDK 64-Bit Server VM (25.0.1+8-27) for windows-amd64 JRE (25.0.1+8-27), built on 2025-09-25T16:41:16Z with unknown MS VC++:1943

END.
