#
# There is insufficient memory for the Java Runtime Environment to continue.
# Native memory allocation (malloc) failed to allocate 919384 bytes. Error detail: Chunk::new
# Possible reasons:
#   The system is out of physical RAM or swap space
#   This process is running with CompressedOops enabled, and the Java Heap may be blocking the growth of the native heap
# Possible solutions:
#   Reduce memory load on the system
#   Increase physical memory or swap space
#   Check if swap backing store is full
#   Decrease Java heap size (-Xmx/-Xms)
#   Decrease number of Java threads
#   Decrease Java thread stack sizes (-Xss)
#   Set larger code cache with -XX:ReservedCodeCacheSize=
#   JVM is running with Unscaled Compressed Oops mode in which the Java heap is
#     placed in the first 4GB address space. The Java Heap base address is the
#     maximum limit for the native heap growth. Please use -XX:HeapBaseMinAddress
#     to set the Java Heap base and to place the Java Heap above 4GB virtual address.
# This output file may be truncated or incomplete.
#
#  Out of Memory Error (arena.cpp:186), pid=12204, tid=20296
#
# JRE version: OpenJDK Runtime Environment (25.0.1+8) (build 25.0.1+8-27)
# Java VM: OpenJDK 64-Bit Server VM (25.0.1+8-27, mixed mode, sharing, tiered, compressed oops, compressed class ptrs, g1 gc, windows-amd64)
# No core dump will be written. Minidumps are not enabled by default on client versions of Windows
#

---------------  S U M M A R Y ------------

Command Line: -javaagent:D:\clg project\IntelliJ IDEA\IntelliJ IDEA Community Edition 2025.2\lib\idea_rt.jar=63469 -Dfile.encoding=UTF-8 -Dsun.stdout.encoding=UTF-8 -Dsun.stderr.encoding=UTF-8 startup.backend.StartupTicketingServiceApplication

Host: 12th Gen Intel(R) Core(TM) i5-1235U, 12 cores, 7G,  Windows 11 , 64 bit Build 26100 (10.0.26100.8115)
Time: Wed Apr  8 17:50:17 2026 India Standard Time elapsed time: 52.351962 seconds (0d 0h 0m 52s)

---------------  T H R E A D  ---------------

Current thread (0x000002306189e620):  JavaThread "C2 CompilerThread0" daemon [_thread_in_native, id=20296, stack(0x00000052b5900000,0x00000052b5a00000) (1024K)]


Current CompileTask:
C2:52352 10265       4       java.lang.reflect.Field::getDeclaredAnnotations (8 bytes)

Stack: [0x00000052b5900000,0x00000052b5a00000]
Native frames: (J=compiled Java code, j=interpreted, Vv=VM code, C=native code)
V  [jvm.dll+0x7a6b59]  (no source info available)
V  [jvm.dll+0x77290d]  (no source info available)
V  [jvm.dll+0x966153]  (no source info available)
V  [jvm.dll+0x968751]  (no source info available)
V  [jvm.dll+0x968e53]  (no source info available)
V  [jvm.dll+0x2fc756]  (no source info available)
V  [jvm.dll+0x111b26]  (no source info available)
V  [jvm.dll+0x111e4e]  (no source info available)
V  [jvm.dll+0x1a0a22]  (no source info available)
V  [jvm.dll+0x3b53c2]  (no source info available)
V  [jvm.dll+0x7ac4ef]  (no source info available)
V  [jvm.dll+0x2c0ac7]  (no source info available)
V  [jvm.dll+0x2bfa8f]  (no source info available)
V  [jvm.dll+0x237b60]  (no source info available)
V  [jvm.dll+0x2cfb56]  (no source info available)
V  [jvm.dll+0x2cddd5]  (no source info available)
V  [jvm.dll+0x48e6d1]  (no source info available)
V  [jvm.dll+0x906a0d]  (no source info available)
V  [jvm.dll+0x7a5135]  (no source info available)
C  [ucrtbase.dll+0x37b0]  (no source info available)
C  [KERNEL32.DLL+0x2e8d7]  (no source info available)
C  [ntdll.dll+0x8c3fc]  (no source info available)

Lock stack of current Java thread (top to bottom):


---------------  P R O C E S S  ---------------

Threads class SMR info:
_java_thread_list=0x0000023068a98ba0, length=44, elements={
0x0000023061883470, 0x0000023061883ed0, 0x0000023061886e10, 0x0000023061889590,
0x000002306188b460, 0x0000023061896850, 0x000002306189e620, 0x000002306189fb60,
0x0000023061890430, 0x0000023061895250, 0x00000230618942b0, 0x0000023067449780,
0x0000023067449f50, 0x000002306744b6c0, 0x000002306744be90, 0x00000230674b13f0,
0x00000230674b0c20, 0x00000230674b4aa0, 0x00000230674b5a40, 0x0000023067743d50,
0x000002306e3e1b60, 0x000002306e3e32d0, 0x000002306e3e3aa0, 0x000002306e3e4270,
0x00000230680c0cb0, 0x00000230680c1480, 0x0000023067744cf0, 0x0000023066080db0,
0x0000023066083c90, 0x0000023066084460, 0x0000023066084c30, 0x0000023066081580,
0x0000023066085400, 0x00000230660834c0, 0x0000023066085bd0, 0x0000023066082cf0,
0x00000230660882e0, 0x0000023066bc5450, 0x0000023066bc9aa0, 0x0000023066bc6bc0,
0x0000023066bcaa40, 0x0000023066bcb9e0, 0x0000023067740e70, 0x0000023067741640
}

Java Threads: ( => current thread )
  0x0000023061883470 JavaThread "Reference Handler"          daemon [_thread_blocked, id=19968, stack(0x00000052b5300000,0x00000052b5400000) (1024K)]
  0x0000023061883ed0 JavaThread "Finalizer"                  daemon [_thread_blocked, id=23848, stack(0x00000052b5400000,0x00000052b5500000) (1024K)]
  0x0000023061886e10 JavaThread "Signal Dispatcher"          daemon [_thread_blocked, id=16940, stack(0x00000052b5500000,0x00000052b5600000) (1024K)]
  0x0000023061889590 JavaThread "Attach Listener"            daemon [_thread_blocked, id=24304, stack(0x00000052b5600000,0x00000052b5700000) (1024K)]
  0x000002306188b460 JavaThread "Service Thread"             daemon [_thread_blocked, id=24412, stack(0x00000052b5700000,0x00000052b5800000) (1024K)]
  0x0000023061896850 JavaThread "Monitor Deflation Thread"   daemon [_thread_blocked, id=3600, stack(0x00000052b5800000,0x00000052b5900000) (1024K)]
=>0x000002306189e620 JavaThread "C2 CompilerThread0"         daemon [_thread_in_native, id=20296, stack(0x00000052b5900000,0x00000052b5a00000) (1024K)]
  0x000002306189fb60 JavaThread "C1 CompilerThread0"         daemon [_thread_blocked, id=17332, stack(0x00000052b5a00000,0x00000052b5b00000) (1024K)]
  0x0000023061890430 JavaThread "Common-Cleaner"             daemon [_thread_blocked, id=2908, stack(0x00000052b5c00000,0x00000052b5d00000) (1024K)]
  0x0000023061895250 JavaThread "Monitor Ctrl-Break"         daemon [_thread_in_native, id=17268, stack(0x00000052b5d00000,0x00000052b5e00000) (1024K)]
  0x00000230618942b0 JavaThread "Notification Thread"        daemon [_thread_blocked, id=21452, stack(0x00000052b5e00000,0x00000052b5f00000) (1024K)]
  0x0000023067449780 JavaThread "RMI TCP Accept-0"           daemon [_thread_in_native, id=33384, stack(0x00000052b6000000,0x00000052b6100000) (1024K)]
  0x0000023067449f50 JavaThread "RMI TCP Connection(1)-10.221.201.36" daemon [_thread_in_native, id=25128, stack(0x00000052b6100000,0x00000052b6200000) (1024K)]
  0x000002306744b6c0 JavaThread "RMI Scheduler(0)"           daemon [_thread_blocked, id=31804, stack(0x00000052b6200000,0x00000052b6300000) (1024K)]
  0x000002306744be90 JavaThread "JMX server connection timeout 31" daemon [_thread_blocked, id=30480, stack(0x00000052b6300000,0x00000052b6400000) (1024K)]
  0x00000230674b13f0 JavaThread "Catalina-utility-1"                [_thread_blocked, id=26640, stack(0x00000052b7100000,0x00000052b7200000) (1024K)]
  0x00000230674b0c20 JavaThread "Catalina-utility-2"                [_thread_blocked, id=30260, stack(0x00000052b7200000,0x00000052b7300000) (1024K)]
  0x00000230674b4aa0 JavaThread "container-0"                       [_thread_blocked, id=33044, stack(0x00000052b7300000,0x00000052b7400000) (1024K)]
  0x00000230674b5a40 JavaThread "mysql-cj-abandoned-connection-cleanup" daemon [_thread_blocked, id=8244, stack(0x00000052b7400000,0x00000052b7500000) (1024K)]
  0x0000023067743d50 JavaThread "HikariPool-1:housekeeper"   daemon [_thread_blocked, id=33988, stack(0x00000052b7500000,0x00000052b7600000) (1024K)]
  0x000002306e3e1b60 JavaThread "spring.cloud.inetutils"     daemon [_thread_blocked, id=34840, stack(0x00000052b7800000,0x00000052b7900000) (1024K)]
  0x000002306e3e32d0 JavaThread "File Watcher"               daemon [_thread_blocked, id=12972, stack(0x00000052b7600000,0x00000052b7700000) (1024K)]
  0x000002306e3e3aa0 JavaThread "spectator-gauge-polling-0"  daemon [_thread_blocked, id=6844, stack(0x00000052b7900000,0x00000052b7a00000) (1024K)]
  0x000002306e3e4270 JavaThread "AsyncResolver-bootstrap-%d" daemon [_thread_blocked, id=23740, stack(0x00000052b7a00000,0x00000052b7b00000) (1024K)]
  0x00000230680c0cb0 JavaThread "DiscoveryClient-%d"         daemon [_thread_blocked, id=9800, stack(0x00000052b6e00000,0x00000052b6f00000) (1024K)]
  0x00000230680c1480 JavaThread "DiscoveryClient-%d"         daemon [_thread_blocked, id=20032, stack(0x00000052b7700000,0x00000052b7800000) (1024K)]
  0x0000023067744cf0 JavaThread "DiscoveryClient-InstanceInfoReplicator-%d" daemon [_thread_blocked, id=34368, stack(0x00000052b7b00000,0x00000052b7c00000) (1024K)]
  0x0000023066080db0 JavaThread "http-nio-8083-exec-1"       daemon [_thread_blocked, id=10860, stack(0x00000052b7c00000,0x00000052b7d00000) (1024K)]
  0x0000023066083c90 JavaThread "http-nio-8083-exec-2"       daemon [_thread_blocked, id=28788, stack(0x00000052b7d00000,0x00000052b7e00000) (1024K)]
  0x0000023066084460 JavaThread "http-nio-8083-exec-3"       daemon [_thread_blocked, id=18928, stack(0x00000052b7e00000,0x00000052b7f00000) (1024K)]
  0x0000023066084c30 JavaThread "http-nio-8083-exec-4"       daemon [_thread_blocked, id=25824, stack(0x00000052b7f00000,0x00000052b8000000) (1024K)]
  0x0000023066081580 JavaThread "http-nio-8083-exec-5"       daemon [_thread_blocked, id=31560, stack(0x00000052b8000000,0x00000052b8100000) (1024K)]
  0x0000023066085400 JavaThread "http-nio-8083-exec-6"       daemon [_thread_blocked, id=27328, stack(0x00000052b8100000,0x00000052b8200000) (1024K)]
  0x00000230660834c0 JavaThread "http-nio-8083-exec-7"       daemon [_thread_blocked, id=30912, stack(0x00000052b8200000,0x00000052b8300000) (1024K)]
  0x0000023066085bd0 JavaThread "http-nio-8083-exec-8"       daemon [_thread_blocked, id=26688, stack(0x00000052b8300000,0x00000052b8400000) (1024K)]
  0x0000023066082cf0 JavaThread "http-nio-8083-exec-9"       daemon [_thread_blocked, id=24440, stack(0x00000052b8400000,0x00000052b8500000) (1024K)]
  0x00000230660882e0 JavaThread "http-nio-8083-exec-10"      daemon [_thread_blocked, id=18000, stack(0x00000052b8500000,0x00000052b8600000) (1024K)]
  0x0000023066bc5450 JavaThread "http-nio-8083-Poller"       daemon [_thread_in_native, id=31448, stack(0x00000052b8600000,0x00000052b8700000) (1024K)]
  0x0000023066bc9aa0 JavaThread "http-nio-8083-Acceptor"     daemon [_thread_in_native, id=30440, stack(0x00000052b8700000,0x00000052b8800000) (1024K)]
  0x0000023066bc6bc0 JavaThread "DestroyJavaVM"                     [_thread_blocked, id=23460, stack(0x00000052b4b00000,0x00000052b4c00000) (1024K)]
  0x0000023066bcaa40 JavaThread "RMI TCP Connection(2)-10.221.201.36" daemon [_thread_in_native, id=33116, stack(0x00000052b8800000,0x00000052b8900000) (1024K)]
  0x0000023066bcb9e0 JavaThread "Keep-Alive-Timer"           daemon [_thread_blocked, id=33280, stack(0x00000052b8900000,0x00000052b8a00000) (1024K)]
  0x0000023067740e70 JavaThread "DiscoveryClient-HeartbeatExecutor-%d" daemon [_thread_blocked, id=28104, stack(0x00000052b8a00000,0x00000052b8b00000) (1024K)]
  0x0000023067741640 JavaThread "DiscoveryClient-CacheRefreshExecutor-%d" daemon [_thread_blocked, id=35208, stack(0x00000052b8b00000,0x00000052b8c00000) (1024K)]
Total: 44

Other Threads:
  0x000002306186e5f0 VMThread "VM Thread"                           [id=14200, stack(0x00000052b5200000,0x00000052b5300000) (1024K)]
  0x000002306185efb0 WatcherThread "VM Periodic Task Thread"        [id=22476, stack(0x00000052b5100000,0x00000052b5200000) (1024K)]
  0x0000023042cd2550 WorkerThread "GC Thread#0"                     [id=24140, stack(0x00000052b4c00000,0x00000052b4d00000) (1024K)]
  0x0000023067305b30 WorkerThread "GC Thread#1"                     [id=29996, stack(0x00000052b6400000,0x00000052b6500000) (1024K)]
  0x0000023066f49600 WorkerThread "GC Thread#2"                     [id=32004, stack(0x00000052b6500000,0x00000052b6600000) (1024K)]
  0x00000230672fa370 WorkerThread "GC Thread#3"                     [id=20092, stack(0x00000052b6600000,0x00000052b6700000) (1024K)]
  0x00000230672fa7a0 WorkerThread "GC Thread#4"                     [id=28980, stack(0x00000052b6700000,0x00000052b6800000) (1024K)]
  0x00000230672fabd0 WorkerThread "GC Thread#5"                     [id=35756, stack(0x00000052b6800000,0x00000052b6900000) (1024K)]
  0x00000230672fb810 WorkerThread "GC Thread#6"                     [id=12524, stack(0x00000052b6900000,0x00000052b6a00000) (1024K)]
  0x00000230677a1360 WorkerThread "GC Thread#7"                     [id=25256, stack(0x00000052b5b00000,0x00000052b5c00000) (1024K)]
  0x00000230677a1c00 WorkerThread "GC Thread#8"                     [id=31424, stack(0x00000052b6c00000,0x00000052b6d00000) (1024K)]
  0x00000230677a2d40 WorkerThread "GC Thread#9"                     [id=11620, stack(0x00000052b6d00000,0x00000052b6e00000) (1024K)]
  0x0000023042cec6d0 ConcurrentGCThread "G1 Main Marker"            [id=21536, stack(0x00000052b4d00000,0x00000052b4e00000) (1024K)]
  0x0000023042cedd60 WorkerThread "G1 Conc#0"                       [id=2924, stack(0x00000052b4e00000,0x00000052b4f00000) (1024K)]
  0x00000230677a24a0 WorkerThread "G1 Conc#1"                       [id=32036, stack(0x00000052b6f00000,0x00000052b7000000) (1024K)]
  0x00000230677a28f0 WorkerThread "G1 Conc#2"                       [id=10008, stack(0x00000052b7000000,0x00000052b7100000) (1024K)]
  0x000002306172ddf0 ConcurrentGCThread "G1 Refine#0"               [id=6636, stack(0x00000052b4f00000,0x00000052b5000000) (1024K)]
  0x000002306172e800 ConcurrentGCThread "G1 Service"                [id=3800, stack(0x00000052b5000000,0x00000052b5100000) (1024K)]
Total: 18

Threads with active compile tasks:
C2 CompilerThread0  52615 10265       4       java.lang.reflect.Field::getDeclaredAnnotations (8 bytes)
Total: 1

VM state: not at safepoint (normal execution)

VM Mutex/Monitor currently owned by a thread: None

Heap address: 0x0000000085200000, size: 1966 MB, Compressed Oops mode: 32-bit

CDS archive(s) mapped at: [0x000000000a000000-0x000000000add0000-0x000000000add0000), size 14483456, SharedBaseAddress: 0x000000000a000000, ArchiveRelocationMode: 1.
Compressed class space mapped at: 0x000000000b000000-0x000000004b000000, reserved size: 1073741824
UseCompressedClassPointers 1, UseCompactObjectHeaders 0
Narrow klass pointer bits 32, Max shift 3
Narrow klass base: 0x000000000a000000, Narrow klass shift: 0
Encoding Range: [0x000000000a000000 - 0x000000010a000000), (4294967296 bytes)
Klass Range:    [0x000000000a010000 - 0x000000004b000000), (1090453504 bytes)
Klass ID Range:  [65536 - 1090519033) (1090453497)
Protection zone: [0x000000000a000000 - 0x000000000a010000), (65536 bytes)

GC Precious Log:
 CardTable entry size: 512
 Card Set container configuration: InlinePtr #cards 5 size 8 Array Of Cards #cards 10 size 36 Howl #buckets 4 coarsen threshold 1843 Howl Bitmap #cards 512 size 80 coarsen threshold 460 Card regions per heap region 1 cards per card region 2048
 CPUs: 12 total, 12 available
 Memory: 7863M
 Large Page Support: Disabled
 NUMA Support: Disabled
 Compressed Oops: Enabled (32-bit)
 Heap Region Size: 1M
 Heap Min Capacity: 8M
 Heap Initial Capacity: 124M
 Heap Max Capacity: 1966M
 Pre-touch: Disabled
 Parallel Workers: 10
 Concurrent Workers: 3
 Concurrent Refinement Workers: 10
 Periodic GC: Disabled

Heap:
 garbage-first heap   total reserved 2013184K, committed 91136K, used 78650K [0x0000000085200000, 0x0000000100000000)
  region size 1024K, 28 young (28672K), 4 survivors (4096K)

Heap Regions: E=young(eden), S=young(survivor), O=old, HS=humongous(starts), HC=humongous(continues), CS=collection set, F=free, TAMS=top-at-mark-start, PB=parsable bottom
|   0|0x0000000085200000, 0x0000000085300000, 0x0000000085300000|100%|HS|  |TAMS 0x0000000085200000| PB 0x0000000085200000| Complete |  0
|   1|0x0000000085300000, 0x0000000085400000, 0x0000000085400000|100%|HS|  |TAMS 0x0000000085300000| PB 0x0000000085300000| Complete |  0
|   2|0x0000000085400000, 0x0000000085500000, 0x0000000085500000|100%|HS|  |TAMS 0x0000000085400000| PB 0x0000000085400000| Complete |  0
|   3|0x0000000085500000, 0x0000000085600000, 0x0000000085600000|100%| O|  |TAMS 0x0000000085500000| PB 0x0000000085500000| Untracked |  0
|   4|0x0000000085600000, 0x0000000085700000, 0x0000000085700000|100%| O|  |TAMS 0x0000000085600000| PB 0x0000000085600000| Untracked |  0
|   5|0x0000000085700000, 0x0000000085800000, 0x0000000085800000|100%| O|  |TAMS 0x0000000085700000| PB 0x0000000085700000| Untracked |  0
|   6|0x0000000085800000, 0x0000000085900000, 0x0000000085900000|100%| O|  |TAMS 0x0000000085800000| PB 0x0000000085800000| Untracked |  0
|   7|0x0000000085900000, 0x0000000085a00000, 0x0000000085a00000|100%| O|  |TAMS 0x0000000085900000| PB 0x0000000085900000| Untracked |  0
|   8|0x0000000085a00000, 0x0000000085b00000, 0x0000000085b00000|100%| O|  |TAMS 0x0000000085a00000| PB 0x0000000085a00000| Untracked |  0
|   9|0x0000000085b00000, 0x0000000085c00000, 0x0000000085c00000|100%| O|  |TAMS 0x0000000085b00000| PB 0x0000000085b00000| Untracked |  0
|  10|0x0000000085c00000, 0x0000000085d00000, 0x0000000085d00000|100%| O|  |TAMS 0x0000000085c00000| PB 0x0000000085c00000| Untracked |  0
|  11|0x0000000085d00000, 0x0000000085e00000, 0x0000000085e00000|100%| O|  |TAMS 0x0000000085d00000| PB 0x0000000085d00000| Untracked |  0
|  12|0x0000000085e00000, 0x0000000085f00000, 0x0000000085f00000|100%| O|  |TAMS 0x0000000085e00000| PB 0x0000000085e00000| Untracked |  0
|  13|0x0000000085f00000, 0x0000000086000000, 0x0000000086000000|100%| O|  |TAMS 0x0000000085f00000| PB 0x0000000085f00000| Untracked |  0
|  14|0x0000000086000000, 0x0000000086100000, 0x0000000086100000|100%| O|  |TAMS 0x0000000086000000| PB 0x0000000086000000| Untracked |  0
|  15|0x0000000086100000, 0x0000000086200000, 0x0000000086200000|100%| O|  |TAMS 0x0000000086100000| PB 0x0000000086100000| Untracked |  0
|  16|0x0000000086200000, 0x0000000086300000, 0x0000000086300000|100%| O|  |TAMS 0x0000000086200000| PB 0x0000000086200000| Untracked |  0
|  17|0x0000000086300000, 0x0000000086400000, 0x0000000086400000|100%| O|  |TAMS 0x0000000086300000| PB 0x0000000086300000| Untracked |  0
|  18|0x0000000086400000, 0x0000000086500000, 0x0000000086500000|100%| O|  |TAMS 0x0000000086400000| PB 0x0000000086400000| Untracked |  0
|  19|0x0000000086500000, 0x0000000086600000, 0x0000000086600000|100%| O|  |TAMS 0x0000000086500000| PB 0x0000000086500000| Untracked |  0
|  20|0x0000000086600000, 0x0000000086700000, 0x0000000086700000|100%| O|  |TAMS 0x0000000086600000| PB 0x0000000086600000| Untracked |  0
|  21|0x0000000086700000, 0x0000000086800000, 0x0000000086800000|100%| O|  |TAMS 0x0000000086700000| PB 0x0000000086700000| Untracked |  0
|  22|0x0000000086800000, 0x0000000086900000, 0x0000000086900000|100%| O|  |TAMS 0x0000000086800000| PB 0x0000000086800000| Untracked |  0
|  23|0x0000000086900000, 0x0000000086a00000, 0x0000000086a00000|100%| O|  |TAMS 0x0000000086900000| PB 0x0000000086900000| Untracked |  0
|  24|0x0000000086a00000, 0x0000000086b00000, 0x0000000086b00000|100%| O|  |TAMS 0x0000000086a00000| PB 0x0000000086a00000| Untracked |  0
|  25|0x0000000086b00000, 0x0000000086c00000, 0x0000000086c00000|100%| O|  |TAMS 0x0000000086b00000| PB 0x0000000086b00000| Untracked |  0
|  26|0x0000000086c00000, 0x0000000086d00000, 0x0000000086d00000|100%| O|  |TAMS 0x0000000086c00000| PB 0x0000000086c00000| Untracked |  0
|  27|0x0000000086d00000, 0x0000000086e00000, 0x0000000086e00000|100%| O|  |TAMS 0x0000000086d00000| PB 0x0000000086d00000| Untracked |  0
|  28|0x0000000086e00000, 0x0000000086f00000, 0x0000000086f00000|100%| O|  |TAMS 0x0000000086e00000| PB 0x0000000086e00000| Untracked |  0
|  29|0x0000000086f00000, 0x0000000087000000, 0x0000000087000000|100%| O|  |TAMS 0x0000000086f00000| PB 0x0000000086f00000| Untracked |  0
|  30|0x0000000087000000, 0x0000000087100000, 0x0000000087100000|100%| O|  |TAMS 0x0000000087000000| PB 0x0000000087000000| Untracked |  0
|  31|0x0000000087100000, 0x0000000087200000, 0x0000000087200000|100%| O|  |TAMS 0x0000000087100000| PB 0x0000000087100000| Untracked |  0
|  32|0x0000000087200000, 0x0000000087300000, 0x0000000087300000|100%| O|  |TAMS 0x0000000087200000| PB 0x0000000087200000| Untracked |  0
|  33|0x0000000087300000, 0x0000000087400000, 0x0000000087400000|100%| O|  |TAMS 0x0000000087300000| PB 0x0000000087300000| Untracked |  0
|  34|0x0000000087400000, 0x0000000087500000, 0x0000000087500000|100%| O|  |TAMS 0x0000000087400000| PB 0x0000000087400000| Untracked |  0
|  35|0x0000000087500000, 0x0000000087600000, 0x0000000087600000|100%| O|  |TAMS 0x0000000087500000| PB 0x0000000087500000| Untracked |  0
|  36|0x0000000087600000, 0x0000000087700000, 0x0000000087700000|100%| O|  |TAMS 0x0000000087600000| PB 0x0000000087600000| Untracked |  0
|  37|0x0000000087700000, 0x0000000087800000, 0x0000000087800000|100%| O|  |TAMS 0x0000000087700000| PB 0x0000000087700000| Untracked |  0
|  38|0x0000000087800000, 0x0000000087900000, 0x0000000087900000|100%| O|  |TAMS 0x0000000087800000| PB 0x0000000087800000| Untracked |  0
|  39|0x0000000087900000, 0x0000000087a00000, 0x0000000087a00000|100%| O|  |TAMS 0x0000000087900000| PB 0x0000000087900000| Untracked |  0
|  40|0x0000000087a00000, 0x0000000087b00000, 0x0000000087b00000|100%| O|  |TAMS 0x0000000087a00000| PB 0x0000000087a00000| Untracked |  0
|  41|0x0000000087b00000, 0x0000000087c00000, 0x0000000087c00000|100%| O|  |TAMS 0x0000000087b00000| PB 0x0000000087b00000| Untracked |  0
|  42|0x0000000087c00000, 0x0000000087d00000, 0x0000000087d00000|100%| O|Cm|TAMS 0x0000000087c00000| PB 0x0000000087c00000| Complete |  0
|  43|0x0000000087d00000, 0x0000000087e00000, 0x0000000087e00000|100%| O|  |TAMS 0x0000000087d00000| PB 0x0000000087d00000| Untracked |  0
|  44|0x0000000087e00000, 0x0000000087f00000, 0x0000000087f00000|100%| O|  |TAMS 0x0000000087e00000| PB 0x0000000087e00000| Untracked |  0
|  45|0x0000000087f00000, 0x0000000088000000, 0x0000000088000000|100%| O|Cm|TAMS 0x0000000087f00000| PB 0x0000000087f00000| Complete |  0
|  46|0x0000000088000000, 0x0000000088100000, 0x0000000088100000|100%| O|  |TAMS 0x0000000088000000| PB 0x0000000088000000| Untracked |  0
|  47|0x0000000088100000, 0x0000000088200000, 0x0000000088200000|100%| O|  |TAMS 0x0000000088100000| PB 0x0000000088100000| Untracked |  0
|  48|0x0000000088200000, 0x0000000088200000, 0x0000000088300000|  0%| F|  |TAMS 0x0000000088200000| PB 0x0000000088200000| Untracked |  0
|  49|0x0000000088300000, 0x0000000088300000, 0x0000000088400000|  0%| F|  |TAMS 0x0000000088300000| PB 0x0000000088300000| Untracked |  0
|  50|0x0000000088400000, 0x0000000088400000, 0x0000000088500000|  0%| F|  |TAMS 0x0000000088400000| PB 0x0000000088400000| Untracked |  0
|  51|0x0000000088500000, 0x0000000088500000, 0x0000000088600000|  0%| F|  |TAMS 0x0000000088500000| PB 0x0000000088500000| Untracked |  0
|  52|0x0000000088600000, 0x0000000088700000, 0x0000000088700000|100%| O|  |TAMS 0x0000000088600000| PB 0x0000000088600000| Untracked |  0
|  53|0x0000000088700000, 0x0000000088800000, 0x0000000088800000|100%| O|  |TAMS 0x0000000088700000| PB 0x0000000088700000| Untracked |  0
|  54|0x0000000088800000, 0x0000000088800000, 0x0000000088900000|  0%| F|  |TAMS 0x0000000088800000| PB 0x0000000088800000| Untracked |  0
|  55|0x0000000088900000, 0x0000000088900000, 0x0000000088a00000|  0%| F|  |TAMS 0x0000000088900000| PB 0x0000000088900000| Untracked |  0
|  56|0x0000000088a00000, 0x0000000088ace808, 0x0000000088b00000| 80%| S|CS|TAMS 0x0000000088a00000| PB 0x0000000088a00000| Complete |  0
|  57|0x0000000088b00000, 0x0000000088c00000, 0x0000000088c00000|100%| S|CS|TAMS 0x0000000088b00000| PB 0x0000000088b00000| Complete |  0
|  58|0x0000000088c00000, 0x0000000088d00000, 0x0000000088d00000|100%| S|CS|TAMS 0x0000000088c00000| PB 0x0000000088c00000| Complete |  0
|  59|0x0000000088d00000, 0x0000000088e00000, 0x0000000088e00000|100%| S|CS|TAMS 0x0000000088d00000| PB 0x0000000088d00000| Complete |  0
|  60|0x0000000088e00000, 0x0000000088e00000, 0x0000000088f00000|  0%| F|  |TAMS 0x0000000088e00000| PB 0x0000000088e00000| Untracked |  0
|  61|0x0000000088f00000, 0x0000000088f00000, 0x0000000089000000|  0%| F|  |TAMS 0x0000000088f00000| PB 0x0000000088f00000| Untracked |  0
|  62|0x0000000089000000, 0x0000000089000000, 0x0000000089100000|  0%| F|  |TAMS 0x0000000089000000| PB 0x0000000089000000| Untracked |  0
|  63|0x0000000089100000, 0x0000000089100000, 0x0000000089200000|  0%| F|  |TAMS 0x0000000089100000| PB 0x0000000089100000| Untracked |  0
|  64|0x0000000089200000, 0x000000008925c498, 0x0000000089300000| 36%| E|  |TAMS 0x0000000089200000| PB 0x0000000089200000| Complete |  0
|  65|0x0000000089300000, 0x0000000089400000, 0x0000000089400000|100%| E|CS|TAMS 0x0000000089300000| PB 0x0000000089300000| Complete |  0
|  66|0x0000000089400000, 0x0000000089500000, 0x0000000089500000|100%| E|CS|TAMS 0x0000000089400000| PB 0x0000000089400000| Complete |  0
|  67|0x0000000089500000, 0x0000000089600000, 0x0000000089600000|100%| E|CS|TAMS 0x0000000089500000| PB 0x0000000089500000| Complete |  0
|  68|0x0000000089600000, 0x0000000089700000, 0x0000000089700000|100%| E|CS|TAMS 0x0000000089600000| PB 0x0000000089600000| Complete |  0
|  69|0x0000000089700000, 0x0000000089800000, 0x0000000089800000|100%| E|  |TAMS 0x0000000089700000| PB 0x0000000089700000| Complete |  0
|  70|0x0000000089800000, 0x0000000089900000, 0x0000000089900000|100%| E|CS|TAMS 0x0000000089800000| PB 0x0000000089800000| Complete |  0
|  71|0x0000000089900000, 0x0000000089a00000, 0x0000000089a00000|100%| E|CS|TAMS 0x0000000089900000| PB 0x0000000089900000| Complete |  0
|  72|0x0000000089a00000, 0x0000000089b00000, 0x0000000089b00000|100%| E|CS|TAMS 0x0000000089a00000| PB 0x0000000089a00000| Complete |  0
|  73|0x0000000089b00000, 0x0000000089c00000, 0x0000000089c00000|100%| E|CS|TAMS 0x0000000089b00000| PB 0x0000000089b00000| Complete |  0
|  74|0x0000000089c00000, 0x0000000089d00000, 0x0000000089d00000|100%| E|CS|TAMS 0x0000000089c00000| PB 0x0000000089c00000| Complete |  0
|  75|0x0000000089d00000, 0x0000000089e00000, 0x0000000089e00000|100%| E|CS|TAMS 0x0000000089d00000| PB 0x0000000089d00000| Complete |  0
|  76|0x0000000089e00000, 0x0000000089f00000, 0x0000000089f00000|100%| E|CS|TAMS 0x0000000089e00000| PB 0x0000000089e00000| Complete |  0
|  77|0x0000000089f00000, 0x000000008a000000, 0x000000008a000000|100%| E|CS|TAMS 0x0000000089f00000| PB 0x0000000089f00000| Complete |  0
|  78|0x000000008a000000, 0x000000008a100000, 0x000000008a100000|100%| E|CS|TAMS 0x000000008a000000| PB 0x000000008a000000| Complete |  0
|  79|0x000000008a100000, 0x000000008a200000, 0x000000008a200000|100%| E|CS|TAMS 0x000000008a100000| PB 0x000000008a100000| Complete |  0
|  80|0x000000008a200000, 0x000000008a300000, 0x000000008a300000|100%| E|CS|TAMS 0x000000008a200000| PB 0x000000008a200000| Complete |  0
|  81|0x000000008a300000, 0x000000008a400000, 0x000000008a400000|100%| E|CS|TAMS 0x000000008a300000| PB 0x000000008a300000| Complete |  0
| 114|0x000000008c400000, 0x000000008c500000, 0x000000008c500000|100%| E|CS|TAMS 0x000000008c400000| PB 0x000000008c400000| Complete |  0
| 115|0x000000008c500000, 0x000000008c600000, 0x000000008c600000|100%| E|CS|TAMS 0x000000008c500000| PB 0x000000008c500000| Complete |  0
| 116|0x000000008c600000, 0x000000008c700000, 0x000000008c700000|100%| E|CS|TAMS 0x000000008c600000| PB 0x000000008c600000| Complete |  0
| 117|0x000000008c700000, 0x000000008c800000, 0x000000008c800000|100%| E|CS|TAMS 0x000000008c700000| PB 0x000000008c700000| Complete |  0
| 123|0x000000008cd00000, 0x000000008ce00000, 0x000000008ce00000|100%| E|CS|TAMS 0x000000008cd00000| PB 0x000000008cd00000| Complete |  0
|1964|0x00000000ffe00000, 0x00000000fff00000, 0x00000000fff00000|100%| O|  |TAMS 0x00000000ffe00000| PB 0x00000000ffe00000| Untracked |  0
|1965|0x00000000fff00000, 0x0000000100000000, 0x0000000100000000|100%| E|CS|TAMS 0x00000000fff00000| PB 0x00000000fff00000| Complete |  0

Card table byte_map: [0x000002305ccf0000,0x000002305d0d0000] _byte_map_base: 0x000002305c8c7000

Marking Bits: (CMBitMap*) 0x0000023042cd4af0
 Bits: [0x000002305d0d0000, 0x000002305ef88000)

Polling page: 0x00000230429e0000

Metaspace:
Metaspace        used 95011K, committed 95744K, reserved 1179648K
 class space     used 10531K, committed 10880K, reserved 1048576K

Usage:
  Non-class:     82.50 MB used.
      Class:     10.29 MB used.
       Both:     92.79 MB used.

Virtual space:
  Non-class space:      128.00 MB reserved,      82.88 MB ( 65%) committed,  2 nodes.
      Class space:        1.00 GB reserved,      10.62 MB (  1%) committed,  1 nodes.
             Both:        1.12 GB reserved,      93.50 MB (  8%) committed. 

Chunk freelists:
   Non-Class:  13.00 MB
       Class:  5.30 MB
        Both:  18.30 MB

MaxMetaspaceSize: unlimited
CompressedClassSpaceSize: 1.00 GB
Initial GC threshold: 21.00 MB
Current GC threshold: 139.31 MB
CDS: on
 - commit_granule_bytes: 65536.
 - commit_granule_words: 8192.
 - virtual_space_node_default_size: 8388608.
 - enlarge_chunks_in_place: 1.
UseCompressedClassPointers 1, UseCompactObjectHeaders 0
Narrow klass pointer bits 32, Max shift 3
Narrow klass base: 0x000000000a000000, Narrow klass shift: 0
Encoding Range: [0x000000000a000000 - 0x000000010a000000), (4294967296 bytes)
Klass Range:    [0x000000000a010000 - 0x000000004b000000), (1090453504 bytes)
Klass ID Range:  [65536 - 1090519033) (1090453497)
Protection zone: [0x000000000a000000 - 0x000000000a010000), (65536 bytes)


Internal statistics:

num_allocs_failed_limit: 9.
num_arena_births: 1070.
num_arena_deaths: 0.
num_vsnodes_births: 3.
num_vsnodes_deaths: 0.
num_space_committed: 1496.
num_space_uncommitted: 0.
num_chunks_returned_to_freelist: 9.
num_chunks_taken_from_freelist: 4358.
num_chunk_merges: 9.
num_chunk_splits: 3165.
num_chunks_enlarged: 2575.
num_inconsistent_stats: 0.

CodeHeap 'non-profiled nmethods': size=120064Kb used=4189Kb max_used=4189Kb free=115874Kb
 bounds [0x0000023054730000, 0x0000023054b50000, 0x000002305bc70000]
CodeHeap 'profiled nmethods': size=120000Kb used=13741Kb max_used=13741Kb free=106258Kb
 bounds [0x000002304cc70000, 0x000002304d9e0000, 0x00000230541a0000]
CodeHeap 'non-nmethods': size=5696Kb used=1700Kb max_used=1779Kb free=3995Kb
 bounds [0x00000230541a0000, 0x0000023054410000, 0x0000023054730000]
CodeCache: size=245760Kb, used=19630Kb, max_used=19709Kb, free=226127Kb
 total_blobs=9586, nmethods=8774, adapters=714, full_count=0
Compilation: enabled, stopped_count=0, restarted_count=0

Compilation events (20 events):
Event: 50.336 Thread 0x000002306189fb60 nmethod 10294 0x0000023054b46888 code [0x0000023054b46980, 0x0000023054b46a48]
Event: 50.336 Thread 0x000002306189fb60 10299       3       com.fasterxml.jackson.databind.introspect.POJOPropertyBuilder::getSetter (106 bytes)
Event: 50.337 Thread 0x000002306189fb60 nmethod 10299 0x000002304d9d4f88 code [0x000002304d9d5080, 0x000002304d9d58c8]
Event: 50.337 Thread 0x000002306189fb60 10300       3       com.fasterxml.jackson.annotation.JsonFormat$Value::empty (4 bytes)
Event: 50.337 Thread 0x000002306189fb60 nmethod 10300 0x000002304d9d5908 code [0x000002304d9d5a00, 0x000002304d9d5af0]
Event: 50.345 Thread 0x000002306189fb60 10301       3       org.apache.hc.core5.util.Args::check (18 bytes)
Event: 50.346 Thread 0x000002306189fb60 nmethod 10301 0x000002304d9d5c08 code [0x000002304d9d5d00, 0x000002304d9d6760]
Event: 50.347 Thread 0x000002306189fb60 10302       3       java.nio.charset.CharsetDecoder::implReplaceWith (1 bytes)
Event: 50.347 Thread 0x000002306189fb60 nmethod 10302 0x000002304d9d6788 code [0x000002304d9d6880, 0x000002304d9d6988]
Event: 50.353 Thread 0x000002306189fb60 10303       3       org.apache.hc.core5.util.Tokenizer::isWhitespace (30 bytes)
Event: 50.353 Thread 0x000002306189fb60 nmethod 10303 0x000002304d9d6a88 code [0x000002304d9d6b80, 0x000002304d9d6d38]
Event: 50.353 Thread 0x000002306189fb60 10304       3       org.apache.hc.core5.util.CharArrayBuffer::charAt (7 bytes)
Event: 50.354 Thread 0x000002306189fb60 nmethod 10304 0x000002304d9d6d88 code [0x000002304d9d6e80, 0x000002304d9d6fb8]
Event: 50.354 Thread 0x000002306189fb60 10306       3       org.apache.hc.core5.util.Tokenizer$$Lambda/0x000000000b9896a8::test (9 bytes)
Event: 50.354 Thread 0x000002306189fb60 nmethod 10306 0x000002304d9d7088 code [0x000002304d9d7180, 0x000002304d9d7338]
Event: 50.354 Thread 0x000002306189fb60 10307       3       org.apache.hc.core5.util.Tokenizer::lambda$delimiters$1 (11 bytes)
Event: 50.354 Thread 0x000002306189fb60 nmethod 10307 0x000002304d9d7388 code [0x000002304d9d7480, 0x000002304d9d75b8]
Event: 50.354 Thread 0x000002306189fb60 10305       3       org.apache.hc.core5.util.Tokenizer$Cursor::atEnd (17 bytes)
Event: 50.354 Thread 0x000002306189fb60 nmethod 10305 0x000002304d9d7688 code [0x000002304d9d7780, 0x000002304d9d78d8]
Event: 51.303 Thread 0x000002306189fb60 10308       3       java.util.concurrent.locks.AbstractQueuedSynchronizer$ConditionObject::canReacquire (38 bytes)

GC Heap Usage History (20 events):
Event: 10.694 {heap Before GC invocations=9 (full 0):
 garbage-first heap   total reserved 2013184K, committed 84992K, used 76280K [0x0000000085200000, 0x0000000100000000)
  region size 1024K, 41 young (41984K), 5 survivors (5120K)
}
Event: 10.704 {heap After GC invocations=10 (full 0):
 garbage-first heap   total reserved 2013184K, committed 87040K, used 37283K [0x0000000085200000, 0x0000000100000000)
  region size 1024K, 5 young (5120K), 5 survivors (5120K)
}
Event: 12.345 {heap Before GC invocations=10 (full 0):
 garbage-first heap   total reserved 2013184K, committed 87040K, used 73123K [0x0000000085200000, 0x0000000100000000)
  region size 1024K, 40 young (40960K), 5 survivors (5120K)
}
Event: 12.352 {heap After GC invocations=11 (full 0):
 garbage-first heap   total reserved 2013184K, committed 87040K, used 39439K [0x0000000085200000, 0x0000000100000000)
  region size 1024K, 3 young (3072K), 3 survivors (3072K)
}
Event: 13.715 {heap Before GC invocations=11 (full 0):
 garbage-first heap   total reserved 2013184K, committed 87040K, used 67087K [0x0000000085200000, 0x0000000100000000)
  region size 1024K, 31 young (31744K), 3 survivors (3072K)
}
Event: 13.721 {heap After GC invocations=12 (full 0):
 garbage-first heap   total reserved 2013184K, committed 87040K, used 42137K [0x0000000085200000, 0x0000000100000000)
  region size 1024K, 5 young (5120K), 5 survivors (5120K)
}
Event: 14.962 {heap Before GC invocations=13 (full 0):
 garbage-first heap   total reserved 2013184K, committed 87040K, used 74905K [0x0000000085200000, 0x0000000100000000)
  region size 1024K, 38 young (38912K), 5 survivors (5120K)
}
Event: 14.967 {heap After GC invocations=14 (full 0):
 garbage-first heap   total reserved 2013184K, committed 87040K, used 44071K [0x0000000085200000, 0x0000000100000000)
  region size 1024K, 2 young (2048K), 2 survivors (2048K)
}
Event: 16.141 {heap Before GC invocations=14 (full 0):
 garbage-first heap   total reserved 2013184K, committed 87040K, used 76839K [0x0000000085200000, 0x0000000100000000)
  region size 1024K, 34 young (34816K), 2 survivors (2048K)
}
Event: 16.146 {heap After GC invocations=15 (full 0):
 garbage-first heap   total reserved 2013184K, committed 87040K, used 46143K [0x0000000085200000, 0x0000000100000000)
  region size 1024K, 5 young (5120K), 5 survivors (5120K)
}
Event: 17.139 {heap Before GC invocations=15 (full 0):
 garbage-first heap   total reserved 2013184K, committed 87040K, used 77887K [0x0000000085200000, 0x0000000100000000)
  region size 1024K, 36 young (36864K), 5 survivors (5120K)
}
Event: 17.147 {heap After GC invocations=16 (full 0):
 garbage-first heap   total reserved 2013184K, committed 87040K, used 48275K [0x0000000085200000, 0x0000000100000000)
  region size 1024K, 5 young (5120K), 5 survivors (5120K)
}
Event: 18.006 {heap Before GC invocations=17 (full 0):
 garbage-first heap   total reserved 2013184K, committed 87040K, used 78995K [0x0000000085200000, 0x0000000100000000)
  region size 1024K, 35 young (35840K), 5 survivors (5120K)
}
Event: 18.012 {heap After GC invocations=18 (full 0):
 garbage-first heap   total reserved 2013184K, committed 87040K, used 50320K [0x0000000085200000, 0x0000000100000000)
  region size 1024K, 5 young (5120K), 5 survivors (5120K)
}
Event: 18.813 {heap Before GC invocations=18 (full 0):
 garbage-first heap   total reserved 2013184K, committed 87040K, used 78992K [0x0000000085200000, 0x0000000100000000)
  region size 1024K, 33 young (33792K), 5 survivors (5120K)
}
Event: 18.820 {heap After GC invocations=19 (full 0):
 garbage-first heap   total reserved 2013184K, committed 87040K, used 50908K [0x0000000085200000, 0x0000000100000000)
  region size 1024K, 4 young (4096K), 4 survivors (4096K)
}
Event: 19.516 {heap Before GC invocations=19 (full 0):
 garbage-first heap   total reserved 2013184K, committed 87040K, used 79580K [0x0000000085200000, 0x0000000100000000)
  region size 1024K, 33 young (33792K), 4 survivors (4096K)
}
Event: 19.521 {heap After GC invocations=20 (full 0):
 garbage-first heap   total reserved 2013184K, committed 88064K, used 52875K [0x0000000085200000, 0x0000000100000000)
  region size 1024K, 5 young (5120K), 5 survivors (5120K)
}
Event: 20.346 {heap Before GC invocations=21 (full 0):
 garbage-first heap   total reserved 2013184K, committed 91136K, used 79499K [0x0000000085200000, 0x0000000100000000)
  region size 1024K, 32 young (32768K), 5 survivors (5120K)
}
Event: 20.352 {heap After GC invocations=22 (full 0):
 garbage-first heap   total reserved 2013184K, committed 91136K, used 56122K [0x0000000085200000, 0x0000000100000000)
  region size 1024K, 4 young (4096K), 4 survivors (4096K)
}

Metaspace Usage History (20 events):
Event: 10.694 {metaspace Before GC invocations=9 (full 0):
 Metaspace       used 42134K, committed 42624K, reserved 1114112K
  class space    used 4482K, committed 4736K, reserved 1048576K
}
Event: 10.704 {metaspace After GC invocations=10 (full 0):
 Metaspace       used 42134K, committed 42624K, reserved 1114112K
  class space    used 4482K, committed 4736K, reserved 1048576K
}
Event: 12.345 {metaspace Before GC invocations=10 (full 0):
 Metaspace       used 49293K, committed 49792K, reserved 1114112K
  class space    used 5271K, committed 5504K, reserved 1048576K
}
Event: 12.352 {metaspace After GC invocations=11 (full 0):
 Metaspace       used 49293K, committed 49792K, reserved 1114112K
  class space    used 5271K, committed 5504K, reserved 1048576K
}
Event: 13.715 {metaspace Before GC invocations=11 (full 0):
 Metaspace       used 60020K, committed 60480K, reserved 1114112K
  class space    used 6309K, committed 6528K, reserved 1048576K
}
Event: 13.721 {metaspace After GC invocations=12 (full 0):
 Metaspace       used 60020K, committed 60480K, reserved 1114112K
  class space    used 6309K, committed 6528K, reserved 1048576K
}
Event: 14.962 {metaspace Before GC invocations=13 (full 0):
 Metaspace       used 69283K, committed 69824K, reserved 1114112K
  class space    used 7337K, committed 7616K, reserved 1048576K
}
Event: 14.967 {metaspace After GC invocations=14 (full 0):
 Metaspace       used 69283K, committed 69824K, reserved 1114112K
  class space    used 7337K, committed 7616K, reserved 1048576K
}
Event: 16.141 {metaspace Before GC invocations=14 (full 0):
 Metaspace       used 75491K, committed 76032K, reserved 1179648K
  class space    used 7995K, committed 8256K, reserved 1048576K
}
Event: 16.146 {metaspace After GC invocations=15 (full 0):
 Metaspace       used 75491K, committed 76032K, reserved 1179648K
  class space    used 7995K, committed 8256K, reserved 1048576K
}
Event: 17.139 {metaspace Before GC invocations=15 (full 0):
 Metaspace       used 77767K, committed 78336K, reserved 1179648K
  class space    used 8265K, committed 8512K, reserved 1048576K
}
Event: 17.147 {metaspace After GC invocations=16 (full 0):
 Metaspace       used 77767K, committed 78336K, reserved 1179648K
  class space    used 8265K, committed 8512K, reserved 1048576K
}
Event: 18.006 {metaspace Before GC invocations=17 (full 0):
 Metaspace       used 79539K, committed 80192K, reserved 1179648K
  class space    used 8529K, committed 8832K, reserved 1048576K
}
Event: 18.012 {metaspace After GC invocations=18 (full 0):
 Metaspace       used 79539K, committed 80192K, reserved 1179648K
  class space    used 8529K, committed 8832K, reserved 1048576K
}
Event: 18.813 {metaspace Before GC invocations=18 (full 0):
 Metaspace       used 81905K, committed 82560K, reserved 1179648K
  class space    used 8849K, committed 9152K, reserved 1048576K
}
Event: 18.820 {metaspace After GC invocations=19 (full 0):
 Metaspace       used 81905K, committed 82560K, reserved 1179648K
  class space    used 8849K, committed 9152K, reserved 1048576K
}
Event: 19.516 {metaspace Before GC invocations=19 (full 0):
 Metaspace       used 84665K, committed 85248K, reserved 1179648K
  class space    used 9226K, committed 9472K, reserved 1048576K
}
Event: 19.521 {metaspace After GC invocations=20 (full 0):
 Metaspace       used 84665K, committed 85248K, reserved 1179648K
  class space    used 9226K, committed 9472K, reserved 1048576K
}
Event: 20.346 {metaspace Before GC invocations=21 (full 0):
 Metaspace       used 89638K, committed 90304K, reserved 1179648K
  class space    used 9838K, committed 10112K, reserved 1048576K
}
Event: 20.352 {metaspace After GC invocations=22 (full 0):
 Metaspace       used 89638K, committed 90304K, reserved 1179648K
  class space    used 9838K, committed 10112K, reserved 1048576K
}

Dll operation events (12 events):
Event: 0.018 Loaded shared library C:\Users\rushi\.jdks\openjdk-25.0.1\bin\java.dll
Event: 0.295 Loaded shared library C:\Users\rushi\.jdks\openjdk-25.0.1\bin\zip.dll
Event: 0.301 Loaded shared library C:\Users\rushi\.jdks\openjdk-25.0.1\bin\instrument.dll
Event: 0.308 Loaded shared library C:\Users\rushi\.jdks\openjdk-25.0.1\bin\net.dll
Event: 0.312 Loaded shared library C:\Users\rushi\.jdks\openjdk-25.0.1\bin\nio.dll
Event: 0.316 Loaded shared library C:\Users\rushi\.jdks\openjdk-25.0.1\bin\zip.dll
Event: 0.390 Loaded shared library C:\Users\rushi\.jdks\openjdk-25.0.1\bin\jimage.dll
Event: 0.667 Loaded shared library C:\Users\rushi\.jdks\openjdk-25.0.1\bin\extnet.dll
Event: 0.720 Loaded shared library C:\Users\rushi\.jdks\openjdk-25.0.1\bin\management.dll
Event: 0.754 Loaded shared library C:\Users\rushi\.jdks\openjdk-25.0.1\bin\management_ext.dll
Event: 4.528 Loaded shared library C:\Users\rushi\.jdks\openjdk-25.0.1\bin\sunmscapi.dll
Event: 19.876 Loaded shared library C:\Users\rushi\.jdks\openjdk-25.0.1\bin\verify.dll

Deoptimization events (20 events):
Event: 44.043 Thread 0x0000023066083c90 Uncommon trap: trap_request=0xffffff45 fr.pc=0x00000230547a9014 relative=0x0000000000000094
Event: 44.043 Thread 0x0000023066083c90 Uncommon trap: reason=unstable_if action=reinterpret pc=0x00000230547a9014 method=java.lang.CharacterDataLatin1.digit(II)I @ 7 c2
Event: 44.043 Thread 0x0000023066083c90 DEOPT PACKING pc=0x00000230547a9014 sp=0x00000052b7df8e40
Event: 44.043 Thread 0x0000023066083c90 DEOPT UNPACKING pc=0x00000230542bf582 sp=0x00000052b7df8dc0 mode 2
Event: 44.132 Thread 0x0000023066083c90 Uncommon trap: trap_request=0xffffffde fr.pc=0x000002305497a660 relative=0x0000000000007f60
Event: 44.132 Thread 0x0000023066083c90 Uncommon trap: reason=class_check action=maybe_recompile pc=0x000002305497a660 method=org.springframework.transaction.interceptor.AbstractFallbackTransactionAttributeSource.getTransactionAttribute(Ljava/lang/reflect/Method;Ljava/lang/Class;Z)Lorg/springfr
Event: 44.132 Thread 0x0000023066083c90 DEOPT PACKING pc=0x000002305497a660 sp=0x00000052b7df9110
Event: 44.132 Thread 0x0000023066083c90 DEOPT UNPACKING pc=0x00000230542bf582 sp=0x00000052b7df9138 mode 2
Event: 44.433 Thread 0x0000023066083c90 Uncommon trap: trap_request=0xffffffde fr.pc=0x0000023054971548 relative=0x0000000000000548
Event: 44.433 Thread 0x0000023066083c90 Uncommon trap: reason=class_check action=maybe_recompile pc=0x0000023054971548 method=org.springframework.core.MethodParameter.getGenericParameterType()Ljava/lang/reflect/Type; @ 17 c2
Event: 44.433 Thread 0x0000023066083c90 DEOPT PACKING pc=0x0000023054971548 sp=0x00000052b7df9ec0
Event: 44.433 Thread 0x0000023066083c90 DEOPT UNPACKING pc=0x00000230542bf582 sp=0x00000052b7df9e80 mode 2
Event: 44.494 Thread 0x0000023066083c90 Uncommon trap: trap_request=0xffffff45 fr.pc=0x00000230549f0114 relative=0x0000000000000314
Event: 44.494 Thread 0x0000023066083c90 Uncommon trap: reason=unstable_if action=reinterpret pc=0x00000230549f0114 method=com.fasterxml.jackson.databind.introspect.AnnotatedMember.getAnnotation(Ljava/lang/Class;)Ljava/lang/annotation/Annotation; @ 4 c2
Event: 44.494 Thread 0x0000023066083c90 DEOPT PACKING pc=0x00000230549f0114 sp=0x00000052b7df8f50
Event: 44.494 Thread 0x0000023066083c90 DEOPT UNPACKING pc=0x00000230542bf582 sp=0x00000052b7df8ef0 mode 2
Event: 50.355 Thread 0x0000023067741640 Uncommon trap: trap_request=0xffffffde fr.pc=0x000002305484bedc relative=0x00000000000017dc
Event: 50.355 Thread 0x0000023067741640 Uncommon trap: reason=class_check action=maybe_recompile pc=0x000002305484bedc method=java.util.zip.InflaterInputStream.read([BII)I @ 78 c2
Event: 50.355 Thread 0x0000023067741640 DEOPT PACKING pc=0x000002305484bedc sp=0x00000052b8bfe660
Event: 50.355 Thread 0x0000023067741640 DEOPT UNPACKING pc=0x00000230542bf582 sp=0x00000052b8bfe6c0 mode 2

Classes loaded (20 events):
Event: 43.611 Loading class sun/net/www/http/HttpCapture
Event: 43.612 Loading class sun/net/www/http/HttpCapture done
Event: 43.619 Loading class sun/net/www/protocol/http/AuthenticationInfo
Event: 43.620 Loading class sun/net/www/protocol/http/AuthCacheValue
Event: 43.621 Loading class sun/net/www/protocol/http/AuthCacheValue done
Event: 43.621 Loading class sun/net/www/protocol/http/AuthenticationInfo done
Event: 44.004 Loading class sun/net/www/HeaderParser
Event: 44.005 Loading class sun/net/www/HeaderParser done
Event: 44.006 Loading class sun/net/www/http/ChunkedInputStream
Event: 44.007 Loading class sun/net/www/http/Hurryable
Event: 44.007 Loading class sun/net/www/http/Hurryable done
Event: 44.007 Loading class sun/net/www/http/ChunkedInputStream done
Event: 44.007 Loading class sun/net/www/protocol/http/HttpURLConnection$HttpInputStream
Event: 44.008 Loading class sun/net/www/protocol/http/HttpURLConnection$HttpInputStream done
Event: 44.044 Loading class sun/net/www/http/KeepAliveCache$ClientVector
Event: 44.044 Loading class sun/net/www/http/KeepAliveCache$ClientVector done
Event: 44.045 Loading class sun/net/www/http/KeepAliveEntry
Event: 44.045 Loading class sun/net/www/http/KeepAliveEntry done
Event: 44.478 Loading class jdk/internal/util/DateTimeHelper
Event: 44.479 Loading class jdk/internal/util/DateTimeHelper done

Classes unloaded (0 events):
No events

Classes redefined (0 events):
No events

Internal exceptions (20 events):
Event: 19.701 Thread 0x0000023067740e70 Exception <a 'java/lang/NoSuchMethodError'{0x000000008a1509a8}: 'int java.lang.invoke.DirectMethodHandle$Holder.invokeStatic(java.lang.Object, int, int, int, int)'> (0x000000008a1509a8) 
thrown [s\open\src\hotspot\share\interpreter\linkResolver.cpp, line 804]
Event: 20.173 Thread 0x0000023067740e70 Exception <a 'java/lang/NoSuchMethodError'{0x00000000896b9ee8}: 'java.lang.Object java.lang.invoke.DirectMethodHandle$Holder.invokeStatic(java.lang.Object, int, int)'> (0x00000000896b9ee8) 
thrown [s\open\src\hotspot\share\interpreter\linkResolver.cpp, line 804]
Event: 20.218 Thread 0x0000023067740e70 Exception <a 'java/lang/NoSuchMethodError'{0x0000000089407fe8}: 'java.lang.Object java.lang.invoke.DelegatingMethodHandle$Holder.reinvoke_L(java.lang.Object, int, int, long, java.lang.Object, long, long, long)'> (0x0000000089407fe8) 
thrown [s\open\src\hotspot\share\interpreter\linkResolver.cpp, line 804]
Event: 20.220 Thread 0x0000023067740e70 Exception <a 'java/lang/NoSuchMethodError'{0x000000008944ca88}: 'java.lang.Object java.lang.invoke.DelegatingMethodHandle$Holder.reinvoke_L(java.lang.Object, java.lang.Object, java.lang.Object, java.lang.Object, java.lang.Object, java.lang.Object, java.lang.Object, java.lang.Object, java.lang.Object, java.lang.Object, java.lang.Object, java.lang.Object, java.lang.Object, java.lang.Object, int, java.lang.Object, java.lang.Object, java.lang.Object, java.lang.Object, java.lang.Object, java.lang.Object, java.l
Event: 20.223 Thread 0x0000023067740e70 Exception <a 'java/lang/NoSuchMethodError'{0x00000000894c6978}: 'java.lang.Object java.lang.invoke.DirectMethodHandle$Holder.invokeStatic(java.lang.Object, java.lang.Object, java.lang.Object, java.lang.Object, java.lang.Object, java.lang.Object, java.lang.Object, java.lang.Object, java.lang.Object, java.lang.Object, java.lang.Object, java.lang.Object, java.lang.Object)'> (0x00000000894c6978) 
thrown [s\open\src\hotspot\share\interpreter\linkResolver.cpp, line 804]
Event: 20.224 Thread 0x0000023067740e70 Exception <a 'java/lang/NoSuchMethodError'{0x00000000894f1c80}: 'java.lang.Object java.lang.invoke.DirectMethodHandle$Holder.invokeStatic(java.lang.Object, java.lang.Object, java.lang.Object, java.lang.Object, java.lang.Object, java.lang.Object, java.lang.Object, java.lang.Object, java.lang.Object, java.lang.Object, java.lang.Object, java.lang.Object, java.lang.Object, java.lang.Object)'> (0x00000000894f1c80) 
thrown [s\open\src\hotspot\share\interpreter\linkResolver.cpp, line 804]
Event: 20.226 Thread 0x0000023067740e70 Exception <a 'java/lang/NoSuchMethodError'{0x00000000893178c0}: 'java.lang.Object java.lang.invoke.DelegatingMethodHandle$Holder.reinvoke_L(java.lang.Object, java.lang.Object, java.lang.Object, java.lang.Object, java.lang.Object, java.lang.Object, java.lang.Object, java.lang.Object, java.lang.Object, java.lang.Object, java.lang.Object, java.lang.Object, java.lang.Object, java.lang.Object, java.lang.Object, java.lang.Object, java.lang.Object, java.lang.Object, java.lang.Object, java.lang.Object, java.lang.O
Event: 42.007 Thread 0x0000023066bc9aa0 Exception <a 'java/lang/NoSuchMethodError'{0x000000008c5390f8}: 'java.lang.Object java.lang.invoke.DirectMethodHandle$Holder.invokeStatic(java.lang.Object, java.lang.Object, java.lang.Object, int, int)'> (0x000000008c5390f8) 
thrown [s\open\src\hotspot\share\interpreter\linkResolver.cpp, line 804]
Event: 42.009 Thread 0x0000023066bc9aa0 Exception <a 'java/lang/NoSuchMethodError'{0x000000008c541058}: 'java.lang.Object java.lang.invoke.DirectMethodHandle$Holder.invokeStaticInit(java.lang.Object, java.lang.Object, java.lang.Object, int, int)'> (0x000000008c541058) 
thrown [s\open\src\hotspot\share\interpreter\linkResolver.cpp, line 804]
Event: 42.161 Thread 0x0000023066080db0 Exception <a 'java/lang/NoSuchMethodError'{0x000000008c44c850}: 'java.lang.Object java.lang.invoke.DirectMethodHandle$Holder.invokeSpecial(java.lang.Object, java.lang.Object, java.lang.Object, java.lang.Object, java.lang.Object, long)'> (0x000000008c44c850) 
thrown [s\open\src\hotspot\share\interpreter\linkResolver.cpp, line 804]
Event: 42.162 Thread 0x0000023066080db0 Exception <a 'java/lang/NoSuchMethodError'{0x000000008c455170}: 'java.lang.Object java.lang.invoke.DirectMethodHandle$Holder.invokeSpecial(java.lang.Object, java.lang.Object, java.lang.Object, java.lang.Object, java.lang.Object, java.lang.Object, long)'> (0x000000008c455170) 
thrown [s\open\src\hotspot\share\interpreter\linkResolver.cpp, line 804]
Event: 42.163 Thread 0x0000023066080db0 Exception <a 'java/lang/NoSuchMethodError'{0x000000008c45d768}: 'java.lang.Object java.lang.invoke.DelegatingMethodHandle$Holder.reinvoke_L(java.lang.Object, java.lang.Object, java.lang.Object, java.lang.Object, java.lang.Object, long)'> (0x000000008c45d768) 
thrown [s\open\src\hotspot\share\interpreter\linkResolver.cpp, line 804]
Event: 42.165 Thread 0x0000023066080db0 Exception <a 'java/lang/NoSuchMethodError'{0x000000008c46dd68}: 'java.lang.Object java.lang.invoke.Invokers$Holder.linkToTargetMethod(java.lang.Object, java.lang.Object, java.lang.Object, long, java.lang.Object)'> (0x000000008c46dd68) 
thrown [s\open\src\hotspot\share\interpreter\linkResolver.cpp, line 804]
Event: 43.111 Thread 0x0000023066083c90 Exception <a 'java/lang/IncompatibleClassChangeError'{0x0000000089b6c408}: Found class java.lang.Object, but interface was expected> (0x0000000089b6c408) 
thrown [s\open\src\hotspot\share\interpreter\linkResolver.cpp, line 871]
Event: 43.469 Thread 0x0000023066083c90 Exception <a 'java/lang/IncompatibleClassChangeError'{0x000000008978ea50}: Found class java.lang.Object, but interface was expected> (0x000000008978ea50) 
thrown [s\open\src\hotspot\share\interpreter\linkResolver.cpp, line 871]
Event: 43.489 Thread 0x0000023066083c90 Exception <a 'java/lang/NoSuchMethodError'{0x00000000897f7fb8}: 'java.lang.Object java.lang.invoke.DirectMethodHandle$Holder.newInvokeSpecial(java.lang.Object, java.lang.Object, java.lang.Object, long)'> (0x00000000897f7fb8) 
thrown [s\open\src\hotspot\share\interpreter\linkResolver.cpp, line 804]
Event: 43.490 Thread 0x0000023066083c90 Exception <a 'java/lang/NoSuchMethodError'{0x00000000897fcf40}: 'java.lang.Object java.lang.invoke.Invokers$Holder.linkToTargetMethod(java.lang.Object, java.lang.Object, long, java.lang.Object)'> (0x00000000897fcf40) 
thrown [s\open\src\hotspot\share\interpreter\linkResolver.cpp, line 804]
Event: 43.541 Thread 0x0000023066083c90 Exception <a 'java/lang/NoSuchMethodError'{0x00000000896d4be0}: 'void java.lang.invoke.DirectMethodHandle$Holder.invokeSpecialIFC(java.lang.Object, java.lang.Object, int, java.lang.Object, java.lang.Object, java.lang.Object, java.lang.Object)'> (0x00000000896d4be0) 
thrown [s\open\src\hotspot\share\interpreter\linkResolver.cpp, line 804]
Event: 43.586 Thread 0x0000023066083c90 Exception <a 'java/lang/NoSuchMethodError'{0x000000008956e390}: 'java.lang.Object java.lang.invoke.DirectMethodHandle$Holder.invokeStatic(java.lang.Object, int, java.lang.Object, java.lang.Object, java.lang.Object)'> (0x000000008956e390) 
thrown [s\open\src\hotspot\share\interpreter\linkResolver.cpp, line 804]
Event: 44.494 Thread 0x0000023066083c90 Implicit null exception at 0x00000230549efe2e to 0x00000230549f0104

VM Operations (20 events):
Event: 20.022 Executing non-safepoint VM operation: HandshakeAllThreads (Deoptimize)
Event: 20.022 Executing non-safepoint VM operation: HandshakeAllThreads (Deoptimize) done
Event: 20.237 Executing non-safepoint VM operation: HandshakeAllThreads (Deoptimize)
Event: 20.237 Executing non-safepoint VM operation: HandshakeAllThreads (Deoptimize) done
Event: 20.341 Executing non-safepoint VM operation: HandshakeAllThreads (Deoptimize)
Event: 20.341 Executing non-safepoint VM operation: HandshakeAllThreads (Deoptimize) done
Event: 20.346 Executing safepoint VM operation: G1CollectForAllocation (G1 Evacuation Pause)
Event: 20.352 Executing safepoint VM operation: G1CollectForAllocation (G1 Evacuation Pause) done
Event: 42.200 Executing non-safepoint VM operation: HandshakeAllThreads (Deoptimize)
Event: 42.201 Executing non-safepoint VM operation: HandshakeAllThreads (Deoptimize) done
Event: 42.232 Executing non-safepoint VM operation: HandshakeAllThreads (Deoptimize)
Event: 42.232 Executing non-safepoint VM operation: HandshakeAllThreads (Deoptimize) done
Event: 42.796 Executing non-safepoint VM operation: HandshakeAllThreads (Deoptimize)
Event: 42.796 Executing non-safepoint VM operation: HandshakeAllThreads (Deoptimize) done
Event: 44.430 Executing non-safepoint VM operation: HandshakeAllThreads (Deoptimize)
Event: 44.430 Executing non-safepoint VM operation: HandshakeAllThreads (Deoptimize) done
Event: 44.488 Executing non-safepoint VM operation: HandshakeAllThreads (Deoptimize)
Event: 44.489 Executing non-safepoint VM operation: HandshakeAllThreads (Deoptimize) done
Event: 44.492 Executing non-safepoint VM operation: HandshakeAllThreads (Deoptimize)
Event: 44.492 Executing non-safepoint VM operation: HandshakeAllThreads (Deoptimize) done

Memory protections (0 events):
No events

Nmethod flushes (20 events):
Event: 19.565 Thread 0x000002306186e5f0 flushing  nmethod 0x000002304cfbc588
Event: 19.565 Thread 0x000002306186e5f0 flushing  nmethod 0x000002304cff6008
Event: 19.565 Thread 0x000002306186e5f0 flushing  nmethod 0x000002304d06c608
Event: 19.565 Thread 0x000002306186e5f0 flushing  nmethod 0x000002304d06f888
Event: 19.565 Thread 0x000002306186e5f0 flushing  nmethod 0x000002304d070208
Event: 19.565 Thread 0x000002306186e5f0 flushing  nmethod 0x000002304d0ba788
Event: 19.565 Thread 0x000002306186e5f0 flushing  nmethod 0x000002304d0c9f88
Event: 19.565 Thread 0x000002306186e5f0 flushing  nmethod 0x000002304d0cbc88
Event: 19.565 Thread 0x000002306186e5f0 flushing  nmethod 0x000002304d184908
Event: 19.565 Thread 0x000002306186e5f0 flushing  nmethod 0x000002304d185b88
Event: 19.565 Thread 0x000002306186e5f0 flushing  nmethod 0x000002304d2a1808
Event: 19.565 Thread 0x000002306186e5f0 flushing  nmethod 0x000002304d385e08
Event: 19.565 Thread 0x000002306186e5f0 flushing  nmethod 0x000002304d386408
Event: 19.565 Thread 0x000002306186e5f0 flushing  nmethod 0x000002304d3dc208
Event: 19.565 Thread 0x000002306186e5f0 flushing  nmethod 0x000002304d430b88
Event: 19.565 Thread 0x000002306186e5f0 flushing  nmethod 0x000002304d432d08
Event: 19.565 Thread 0x000002306186e5f0 flushing  nmethod 0x000002304d4eb388
Event: 19.565 Thread 0x000002306186e5f0 flushing  nmethod 0x000002304d535188
Event: 19.565 Thread 0x000002306186e5f0 flushing  nmethod 0x000002304d65eb88
Event: 19.565 Thread 0x000002306186e5f0 flushing  nmethod 0x000002304d70f588

Events (20 events):
Event: 20.277 Thread 0x0000023067740e70 Thread added: 0x0000023066084460
Event: 20.277 Thread 0x0000023067740e70 Thread added: 0x0000023066084c30
Event: 20.277 Thread 0x0000023067740e70 Thread added: 0x0000023066081580
Event: 20.277 Thread 0x0000023067740e70 Thread added: 0x0000023066085400
Event: 20.277 Thread 0x0000023067740e70 Thread added: 0x00000230660834c0
Event: 20.277 Thread 0x0000023067740e70 Thread added: 0x0000023066085bd0
Event: 20.277 Thread 0x0000023067740e70 Thread added: 0x0000023066082cf0
Event: 20.277 Thread 0x0000023067740e70 Thread added: 0x00000230660882e0
Event: 20.298 Thread 0x0000023067740e70 Thread added: 0x0000023066bc5450
Event: 20.300 Thread 0x0000023067740e70 Thread added: 0x0000023066bc9aa0
Event: 20.326 Thread 0x000002306189fb60 Thread added: 0x00000230676bc830
Event: 20.362 Thread 0x0000023067740e70 Thread exited: 0x0000023067740e70
Event: 20.368 Thread 0x000002306744ce30 Thread exited: 0x000002306744ce30
Event: 20.368 Thread 0x0000023042c73c80 Thread exited: 0x0000023042c73c80
Event: 20.368 Thread 0x0000023066bc6bc0 Thread added: 0x0000023066bc6bc0
Event: 20.914 Thread 0x00000230676bc830 Thread exited: 0x00000230676bc830
Event: 36.000 Thread 0x0000023067449780 Thread added: 0x0000023066bcaa40
Event: 44.044 Thread 0x0000023066083c90 Thread added: 0x0000023066bcb9e0
Event: 50.258 Thread 0x00000230680c1480 Thread added: 0x0000023067740e70
Event: 50.259 Thread 0x00000230680c0cb0 Thread added: 0x0000023067741640


Dynamic libraries:
0x00007ff62df50000 - 0x00007ff62df5e000 	C:\Users\rushi\.jdks\openjdk-25.0.1\bin\java.exe
0x00007ff80ab40000 - 0x00007ff80ada7000 	C:\WINDOWS\SYSTEM32\ntdll.dll
0x00007ff8092b0000 - 0x00007ff809379000 	C:\WINDOWS\System32\KERNEL32.DLL
0x00007ff8079c0000 - 0x00007ff807db4000 	C:\WINDOWS\System32\KERNELBASE.dll
0x00007ff8076c0000 - 0x00007ff80780b000 	C:\WINDOWS\System32\ucrtbase.dll
0x00007fffeac90000 - 0x00007fffeaca7000 	C:\Users\rushi\.jdks\openjdk-25.0.1\bin\jli.dll
0x00007fffe4570000 - 0x00007fffe458e000 	C:\Users\rushi\.jdks\openjdk-25.0.1\bin\VCRUNTIME140.dll
0x00007ff808fc0000 - 0x00007ff809185000 	C:\WINDOWS\System32\USER32.dll
0x00007ff807990000 - 0x00007ff8079b7000 	C:\WINDOWS\System32\win32u.dll
0x00007fffe3f20000 - 0x00007fffe41b3000 	C:\WINDOWS\WinSxS\amd64_microsoft.windows.common-controls_6595b64144ccf1df_6.0.26100.8115_none_3e075c82e3354f9c\COMCTL32.dll
0x00007ff80aa20000 - 0x00007ff80aa4b000 	C:\WINDOWS\System32\GDI32.dll
0x00007ff809e40000 - 0x00007ff809ee9000 	C:\WINDOWS\System32\msvcrt.dll
0x00007ff807dc0000 - 0x00007ff807eea000 	C:\WINDOWS\System32\gdi32full.dll
0x00007ff807580000 - 0x00007ff807623000 	C:\WINDOWS\System32\msvcp_win.dll
0x00007ff80a550000 - 0x00007ff80a582000 	C:\WINDOWS\System32\IMM32.DLL
0x00007ff802410000 - 0x00007ff80241c000 	C:\Users\rushi\.jdks\openjdk-25.0.1\bin\vcruntime140_1.dll
0x00007fffd2ce0000 - 0x00007fffd2d6d000 	C:\Users\rushi\.jdks\openjdk-25.0.1\bin\msvcp140.dll
0x00007fff65840000 - 0x00007fff6669f000 	C:\Users\rushi\.jdks\openjdk-25.0.1\bin\server\jvm.dll
0x00007ff809ba0000 - 0x00007ff809c56000 	C:\WINDOWS\System32\ADVAPI32.dll
0x00007ff809380000 - 0x00007ff809427000 	C:\WINDOWS\System32\sechost.dll
0x00007ff80a840000 - 0x00007ff80a958000 	C:\WINDOWS\System32\RPCRT4.dll
0x00007ff808f20000 - 0x00007ff808fa0000 	C:\WINDOWS\System32\WS2_32.dll
0x00007ff807270000 - 0x00007ff8072ce000 	C:\WINDOWS\SYSTEM32\POWRPROF.dll
0x00007ffffba90000 - 0x00007ffffbac6000 	C:\WINDOWS\SYSTEM32\WINMM.dll
0x00007ffff4af0000 - 0x00007ffff4afb000 	C:\WINDOWS\SYSTEM32\VERSION.dll
0x00007ff807250000 - 0x00007ff807264000 	C:\WINDOWS\SYSTEM32\UMPDC.dll
0x00007ff8061a0000 - 0x00007ff8061bb000 	C:\WINDOWS\SYSTEM32\kernel.appcore.dll
0x00007fffead70000 - 0x00007fffead7a000 	C:\Users\rushi\.jdks\openjdk-25.0.1\bin\jimage.dll
0x00007ff8052f0000 - 0x00007ff805532000 	C:\WINDOWS\SYSTEM32\DBGHELP.DLL
0x00007ff809fd0000 - 0x00007ff80a352000 	C:\WINDOWS\System32\combase.dll
0x00007ff809c60000 - 0x00007ff809d37000 	C:\WINDOWS\System32\OLEAUT32.dll
0x00007fffe1810000 - 0x00007fffe184b000 	C:\WINDOWS\SYSTEM32\dbgcore.DLL
0x00007ff8074d0000 - 0x00007ff807575000 	C:\WINDOWS\System32\bcryptPrimitives.dll
0x00007fffead10000 - 0x00007fffead20000 	C:\Users\rushi\.jdks\openjdk-25.0.1\bin\instrument.dll
0x00007fffe44f0000 - 0x00007fffe450f000 	C:\Users\rushi\.jdks\openjdk-25.0.1\bin\java.dll
0x00007ff80a620000 - 0x00007ff80a7b7000 	C:\WINDOWS\System32\ole32.dll
0x00007ff809430000 - 0x00007ff809b96000 	C:\WINDOWS\System32\SHELL32.dll
0x00007ff807ef0000 - 0x00007ff80805a000 	C:\WINDOWS\System32\wintypes.dll
0x00007ff808060000 - 0x00007ff8088c5000 	C:\WINDOWS\System32\windows.storage.dll
0x00007ff8091b0000 - 0x00007ff8092a7000 	C:\WINDOWS\System32\SHCORE.dll
0x00007ff809f50000 - 0x00007ff809fb6000 	C:\WINDOWS\System32\shlwapi.dll
0x00007ff807330000 - 0x00007ff807359000 	C:\WINDOWS\SYSTEM32\profapi.dll
0x00007fffdfd40000 - 0x00007fffdfd57000 	C:\Users\rushi\.jdks\openjdk-25.0.1\bin\zip.dll
0x00007fffe44a0000 - 0x00007fffe44b2000 	C:\Users\rushi\.jdks\openjdk-25.0.1\bin\net.dll
0x00007ff806710000 - 0x00007ff80677c000 	C:\WINDOWS\system32\mswsock.dll
0x00007fffe32e0000 - 0x00007fffe32f6000 	C:\Users\rushi\.jdks\openjdk-25.0.1\bin\nio.dll
0x00007ff805bf0000 - 0x00007ff805d22000 	C:\WINDOWS\SYSTEM32\DNSAPI.dll
0x00007ff805b40000 - 0x00007ff805b72000 	C:\WINDOWS\SYSTEM32\IPHLPAPI.DLL
0x00007ff809fc0000 - 0x00007ff809fca000 	C:\WINDOWS\System32\NSI.dll
0x00007fffea2c0000 - 0x00007fffea2c9000 	C:\Users\rushi\.jdks\openjdk-25.0.1\bin\extnet.dll
0x00007ff8006c0000 - 0x00007ff8006cb000 	C:\Windows\System32\rasadhlp.dll
0x00007ff801eb0000 - 0x00007ff801f36000 	C:\WINDOWS\System32\fwpuclnt.dll
0x00007fffea250000 - 0x00007fffea25a000 	C:\Users\rushi\.jdks\openjdk-25.0.1\bin\management.dll
0x00007fffe4620000 - 0x00007fffe462c000 	C:\Users\rushi\.jdks\openjdk-25.0.1\bin\management_ext.dll
0x00007ff808fb0000 - 0x00007ff808fb8000 	C:\WINDOWS\System32\PSAPI.DLL
0x00007ff8069f0000 - 0x00007ff806a0b000 	C:\WINDOWS\SYSTEM32\CRYPTSP.dll
0x00007ff806100000 - 0x00007ff806139000 	C:\WINDOWS\system32\rsaenh.dll
0x00007ff8067c0000 - 0x00007ff8067f3000 	C:\WINDOWS\SYSTEM32\USERENV.dll
0x00007ff807300000 - 0x00007ff80732a000 	C:\WINDOWS\SYSTEM32\bcrypt.dll
0x00007ff806a10000 - 0x00007ff806a1c000 	C:\WINDOWS\SYSTEM32\CRYPTBASE.dll
0x00007fffd9100000 - 0x00007fffd9118000 	C:\WINDOWS\system32\napinsp.dll
0x00007fffd90e0000 - 0x00007fffd90f3000 	C:\WINDOWS\System32\winrnr.dll
0x00007fffd90b0000 - 0x00007fffd90d2000 	C:\WINDOWS\system32\nlansp_c.dll
0x00007fffd9090000 - 0x00007fffd90a6000 	C:\WINDOWS\system32\wshbth.dll
0x00007fffde330000 - 0x00007fffde386000 	C:\WINDOWS\SYSTEM32\pdh.dll
0x00007fffeac10000 - 0x00007fffeac1e000 	C:\Users\rushi\.jdks\openjdk-25.0.1\bin\sunmscapi.dll
0x00007ff807810000 - 0x00007ff807987000 	C:\WINDOWS\System32\CRYPT32.dll
0x00007ff806c10000 - 0x00007ff806c40000 	C:\WINDOWS\SYSTEM32\ncrypt.dll
0x00007ff806bc0000 - 0x00007ff806bff000 	C:\WINDOWS\SYSTEM32\NTASN1.dll
0x00007ff8044b0000 - 0x00007ff8044c2000 	C:\WINDOWS\System32\perfproc.dll
0x00007fffd8c90000 - 0x00007fffd8ca1000 	C:\WINDOWS\System32\perfos.dll
0x00007ff8057e0000 - 0x00007ff8057f2000 	C:\WINDOWS\SYSTEM32\pfclient.dll
0x00007fffe45e0000 - 0x00007fffe45f0000 	C:\Users\rushi\.jdks\openjdk-25.0.1\bin\verify.dll
0x00007fffd9900000 - 0x00007fffd9908000 	C:\WINDOWS\system32\wshunix.dll

JVMTI agents:
D:\clg project\IntelliJ IDEA\IntelliJ IDEA Community Edition 2025.2\lib\idea_rt.jar path:C:\Users\rushi\.jdks\openjdk-25.0.1\bin\instrument.dll, loaded, initialized, instrumentlib options:63469

dbghelp: loaded successfully - version: 4.0.5 - missing functions: none
symbol engine: initialized successfully - sym options: 0x614 - pdb path: .;C:\Users\rushi\.jdks\openjdk-25.0.1\bin;C:\WINDOWS\SYSTEM32;C:\WINDOWS\WinSxS\amd64_microsoft.windows.common-controls_6595b64144ccf1df_6.0.26100.8115_none_3e075c82e3354f9c;C:\Users\rushi\.jdks\openjdk-25.0.1\bin\server

VM Arguments:
jvm_args: -javaagent:D:\clg project\IntelliJ IDEA\IntelliJ IDEA Community Edition 2025.2\lib\idea_rt.jar=63469 -Dfile.encoding=UTF-8 -Dsun.stdout.encoding=UTF-8 -Dsun.stderr.encoding=UTF-8 
java_command: startup.backend.StartupTicketingServiceApplication
java_class_path (initial): D:\StartAhb\CRM_Project\Backup\ticketing_service\StartUP_CRM_Ticketing_Service\target\classes;C:\Users\rushi\.m2\repository\org\springframework\boot\spring-boot-starter-mail\3.5.10\spring-boot-starter-mail-3.5.10.jar;C:\Users\rushi\.m2\repository\org\springframework\boot\spring-boot-starter\3.5.10\spring-boot-starter-3.5.10.jar;C:\Users\rushi\.m2\repository\org\springframework\boot\spring-boot-starter-logging\3.5.10\spring-boot-starter-logging-3.5.10.jar;C:\Users\rushi\.m2\repository\ch\qos\logback\logback-classic\1.5.25\logback-classic-1.5.25.jar;C:\Users\rushi\.m2\repository\ch\qos\logback\logback-core\1.5.25\logback-core-1.5.25.jar;C:\Users\rushi\.m2\repository\org\apache\logging\log4j\log4j-to-slf4j\2.24.3\log4j-to-slf4j-2.24.3.jar;C:\Users\rushi\.m2\repository\org\apache\logging\log4j\log4j-api\2.24.3\log4j-api-2.24.3.jar;C:\Users\rushi\.m2\repository\org\slf4j\jul-to-slf4j\2.0.17\jul-to-slf4j-2.0.17.jar;C:\Users\rushi\.m2\repository\jakarta\annotation\jakarta.annotation-api\2.1.1\jakarta.annotation-api-2.1.1.jar;C:\Users\rushi\.m2\repository\org\yaml\snakeyaml\2.4\snakeyaml-2.4.jar;C:\Users\rushi\.m2\repository\org\springframework\spring-context-support\6.2.15\spring-context-support-6.2.15.jar;C:\Users\rushi\.m2\repository\org\springframework\spring-beans\6.2.15\spring-beans-6.2.15.jar;C:\Users\rushi\.m2\repository\org\springframework\spring-context\6.2.15\spring-context-6.2.15.jar;C:\Users\rushi\.m2\repository\org\eclipse\angus\jakarta.mail\2.0.5\jakarta.mail-2.0.5.jar;C:\Users\rushi\.m2\repository\jakarta\activation\jakarta.activation-api\2.1.4\jakarta.activation-api-2.1.4.jar;C:\Users\rushi\.m2\repository\org\eclipse\angus\angus-activation\2.0.3\angus-activation-2.0.3.jar;C:\Users\rushi\.m2\repository\org\springframework\boot\spring-boot-starter-actuator\3.5.10\spring-boot-starter-actuator-3.5.10.jar;C:\Users\rushi\.m2\repository\org\springframework\boot\spring-boot-actuator-autoconfigure\3.5.10\spring-boot-actuator-autoconfigure-3.5.10.jar;C:\Users\rushi\.m2\repository\org\springframework\boot\spring-boot-actuator\3.5.10\spring-boot-actuator-3.5.10.jar;C:\Users\rushi\.m2\repository\com\fasterxml\jackson\datatype\jackson-datatype-jsr310\2.19.4\jackson-datatype-jsr310-2.19.4.jar;C:\Users\rushi\.m2\repository\io\micrometer\micrometer-observation\1.15.8\micrometer-observation-1.15.8.jar;C:\Users\rushi\.m2\repository\io\micrometer\micrometer-commons\1.15.8\micrometer-commons-1.15.8.jar;C:\Users\rushi\.m2\repository\io\micrometer\micrometer-jakarta9\1.15.8\micrometer-jakarta9-1.15.8.jar;C:\Users\rushi\.m2\repository\io\micrometer\micrometer-core\1.15.8\micrometer-core-1.15.8.jar;C:\Users\rushi\.m2\repository\org\hdrhistogram\HdrHistogram\2.2.2\HdrHistogram-2.2.2.jar;C:\Users\rushi\.m2\repository\org\latencyutils\LatencyUtils\2.0.3\LatencyUtils-2.0.3.jar;C:\Users\rushi\.m2\repository\org\springframework\boot\spring-boot-starter-data-jpa\3.5.10\spring-boot-starter-data-jpa-3.5.10.jar;C:\Users\rushi\.m2\repository\org\springframework\boot\spring-boot-starter-jdbc\3.5.10\spring-boot-starter-jdbc-3.5.10.jar;C:\Users\rushi\.m2\repository\com\zaxxer\HikariCP\6.3.3\HikariCP-6.3.3.jar;C:\Users\rushi\.m2\repository\org\springframework\spring-jdbc\6.2.15\spring-jdbc-6.2.15.jar;C:\Users\rushi\.m2\repository\org\hibernate\orm\hibernate-core\6.6.41.Final\hibernate-core-6.6.41.Final.jar;C:\Users\rushi\.m2\repository\jakarta\persistence\jakarta.persistence-api\3.1.0\jakarta.persistence-api-3.1.0.jar;C:\Users\rushi\.m2\repository\jakarta\transaction\jakarta.transaction-api\2.0.1\jakarta.transaction-api-2.0.1.jar;C:\Users\rushi\.m2\repository\org\jboss\logging\jboss-logging\3.6.1.Final\jboss-logging-3.6.1.Final.jar;C:\Users\rushi\.m2\repository\org\hibernate\common\hibernate-commons-annotations\7.0.3.Final\hibernate-commons-annotations-7.0.3.Final.jar;C:\Users\rushi\.m2\repository\io\smallrye\jandex\3.2.0\jandex-3.2.0.jar;C:\Users\rushi\.m2\repository\com\fasterxml\classmate\1.7.3\classmate-1.7.3.jar;C:\Users\rushi\.m2\repository\net\bytebuddy\byte-buddy\1.17.8\byte-buddy-1.17.8.jar;C:\Users\rushi\.m2\repository\org\glassfish\jaxb\jaxb-runtime\4.0.6\jaxb-runtime-4.0.6.jar;C:\Users\rushi\.m2\repository\org\glassfish\jaxb\jaxb-core\4.0.6\jaxb-core-4.0.6.jar;C:\Users\rushi\.m2\repository\org\glassfish\jaxb\txw2\4.0.6\txw2-4.0.6.jar;C:\Users\rushi\.m2\repository\com\sun\istack\istack-commons-runtime\4.1.2\istack-commons-runtime-4.1.2.jar;C:\Users\rushi\.m2\repository\jakarta\inject\jakarta.inject-api\2.0.1\jakarta.inject-api-2.0.1.jar;C:\Users\rushi\.m2\repository\org\antlr\antlr4-runtime\4.13.0\antlr4-runtime-4.13.0.jar;C:\Users\rushi\.m2\repository\org\springframework\data\spring-data-jpa\3.5.8\spring-data-jpa-3.5.8.jar;C:\Users\rushi\.m2\repository\org\springframework\data\spring-data-commons\3.5.8\spring-data-commons-3.5.8.jar;C:\Users\rushi\.m2\repository\org\springframework\spring-orm\6.2.15\spring-orm-6.2.15.jar;C:\Users\rushi\.m2\repository\org\springframework\spring-tx\6.2.15\spring-tx-6.2.15.jar;C:\Users\rushi\.m2\repository\org\slf4j\slf4j-api\2.0.17\slf4j-api-2.0.17.jar;C:\Users\rushi\.m2\repository\org\springframework\spring-aspects\6.2.15\spring-aspects-6.2.15.jar;C:\Users\rushi\.m2\repository\org\aspectj\aspectjweaver\1.9.25.1\aspectjweaver-1.9.25.1.jar;C:\Users\rushi\.m2\repository\org\springframework\boot\spring-boot-starter-security\3.5.10\spring-boot-starter-security-3.5.10.jar;C:\Users\rushi\.m2\repository\org\springframework\spring-aop\6.2.15\spring-aop-6.2.15.jar;C:\Users\rushi\.m2\repository\org\springframework\security\spring-security-config\6.5.7\spring-security-config-6.5.7.jar;C:\Users\rushi\.m2\repository\org\springframework\security\spring-security-web\6.5.7\spring-security-web-6.5.7.jar;C:\Users\rushi\.m2\repository\org\springframework\spring-expression\6.2.15\spring-expression-6.2.15.jar;C:\Users\rushi\.m2\repository\io\jsonwebtoken\jjwt-api\0.11.5\jjwt-api-0.11.5.jar;C:\Users\rushi\.m2\repository\io\jsonwebtoken\jjwt-impl\0.11.5\jjwt-impl-0.11.5.jar;C:\Users\rushi\.m2\repository\io\jsonwebtoken\jjwt-jackson\0.11.5\jjwt-jackson-0.11.5.jar;C:\Users\rushi\.m2\repository\com\fasterxml\jackson\core\jackson-databind\2.19.4\jackson-databind-2.19.4.jar;C:\Users\rushi\.m2\repository\com\fasterxml\jackson\core\jackson-annotations\2.19.4\jackson-annotations-2.19.4.jar;C:\Users\rushi\.m2\repository\com\fasterxml\jackson\core\jackson-core\2.19.4\jackson-core-2.19.4.jar;C:\Users\rushi\.m2\repository\javax\annotation\javax.annotation-api\1.3.2\javax.annotation-api-1.3.2.jar;C:\Users\rushi\.m2\repository\org\springframework\boot\spring-boot-starter-validation\3.5.10\spring-boot-starter-validation-3.5.10.jar;C:\Users\rushi\.m2\repository\org\apache\tomcat\embed\tomcat-embed-el\10.1.50\tomcat-embed-el-10.1.50.jar;C:\Users\rushi\.m2\repository\org\hibernate\validator\hibernate-validator\8.0.3.Final\hibernate-validator-8.0.3.Final.jar;C:\Users\rushi\.m2\repository\jakarta\validation\jakarta.validation-api\3.0.2\jakarta.validation-api-3.0.2.jar;C:\Users\rushi\.m2\repository\org\springframework\boot\spring-boot-starter-web\3.5.10\spring-boot-starter-web-3.5.10.jar;C:\Users\rushi\.m2\repository\org\springframework\boot\spring-boot-starter-json\3.5.10\spring-boot-starter-json-3.5.10.jar;C:\Users\rushi\.m2\repository\com\fasterxml\jackson\datatype\jackson-datatype-jdk8\2.19.4\jackson-datatype-jdk8-2.19.4.jar;C:\Users\rushi\.m2\repository\com\fasterxml\jackson\module\jackson-module-parameter-names\2.19.4\jackson-module-parameter-names-2.19.4.jar;C:\Users\rushi\.m2\repository\org\springframework\boot\spring-boot-starter-tomcat\3.5.10\spring-boot-starter-tomcat-3.5.10.jar;C:\Users\rushi\.m2\repository\org\apache\tomcat\embed\tomcat-embed-core\10.1.50\tomcat-embed-core-10.1.50.jar;C:\Users\rushi\.m2\repository\org\apache\tomcat\embed\tomcat-embed-websocket\10.1.50\tomcat-embed-websocket-10.1.50.jar;C:\Users\rushi\.m2\repository\org\springframework\spring-web\6.2.15\spring-web-6.2.15.jar;C:\Users\rushi\.m2\repository\org\springframework\spring-webmvc\6.2.15\spring-webmvc-6.2.15.jar;C:\Users\rushi\.m2\repository\org\springframework\cloud\spring-cloud-starter-netflix-eureka-client\4.3.1\spring-cloud-starter-netflix-eureka-client-4.3.1.jar;C:\Users\rushi\.m2\repository\org\springframework\cloud\spring-cloud-starter\4.3.1\spring-cloud-starter-4.3.1.jar;C:\Users\rushi\.m2\repository\org\springframework\cloud\spring-cloud-context\4.3.1\spring-cloud-context-4.3.1.jar;C:\Users\rushi\.m2\repository\org\bouncycastle\bcprov-jdk18on\1.80\bcprov-jdk18on-1.80.jar;C:\Users\rushi\.m2\repository\org\springframework\cloud\spring-cloud-netflix-eureka-client\4.3.1\spring-cloud-netflix-eureka-client-4.3.1.jar;C:\Users\rushi\.m2\repository\org\apache\httpcomponents\client5\httpclient5\5.5.2\httpclient5-5.5.2.jar;C:\Users\rushi\.m2\repository\org\apache\httpcomponents\core5\httpcore5\5.3.6\httpcore5-5.3.6.jar;C:\Users\rushi\.m2\repository\org\apache\httpcomponents\core5\httpcore5-h2\5.3.6\httpcore5-h2-5.3.6.jar;C:\Users\rushi\.m2\repository\com\netflix\eureka\eureka-client\2.0.5\eureka-client-2.0.5.jar;C:\Users\rushi\.m2\repository\com\thoughtworks\xstream\xstream\1.4.21\xstream-1.4.21.jar;C:\Users\rushi\.m2\repository\io\github\x-stream\mxparser\1.2.2\mxparser-1.2.2.jar;C:\Users\rushi\.m2\repository\xmlpull\xmlpull\1.1.3.1\xmlpull-1.1.3.1.jar;C:\Users\rushi\.m2\repository\jakarta\ws\rs\jakarta.ws.rs-api\3.1.0\jakarta.ws.rs-api-3.1.0.jar;C:\Users\rushi\.m2\repository\com\netflix\spectator\spectator-api\1.7.3\spectator-api-1.7.3.jar;C:\Users\rushi\.m2\repository\org\apache\httpcomponents\httpclient\4.5.3\httpclient-4.5.3.jar;C:\Users\rushi\.m2\repository\org\apache\httpcomponents\httpcore\4.4.16\httpcore-4.4.16.jar;C:\Users\rushi\.m2\repository\commons-codec\commons-codec\1.18.0\commons-codec-1.18.0.jar;C:\Users\rushi\.m2\repository\commons-configuration\commons-configuration\1.10\commons-configuration-1.10.jar;C:\Users\rushi\.m2\repository\commons-lang\commons-lang\2.6\commons-lang-2.6.jar;C:\Users\rushi\.m2\repository\com\netflix\netflix-commons\netflix-eventbus\0.3.0\netflix-eventbus-0.3.0.jar;C:\Users\rushi\.m2\repository\com\netflix\netflix-commons\netflix-infix\0.3.0\netflix-infix-0.3.0.jar;C:\Users\rushi\.m2\repository\commons-jxpath\commons-jxpath\1.3\commons-jxpath-1.3.jar;C:\Users\rushi\.m2\repository\joda-time\joda-time\2.3\joda-time-2.3.jar;C:\Users\rushi\.m2\repository\org\antlr\antlr-runtime\3.4\antlr-runtime-3.4.jar;C:\Users\rushi\.m2\repository\org\antlr\stringtemplate\3.2.1\stringtemplate-3.2.1.jar;C:\Users\rushi\.m2\repository\antlr\antlr\2.7.7\antlr-2.7.7.jar;C:\Users\rushi\.m2\repository\com\google\code\gson\gson\2.13.2\gson-2.13.2.jar;C:\Users\rushi\.m2\repository\com\google\errorprone\error_prone_annotations\2.41.0\error_prone_annotations-2.41.0.jar;C:\Users\rushi\.m2\repository\com\netflix\servo\servo-core\0.5.3\servo-core-0.5.3.jar;C:\Users\rushi\.m2\repository\org\apache\commons\commons-math\2.2\commons-math-2.2.jar;C:\Users\rushi\.m2\repository\org\codehaus\jettison\jettison\1.5.4\jettison-1.5.4.jar;C:\Users\rushi\.m2\repository\org\springframework\cloud\spring-cloud-starter-loadbalancer\4.3.1\spring-cloud-starter-loadbalancer-4.3.1.jar;C:\Users\rushi\.m2\repository\org\springframework\cloud\spring-cloud-loadbalancer\4.3.1\spring-cloud-loadbalancer-4.3.1.jar;C:\Users\rushi\.m2\repository\io\projectreactor\reactor-core\3.7.15\reactor-core-3.7.15.jar;C:\Users\rushi\.m2\repository\org\reactivestreams\reactive-streams\1.0.4\reactive-streams-1.0.4.jar;C:\Users\rushi\.m2\repository\io\projectreactor\addons\reactor-extra\3.5.4\reactor-extra-3.5.4.jar;C:\Users\rushi\.m2\repository\org\springframework\boot\spring-boot-starter-cache\3.5.10\spring-boot-starter-cache-3.5.10.jar;C:\Users\rushi\.m2\repository\com\stoyanr\evictor\1.0.0\evictor-1.0.0.jar;C:\Users\rushi\.m2\repository\org\springframework\cloud\spring-cloud-starter-openfeign\4.3.1\spring-cloud-starter-openfeign-4.3.1.jar;C:\Users\rushi\.m2\repository\org\springframework\cloud\spring-cloud-openfeign-core\4.3.1\spring-cloud-openfeign-core-4.3.1.jar;C:\Users\rushi\.m2\repository\io\github\openfeign\feign-form-spring\13.6\feign-form-spring-13.6.jar;C:\Users\rushi\.m2\repository\org\apache\commons\commons-text\1.13.0\commons-text-1.13.0.jar;C:\Users\rushi\.m2\repository\org\apache\commons\commons-lang3\3.17.0\commons-lang3-3.17.0.jar;C:\Users\rushi\.m2\repository\io\github\openfeign\feign-form\13.6\feign-form-13.6.jar;C:\Users\rushi\.m2\repository\commons-fileupload\commons-fileupload\1.5\commons-fileupload-1.5.jar;C:\Users\rushi\.m2\repository\org\springframework\cloud\spring-cloud-commons\4.3.1\spring-cloud-commons-4.3.1.jar;C:\Users\rushi\.m2\repository\org\springframework\security\spring-security-crypto\6.5.7\spring-security-crypto-6.5.7.jar;C:\Users\rushi\.m2\repository\io\github\openfeign\feign-core\13.6\feign-core-13.6.jar;C:\Users\rushi\.m2\repository\io\github\openfeign\feign-slf4j\13.6\feign-slf4j-13.6.jar;C:\Users\rushi\.m2\repository\org\springframework\boot\spring-boot-devtools\3.5.10\spring-boot-devtools-3.5.10.jar;C:\Users\rushi\.m2\repository\org\springframework\boot\spring-boot\3.5.10\spring-boot-3.5.10.jar;C:\Users\rushi\.m2\repository\org\springframework\boot\spring-boot-autoconfigure\3.5.10\spring-boot-autoconfigure-3.5.10.jar;C:\Users\rushi\.m2\repository\com\mysql\mysql-connector-j\9.5.0\mysql-connector-j-9.5.0.jar;C:\Users\rushi\.m2\repository\org\projectlombok\lombok\1.18.42\lombok-1.18.42.jar;C:\Users\rushi\.m2\repository\jakarta\xml\bind\jakarta.xml.bind-api\4.0.4\jakarta.xml.bind-api-4.0.4.jar;C:\Users\rushi\.m2\repository\org\springframework\spring-core\6.2.15\spring-core-6.2.15.jar;C:\Users\rushi\.m2\repository\org\springframework\spring-jcl\6.2.15\spring-jcl-6.2.15.jar;C:\Users\rushi\.m2\repository\org\springframework\security\spring-security-core\6.5.7\spring-security-core-6.5.7.jar
Launcher Type: SUN_STANDARD

[Global flags]
     intx CICompilerCount                          = 4                                         {product} {ergonomic}
     uint ConcGCThreads                            = 3                                         {product} {ergonomic}
     uint G1ConcRefinementThreads                  = 10                                        {product} {ergonomic}
   size_t G1HeapRegionSize                         = 1048576                                   {product} {ergonomic}
   size_t InitialHeapSize                          = 130023424                                 {product} {ergonomic}
   size_t MarkStackSize                            = 4194304                                   {product} {ergonomic}
   size_t MarkStackSizeMax                         = 536870912                                 {product} {ergonomic}
   size_t MaxHeapSize                              = 2061500416                                {product} {ergonomic}
   size_t MaxNewSize                               = 1236271104                                {product} {ergonomic}
   size_t MinHeapDeltaBytes                        = 1048576                                   {product} {ergonomic}
   size_t MinHeapSize                              = 8388608                                   {product} {ergonomic}
    uintx NonNMethodCodeHeapSize                   = 5832704                                {pd product} {ergonomic}
    uintx NonProfiledCodeHeapSize                  = 122945536                              {pd product} {ergonomic}
    uintx ProfiledCodeHeapSize                     = 122880000                              {pd product} {ergonomic}
    uintx ReservedCodeCacheSize                    = 251658240                              {pd product} {ergonomic}
     bool SegmentedCodeCache                       = true                                      {product} {ergonomic}
   size_t SoftMaxHeapSize                          = 2061500416                             {manageable} {ergonomic}
     bool UseCompressedOops                        = true                           {product lp64_product} {ergonomic}
     bool UseG1GC                                  = true                                      {product} {ergonomic}
     bool UseLargePagesIndividualAllocation        = false                                  {pd product} {ergonomic}

Logging:
Log output configuration:
 #0: stdout all=warning uptime,level,tags foldmultilines=false
 #1: stderr all=off uptime,level,tags foldmultilines=false

Release file:
IMPLEMENTOR="Oracle Corporation" 
JAVA_RUNTIME_VERSION="25.0.1+8-27" 
JAVA_VERSION="25.0.1" 
JAVA_VERSION_DATE="2025-10-21" 
LIBC="default" 
MODULES="java.base java.compiler java.datatransfer java.xml java.prefs java.desktop java.instrument java.logging java.management java.security.sasl java.naming java.rmi java.management.rmi java.net.http java.scripting java.security.jgss java.transaction.xa java.sql java.sql.rowset java.xml.crypto java.se java.smartcardio jdk.accessibility jdk.internal.jvmstat jdk.attach jdk.charsets jdk.internal.opt jdk.zipfs jdk.compiler jdk.crypto.cryptoki jdk.crypto.ec jdk.crypto.mscapi jdk.dynalink jdk.internal.ed jdk.editpad jdk.internal.vm.ci jdk.graal.compiler jdk.graal.compiler.management jdk.hotspot.agent jdk.httpserver jdk.incubator.vector jdk.internal.le jdk.internal.md jdk.jartool jdk.javadoc jdk.jcmd jdk.management jdk.management.agent jdk.jconsole jdk.jdeps jdk.jdwp.agent jdk.jdi jdk.jfr jdk.jlink jdk.jpackage jdk.jshell jdk.jsobject jdk.jstatd jdk.localedata jdk.management.jfr jdk.naming.dns jdk.naming.rmi jdk.net jdk.nio.mapmode jdk.sctp jdk.security.auth jdk.security.jgss jdk.unsupported jdk.unsupported.desktop jdk.xml.dom" 
OS_ARCH="x86_64" 
OS_NAME="Windows" 
SOURCE=".:git:78770bfaefd2" 

Environment Variables:
JAVA_HOME=C:\Program Files\Java\jdk-21.0.7
PATH=D:\Oracle\db_home\bin;C:\WINDOWS\system32;C:\WINDOWS;C:\WINDOWS\System32\Wbem;C:\WINDOWS\System32\WindowsPowerShell\v1.0\;C:\WINDOWS\System32\OpenSSH\;C:\ProgramData\chocolatey\bin;C:\Program Files\MySQL\MySQL Server 8.0\bin;C:\Program Files\MongoDB\Server\7.0\bin;C:\sqlite3;D:\Git\cmd;D:\Git\mingw64\bin;D:\Git\usr\bin;D:\MEAN_Stack_Development\NodeJS\NodeJS_Installation\;C:\Users\rushi\AppData\Roaming\npm;C:\Program Files\Java\jdk-21.0.7\bin;D:\Advanced Java Eclipse\apache-maven-3.9.10\bin;;C:\Program Files\Docker\Docker\resources\bin;C:\Users\rushi\AppData\Local\Programs\Python\Python311\Scripts\;C:\Users\rushi\AppData\Local\Programs\Python\Python311\;C:\Program Files\MySQL\MySQL Shell 8.0\bin\;C:\Users\rushi\AppData\Local\Microsoft\WindowsApps;C:\Users\rushi\AppData\Local\Programs\Microsoft VS Code\bin;C:\MinGW\bin;C:\Program Files\Azure Data Studio\bin;C:\Users\rushi\AppData\Roaming\npm;
USERNAME=rushi
OS=Windows_NT
PROCESSOR_IDENTIFIER=Intel64 Family 6 Model 154 Stepping 4, GenuineIntel
TMP=C:\Users\rushi\AppData\Local\Temp
TEMP=C:\Users\rushi\AppData\Local\Temp




Compilation memory statistics disabled.

Periodic native trim disabled

---------------  S Y S T E M  ---------------

OS:
 Windows 11 , 64 bit Build 26100 (10.0.26100.8115)
OS uptime: 2 days 6:28 hours
Hyper-V role detected

CPU: total 12 (initial active 12) (6 cores per cpu, 2 threads per core) family 6 model 154 stepping 4 microcode 0x42c, cx8, cmov, fxsr, ht, mmx, 3dnowpref, sse, sse2, sse3, ssse3, sse4.1, sse4.2, popcnt, lzcnt, tsc, tscinvbit, avx, avx2, aes, erms, clmul, bmi1, bmi2, adx, sha, fma, vzeroupper, clflush, clflushopt, clwb, hv, serialize, rdtscp, rdpid, fsrm, gfni, f16c, cet_ibt, cet_ss
Processor Information for processor 0
  Max Mhz: 1300, Current Mhz: 1300, Mhz Limit: 1300
Processor Information for processor 1
  Max Mhz: 1300, Current Mhz: 1300, Mhz Limit: 1300
Processor Information for processor 2
  Max Mhz: 1300, Current Mhz: 1300, Mhz Limit: 1300
Processor Information for processor 3
  Max Mhz: 1300, Current Mhz: 1300, Mhz Limit: 1300
Processor Information for processor 4
  Max Mhz: 1300, Current Mhz: 900, Mhz Limit: 897
Processor Information for processor 5
  Max Mhz: 1300, Current Mhz: 900, Mhz Limit: 897
Processor Information for processor 6
  Max Mhz: 1300, Current Mhz: 900, Mhz Limit: 897
Processor Information for processor 7
  Max Mhz: 1300, Current Mhz: 900, Mhz Limit: 897
Processor Information for processor 8
  Max Mhz: 1300, Current Mhz: 900, Mhz Limit: 897
Processor Information for processor 9
  Max Mhz: 1300, Current Mhz: 900, Mhz Limit: 897
Processor Information for processor 10
  Max Mhz: 1300, Current Mhz: 900, Mhz Limit: 897
Processor Information for processor 11
  Max Mhz: 1300, Current Mhz: 900, Mhz Limit: 897

Memory: 4k page, system-wide physical 7863M (370M free)
TotalPageFile size 31189M (AvailPageFile size 25M)
current process WorkingSet (physical memory assigned to process): 114M, peak: 352M
current process commit charge ("private bytes"): 367M, peak: 403M

vm_info: OpenJDK 64-Bit Server VM (25.0.1+8-27) for windows-amd64 JRE (25.0.1+8-27), built on 2025-09-25T16:41:16Z with unknown MS VC++:1943

END.
